Archive member included to satisfy reference by file (symbol)

/home/garnet/gcc-arm-none-eabi-9-2019-q4-major/bin/../lib/gcc/arm-none-eabi/9.2.1/../../../../arm-none-eabi/lib/thumb/v7e-m+fp/hard/libc_nano.a(lib_a-exit.o)
                              /home/garnet/gcc-arm-none-eabi-9-2019-q4-major/bin/../lib/gcc/arm-none-eabi/9.2.1/../../../../arm-none-eabi/lib/thumb/v7e-m+fp/hard/crt0.o (exit)
/home/garnet/gcc-arm-none-eabi-9-2019-q4-major/bin/../lib/gcc/arm-none-eabi/9.2.1/../../../../arm-none-eabi/lib/thumb/v7e-m+fp/hard/libc_nano.a(lib_a-impure.o)
                              /home/garnet/gcc-arm-none-eabi-9-2019-q4-major/bin/../lib/gcc/arm-none-eabi/9.2.1/../../../../arm-none-eabi/lib/thumb/v7e-m+fp/hard/libc_nano.a(lib_a-exit.o) (_global_impure_ptr)
/home/garnet/gcc-arm-none-eabi-9-2019-q4-major/bin/../lib/gcc/arm-none-eabi/9.2.1/../../../../arm-none-eabi/lib/thumb/v7e-m+fp/hard/libc_nano.a(lib_a-init.o)
                              /home/garnet/gcc-arm-none-eabi-9-2019-q4-major/bin/../lib/gcc/arm-none-eabi/9.2.1/../../../../arm-none-eabi/lib/thumb/v7e-m+fp/hard/crt0.o (__libc_init_array)
/home/garnet/gcc-arm-none-eabi-9-2019-q4-major/bin/../lib/gcc/arm-none-eabi/9.2.1/../../../../arm-none-eabi/lib/thumb/v7e-m+fp/hard/libc_nano.a(lib_a-memset.o)
                              /home/garnet/gcc-arm-none-eabi-9-2019-q4-major/bin/../lib/gcc/arm-none-eabi/9.2.1/../../../../arm-none-eabi/lib/thumb/v7e-m+fp/hard/crt0.o (memset)
/home/garnet/gcc-arm-none-eabi-9-2019-q4-major/bin/../lib/gcc/arm-none-eabi/9.2.1/../../../../arm-none-eabi/lib/thumb/v7e-m+fp/hard/libc_nano.a(lib_a-strlen.o)
                              build/main.o (strlen)
/home/garnet/gcc-arm-none-eabi-9-2019-q4-major/bin/../lib/gcc/arm-none-eabi/9.2.1/../../../../arm-none-eabi/lib/thumb/v7e-m+fp/hard/libnosys.a(_exit.o)
                              /home/garnet/gcc-arm-none-eabi-9-2019-q4-major/bin/../lib/gcc/arm-none-eabi/9.2.1/../../../../arm-none-eabi/lib/thumb/v7e-m+fp/hard/libc_nano.a(lib_a-exit.o) (_exit)

Allocating common symbols
Common symbol       size              file

hopamp2             0x34              build/main.o
uwTick              0x4               build/stm32f3xx_hal.o
pFlash              0x20              build/stm32f3xx_hal_flash.o
hadc1               0x50              build/main.o
hdac                0x14              build/main.o
huart2              0x80              build/main.o

Discarded input sections

 .text          0x0000000000000000        0x0 /home/garnet/gcc-arm-none-eabi-9-2019-q4-major/bin/../lib/gcc/arm-none-eabi/9.2.1/thumb/v7e-m+fp/hard/crti.o
 .data          0x0000000000000000        0x0 /home/garnet/gcc-arm-none-eabi-9-2019-q4-major/bin/../lib/gcc/arm-none-eabi/9.2.1/thumb/v7e-m+fp/hard/crti.o
 .bss           0x0000000000000000        0x0 /home/garnet/gcc-arm-none-eabi-9-2019-q4-major/bin/../lib/gcc/arm-none-eabi/9.2.1/thumb/v7e-m+fp/hard/crti.o
 .data          0x0000000000000000        0x4 /home/garnet/gcc-arm-none-eabi-9-2019-q4-major/bin/../lib/gcc/arm-none-eabi/9.2.1/thumb/v7e-m+fp/hard/crtbegin.o
 .text          0x0000000000000000       0x74 /home/garnet/gcc-arm-none-eabi-9-2019-q4-major/bin/../lib/gcc/arm-none-eabi/9.2.1/../../../../arm-none-eabi/lib/thumb/v7e-m+fp/hard/crt0.o
 .data          0x0000000000000000        0x0 /home/garnet/gcc-arm-none-eabi-9-2019-q4-major/bin/../lib/gcc/arm-none-eabi/9.2.1/../../../../arm-none-eabi/lib/thumb/v7e-m+fp/hard/crt0.o
 .bss           0x0000000000000000        0x0 /home/garnet/gcc-arm-none-eabi-9-2019-q4-major/bin/../lib/gcc/arm-none-eabi/9.2.1/../../../../arm-none-eabi/lib/thumb/v7e-m+fp/hard/crt0.o
 .ARM.extab     0x0000000000000000        0x0 /home/garnet/gcc-arm-none-eabi-9-2019-q4-major/bin/../lib/gcc/arm-none-eabi/9.2.1/../../../../arm-none-eabi/lib/thumb/v7e-m+fp/hard/crt0.o
 .ARM.exidx     0x0000000000000000        0x8 /home/garnet/gcc-arm-none-eabi-9-2019-q4-major/bin/../lib/gcc/arm-none-eabi/9.2.1/../../../../arm-none-eabi/lib/thumb/v7e-m+fp/hard/crt0.o
 .ARM.attributes
                0x0000000000000000       0x1c /home/garnet/gcc-arm-none-eabi-9-2019-q4-major/bin/../lib/gcc/arm-none-eabi/9.2.1/../../../../arm-none-eabi/lib/thumb/v7e-m+fp/hard/crt0.o
 .text          0x0000000000000000        0x0 build/main.o
 .data          0x0000000000000000        0x0 build/main.o
 .bss           0x0000000000000000        0x0 build/main.o
 .text.Error_Handler
                0x0000000000000000        0x2 build/main.o
 .text          0x0000000000000000        0x0 build/stm32f3xx_it.o
 .data          0x0000000000000000        0x0 build/stm32f3xx_it.o
 .bss           0x0000000000000000        0x0 build/stm32f3xx_it.o
 .text          0x0000000000000000        0x0 build/stm32f3xx_hal_msp.o
 .data          0x0000000000000000        0x0 build/stm32f3xx_hal_msp.o
 .bss           0x0000000000000000        0x0 build/stm32f3xx_hal_msp.o
 .text.HAL_ADC_MspDeInit
                0x0000000000000000       0x38 build/stm32f3xx_hal_msp.o
 .text.HAL_DAC_MspDeInit
[...]
Memory Configuration

Name             Origin             Length             Attributes
RAM              0x0000000020000000 0x0000000000004000 xrw
FLASH            0x0000000008000000 0x0000000000010000 xr
*default*        0x0000000000000000 0xffffffffffffffff

Linker script and memory map

LOAD /home/garnet/gcc-arm-none-eabi-9-2019-q4-major/bin/../lib/gcc/arm-none-eabi/9.2.1/thumb/v7e-m+fp/hard/crti.o
LOAD /home/garnet/gcc-arm-none-eabi-9-2019-q4-major/bin/../lib/gcc/arm-none-eabi/9.2.1/thumb/v7e-m+fp/hard/crtbegin.o
LOAD /home/garnet/gcc-arm-none-eabi-9-2019-q4-major/bin/../lib/gcc/arm-none-eabi/9.2.1/../../../../arm-none-eabi/lib/thumb/v7e-m+fp/hard/crt0.o
LOAD build/main.o
LOAD build/stm32f3xx_it.o
LOAD build/stm32f3xx_hal_msp.o
LOAD build/stm32f3xx_hal_adc.o
LOAD build/stm32f3xx_hal_adc_ex.o
LOAD build/stm32f3xx_hal.o
LOAD build/stm32f3xx_hal_rcc.o
LOAD build/stm32f3xx_hal_rcc_ex.o
LOAD build/stm32f3xx_hal_gpio.o
LOAD build/stm32f3xx_hal_dma.o
LOAD build/stm32f3xx_hal_cortex.o
LOAD build/stm32f3xx_hal_pwr.o
LOAD build/stm32f3xx_hal_pwr_ex.o
LOAD build/stm32f3xx_hal_flash.o
LOAD build/stm32f3xx_hal_flash_ex.o
LOAD build/stm32f3xx_hal_i2c.o
LOAD build/stm32f3xx_hal_i2c_ex.o
LOAD build/stm32f3xx_hal_exti.o
LOAD build/stm32f3xx_hal_tim.o
LOAD build/stm32f3xx_hal_tim_ex.o
LOAD build/stm32f3xx_hal_uart.o
LOAD build/stm32f3xx_hal_uart_ex.o
LOAD build/system_stm32f3xx.o
LOAD build/stm32f3xx_hal_dac.o
LOAD build/stm32f3xx_hal_dac_ex.o
LOAD build/stm32f3xx_hal_opamp.o
LOAD build/stm32f3xx_hal_opamp_ex.o
LOAD build/startup_stm32f302x8.o
LOAD /home/garnet/gcc-arm-none-eabi-9-2019-q4-major/bin/../lib/gcc/arm-none-eabi/9.2.1/../../../../arm-none-eabi/lib/thumb/v7e-m+fp/hard/libc_nano.a
LOAD /home/garnet/gcc-arm-none-eabi-9-2019-q4-major/bin/../lib/gcc/arm-none-eabi/9.2.1/../../../../arm-none-eabi/lib/thumb/v7e-m+fp/hard/libm.a
LOAD /home/garnet/gcc-arm-none-eabi-9-2019-q4-major/bin/../lib/gcc/arm-none-eabi/9.2.1/../../../../arm-none-eabi/lib/thumb/v7e-m+fp/hard/libnosys.a
START GROUP
LOAD /home/garnet/gcc-arm-none-eabi-9-2019-q4-major/bin/../lib/gcc/arm-none-eabi/9.2.1/thumb/v7e-m+fp/hard/libgcc.a
LOAD /home/garnet/gcc-arm-none-eabi-9-2019-q4-major/bin/../lib/gcc/arm-none-eabi/9.2.1/../../../../arm-none-eabi/lib/thumb/v7e-m+fp/hard/libc_nano.a
END GROUP
START GROUP
LOAD /home/garnet/gcc-arm-none-eabi-9-2019-q4-major/bin/../lib/gcc/arm-none-eabi/9.2.1/thumb/v7e-m+fp/hard/libgcc.a
LOAD /home/garnet/gcc-arm-none-eabi-9-2019-q4-major/bin/../lib/gcc/arm-none-eabi/9.2.1/../../../../arm-none-eabi/lib/thumb/v7e-m+fp/hard/libc_nano.a
END GROUP
LOAD /home/garnet/gcc-arm-none-eabi-9-2019-q4-major/bin/../lib/gcc/arm-none-eabi/9.2.1/thumb/v7e-m+fp/hard/crtend.o
LOAD /home/garnet/gcc-arm-none-eabi-9-2019-q4-major/bin/../lib/gcc/arm-none-eabi/9.2.1/thumb/v7e-m+fp/hard/crtn.o
                0x0000000020004000                _estack = 0x20004000
                0x0000000000000200                _Min_Heap_Size = 0x200
                0x0000000000000400                _Min_Stack_Size = 0x400

.isr_vector     0x0000000008000000      0x188
                0x0000000008000000                . = ALIGN (0x4)
 *(.isr_vector)
 .isr_vector    0x0000000008000000      0x188 build/startup_stm32f302x8.o
                0x0000000008000000                g_pfnVectors
                0x0000000008000188                . = ALIGN (0x4)

.text           0x0000000008000188     0x2348
                0x0000000008000188                . = ALIGN (0x4)
 *(.text)
 .text          0x0000000008000188       0x40 /home/garnet/gcc-arm-none-eabi-9-2019-q4-major/bin/../lib/gcc/arm-none-eabi/9.2.1/thumb/v7e-m+fp/hard/crtbegin.o
 .text          0x00000000080001c8       0x10 /home/garnet/gcc-arm-none-eabi-9-2019-q4-major/bin/../lib/gcc/arm-none-eabi/9.2.1/../../../../arm-none-eabi/lib/thumb/v7e-m+fp/hard/libc_nano.a(lib_a-strlen.o)
                0x00000000080001c8                strlen
 *(.text*)
 .text.MX_GPIO_Init
                0x00000000080001d8       0x88 build/main.o
 .text.MX_ADC1_Init
                0x0000000008000260       0x60 build/main.o
 .text.MX_USART2_UART_Init
                0x00000000080002c0       0x30 build/main.o
 .text.MX_DAC_Init
                0x00000000080002f0       0x34 build/main.o
 .text.MX_OPAMP2_Init
                0x0000000008000324       0x30 build/main.o
 .text.debugPrintln
                0x0000000008000354       0x32 build/main.o
                0x0000000008000354                debugPrintln
 .text.SystemClock_Config
                0x0000000008000386       0x62 build/main.o
                0x0000000008000386                SystemClock_Config
 .text.main     0x00000000080003e8       0x80 build/main.o
                0x00000000080003e8                main
 .text.NMI_Handler
                0x0000000008000468        0x2 build/stm32f3xx_it.o
                0x0000000008000468                NMI_Handler
 .text.HardFault_Handler
                0x000000000800046a        0x2 build/stm32f3xx_it.o
                0x000000000800046a                HardFault_Handler
 .text.MemManage_Handler
                0x000000000800046c        0x2 build/stm32f3xx_it.o
                0x000000000800046c                MemManage_Handler
 .text.BusFault_Handler
                0x000000000800046e        0x2 build/stm32f3xx_it.o
                0x000000000800046e                BusFault_Handler
 .text.UsageFault_Handler
                0x0000000008000470        0x2 build/stm32f3xx_it.o
                0x0000000008000470                UsageFault_Handler
 .text.SVC_Handler
                0x0000000008000472        0x2 build/stm32f3xx_it.o
                0x0000000008000472                SVC_Handler
 .text.DebugMon_Handler
                0x0000000008000474        0x2 build/stm32f3xx_it.o
                0x0000000008000474                DebugMon_Handler
 .text.PendSV_Handler
                0x0000000008000476        0x2 build/stm32f3xx_it.o
                0x0000000008000476                PendSV_Handler
 .text.SysTick_Handler
                0x0000000008000478        0x8 build/stm32f3xx_it.o
                0x0000000008000478                SysTick_Handler
 .text.ADC1_IRQHandler
                0x0000000008000480       0x10 build/stm32f3xx_it.o
                0x0000000008000480                ADC1_IRQHandler
 .text.HAL_ADC_ConvCpltCallback
                0x0000000008000490        0x2 build/stm32f3xx_it.o
                0x0000000008000490                HAL_ADC_ConvCpltCallback
 *fill*         0x0000000008000492        0x2 
 .text.HAL_MspInit
                0x0000000008000494       0x30 build/stm32f3xx_hal_msp.o
                0x0000000008000494                HAL_MspInit
 .text.HAL_ADC_MspInit
                0x00000000080004c4       0x98 build/stm32f3xx_hal_msp.o
                0x00000000080004c4                HAL_ADC_MspInit
 .text.HAL_DAC_MspInit
                0x000000000800055c       0x64 build/stm32f3xx_hal_msp.o
                0x000000000800055c                HAL_DAC_MspInit
 .text.HAL_OPAMP_MspInit
                0x00000000080005c0       0x54 build/stm32f3xx_hal_msp.o
                0x00000000080005c0                HAL_OPAMP_MspInit
 .text.HAL_UART_MspInit
                0x0000000008000614       0x6c build/stm32f3xx_hal_msp.o
                0x0000000008000614                HAL_UART_MspInit
 .text.HAL_ADC_LevelOutOfWindowCallback
                0x0000000008000680        0x2 build/stm32f3xx_hal_adc.o
                0x0000000008000680                HAL_ADC_LevelOutOfWindowCallback
 .text.HAL_ADC_ErrorCallback
                0x0000000008000682        0x2 build/stm32f3xx_hal_adc.o
                0x0000000008000682                HAL_ADC_ErrorCallback
 .text.ADC_Disable
                0x0000000008000684       0x7e build/stm32f3xx_hal_adc_ex.o
 *fill*         0x0000000008000702        0x2 
 .text.ADC_Enable
                0x0000000008000704       0x78 build/stm32f3xx_hal_adc_ex.o
 .text.HAL_ADC_Init
                0x000000000800077c      0x1e0 build/stm32f3xx_hal_adc_ex.o
                0x000000000800077c                HAL_ADC_Init
 .text.HAL_ADC_Start
                0x000000000800095c       0x8c build/stm32f3xx_hal_adc_ex.o
                0x000000000800095c                HAL_ADC_Start
 .text.HAL_ADCEx_InjectedConvCpltCallback
                0x00000000080009e8        0x2 build/stm32f3xx_hal_adc_ex.o
                0x00000000080009e8                HAL_ADCEx_InjectedConvCpltCallback
 .text.HAL_ADCEx_InjectedQueueOverflowCallback
                0x00000000080009ea        0x2 build/stm32f3xx_hal_adc_ex.o
                0x00000000080009ea                HAL_ADCEx_InjectedQueueOverflowCallback
 .text.HAL_ADCEx_LevelOutOfWindow2Callback
                0x00000000080009ec        0x2 build/stm32f3xx_hal_adc_ex.o
                0x00000000080009ec                HAL_ADCEx_LevelOutOfWindow2Callback
 .text.HAL_ADCEx_LevelOutOfWindow3Callback
                0x00000000080009ee        0x2 build/stm32f3xx_hal_adc_ex.o
                0x00000000080009ee                HAL_ADCEx_LevelOutOfWindow3Callback
 .text.HAL_ADC_IRQHandler
                0x00000000080009f0      0x238 build/stm32f3xx_hal_adc_ex.o
                0x00000000080009f0                HAL_ADC_IRQHandler
 .text.HAL_ADC_ConfigChannel
                0x0000000008000c28      0x33c build/stm32f3xx_hal_adc_ex.o
                0x0000000008000c28                HAL_ADC_ConfigChannel
 .text.HAL_InitTick
                0x0000000008000f64       0x4c build/stm32f3xx_hal.o
                0x0000000008000f64                HAL_InitTick
 .text.HAL_Init
                0x0000000008000fb0       0x24 build/stm32f3xx_hal.o
                0x0000000008000fb0                HAL_Init
 .text.HAL_IncTick
                0x0000000008000fd4       0x18 build/stm32f3xx_hal.o
                0x0000000008000fd4                HAL_IncTick
 .text.HAL_GetTick
                0x0000000008000fec        0xc build/stm32f3xx_hal.o
                0x0000000008000fec                HAL_GetTick
 .text.HAL_RCC_OscConfig
                0x0000000008000ff8      0x634 build/stm32f3xx_hal_rcc.o
                0x0000000008000ff8                HAL_RCC_OscConfig
 .text.HAL_RCC_GetSysClockFreq
                0x000000000800162c       0x70 build/stm32f3xx_hal_rcc.o
                0x000000000800162c                HAL_RCC_GetSysClockFreq
 .text.HAL_RCC_ClockConfig
                0x000000000800169c      0x1a8 build/stm32f3xx_hal_rcc.o
                0x000000000800169c                HAL_RCC_ClockConfig
 .text.HAL_RCC_GetHCLKFreq
                0x0000000008001844        0xc build/stm32f3xx_hal_rcc.o
                0x0000000008001844                HAL_RCC_GetHCLKFreq
 .text.HAL_RCC_GetPCLK1Freq
                0x0000000008001850       0x2c build/stm32f3xx_hal_rcc.o
                0x0000000008001850                HAL_RCC_GetPCLK1Freq
 .text.HAL_RCC_GetPCLK2Freq
                0x000000000800187c       0x2c build/stm32f3xx_hal_rcc.o
                0x000000000800187c                HAL_RCC_GetPCLK2Freq
 .text.HAL_RCCEx_PeriphCLKConfig
                0x00000000080018a8      0x234 build/stm32f3xx_hal_rcc_ex.o
                0x00000000080018a8                HAL_RCCEx_PeriphCLKConfig
 .text.HAL_GPIO_Init
                0x0000000008001adc      0x188 build/stm32f3xx_hal_gpio.o
                0x0000000008001adc                HAL_GPIO_Init
 .text.HAL_GPIO_ReadPin
                0x0000000008001c64        0xe build/stm32f3xx_hal_gpio.o
                0x0000000008001c64                HAL_GPIO_ReadPin
 .text.HAL_GPIO_WritePin
                0x0000000008001c72        0xa build/stm32f3xx_hal_gpio.o
                0x0000000008001c72                HAL_GPIO_WritePin
 .text.HAL_NVIC_SetPriorityGrouping
                0x0000000008001c7c       0x24 build/stm32f3xx_hal_cortex.o
                0x0000000008001c7c                HAL_NVIC_SetPriorityGrouping
 .text.HAL_NVIC_SetPriority
                0x0000000008001ca0       0x68 build/stm32f3xx_hal_cortex.o
                0x0000000008001ca0                HAL_NVIC_SetPriority
 .text.HAL_NVIC_EnableIRQ
                0x0000000008001d08       0x1c build/stm32f3xx_hal_cortex.o
                0x0000000008001d08                HAL_NVIC_EnableIRQ
 .text.HAL_SYSTICK_Config
                0x0000000008001d24       0x2c build/stm32f3xx_hal_cortex.o
                0x0000000008001d24                HAL_SYSTICK_Config
 .text.UART_SetConfig
                0x0000000008001d50      0x1d8 build/stm32f3xx_hal_uart.o
                0x0000000008001d50                UART_SetConfig
 .text.UART_AdvFeatureConfig
                0x0000000008001f28       0xca build/stm32f3xx_hal_uart.o
                0x0000000008001f28                UART_AdvFeatureConfig
 .text.UART_WaitOnFlagUntilTimeout
                0x0000000008001ff2       0xa2 build/stm32f3xx_hal_uart.o
                0x0000000008001ff2                UART_WaitOnFlagUntilTimeout
 .text.HAL_UART_Transmit
                0x0000000008002094       0xd6 build/stm32f3xx_hal_uart.o
                0x0000000008002094                HAL_UART_Transmit
 .text.UART_CheckIdleState
                0x000000000800216a       0x6c build/stm32f3xx_hal_uart.o
                0x000000000800216a                UART_CheckIdleState
 .text.HAL_UART_Init
                0x00000000080021d6       0x62 build/stm32f3xx_hal_uart.o
                0x00000000080021d6                HAL_UART_Init
 .text.SystemInit
                0x0000000008002238       0x1c build/system_stm32f3xx.o
                0x0000000008002238                SystemInit
 .text.HAL_DAC_Init
                0x0000000008002254       0x24 build/stm32f3xx_hal_dac.o
                0x0000000008002254                HAL_DAC_Init
 .text.HAL_DAC_SetValue
                0x0000000008002278       0x24 build/stm32f3xx_hal_dac_ex.o
                0x0000000008002278                HAL_DAC_SetValue
 .text.HAL_DAC_Start
                0x000000000800229c       0x44 build/stm32f3xx_hal_dac_ex.o
                0x000000000800229c                HAL_DAC_Start
 .text.HAL_DAC_ConfigChannel
                0x00000000080022e0       0x4a build/stm32f3xx_hal_dac_ex.o
                0x00000000080022e0                HAL_DAC_ConfigChannel
 *fill*         0x000000000800232a        0x2 
 .text.HAL_OPAMP_Init
                0x000000000800232c       0xe0 build/stm32f3xx_hal_opamp.o
                0x000000000800232c                HAL_OPAMP_Init
 .text.Reset_Handler
                0x000000000800240c       0x50 build/startup_stm32f302x8.o
                0x000000000800240c                Reset_Handler
 .text.Default_Handler
                0x000000000800245c        0x2 build/startup_stm32f302x8.o
                0x000000000800245c                RTC_Alarm_IRQHandler
                0x000000000800245c                TIM1_CC_IRQHandler
                0x000000000800245c                USB_HP_IRQHandler
                0x000000000800245c                PVD_IRQHandler
                0x000000000800245c                TAMP_STAMP_IRQHandler
                0x000000000800245c                EXTI3_IRQHandler
                0x000000000800245c                I2C3_ER_IRQHandler
                0x000000000800245c                USB_HP_CAN_TX_IRQHandler
                0x000000000800245c                EXTI0_IRQHandler
                0x000000000800245c                I2C2_EV_IRQHandler
                0x000000000800245c                FPU_IRQHandler
                0x000000000800245c                TIM1_UP_TIM16_IRQHandler
                0x000000000800245c                CAN_SCE_IRQHandler
                0x000000000800245c                TIM6_DAC_IRQHandler
                0x000000000800245c                DMA1_Channel4_IRQHandler
                0x000000000800245c                USART3_IRQHandler
                0x000000000800245c                DMA1_Channel7_IRQHandler
                0x000000000800245c                CAN_RX1_IRQHandler
                0x000000000800245c                I2C1_EV_IRQHandler
                0x000000000800245c                DMA1_Channel6_IRQHandler
                0x000000000800245c                RCC_IRQHandler
                0x000000000800245c                DMA1_Channel1_IRQHandler
                0x000000000800245c                Default_Handler
                0x000000000800245c                USBWakeUp_RMP_IRQHandler
                0x000000000800245c                EXTI15_10_IRQHandler
                0x000000000800245c                COMP2_IRQHandler
                0x000000000800245c                I2C3_EV_IRQHandler
                0x000000000800245c                EXTI9_5_IRQHandler
                0x000000000800245c                RTC_WKUP_IRQHandler
                0x000000000800245c                SPI2_IRQHandler
                0x000000000800245c                USB_LP_CAN_RX0_IRQHandler
                0x000000000800245c                DMA1_Channel5_IRQHandler
                0x000000000800245c                USB_LP_IRQHandler
                0x000000000800245c                EXTI4_IRQHandler
                0x000000000800245c                TIM1_TRG_COM_TIM17_IRQHandler
                0x000000000800245c                DMA1_Channel3_IRQHandler
                0x000000000800245c                WWDG_IRQHandler
                0x000000000800245c                TIM2_IRQHandler
                0x000000000800245c                EXTI1_IRQHandler
                0x000000000800245c                COMP4_6_IRQHandler
                0x000000000800245c                USART2_IRQHandler
                0x000000000800245c                I2C2_ER_IRQHandler
                0x000000000800245c                DMA1_Channel2_IRQHandler
                0x000000000800245c                FLASH_IRQHandler
                0x000000000800245c                USART1_IRQHandler
                0x000000000800245c                SPI3_IRQHandler
                0x000000000800245c                I2C1_ER_IRQHandler
                0x000000000800245c                USBWakeUp_IRQHandler
                0x000000000800245c                EXTI2_TSC_IRQHandler
                0x000000000800245c                TIM1_BRK_TIM15_IRQHandler
 *fill*         0x000000000800245e        0x2 
 .text.__libc_init_array
                0x0000000008002460       0x48 /home/garnet/gcc-arm-none-eabi-9-2019-q4-major/bin/../lib/gcc/arm-none-eabi/9.2.1/../../../../arm-none-eabi/lib/thumb/v7e-m+fp/hard/libc_nano.a(lib_a-init.o)
                0x0000000008002460                __libc_init_array
 .text.memset   0x00000000080024a8       0x10 /home/garnet/gcc-arm-none-eabi-9-2019-q4-major/bin/../lib/gcc/arm-none-eabi/9.2.1/../../../../arm-none-eabi/lib/thumb/v7e-m+fp/hard/libc_nano.a(lib_a-memset.o)
                0x00000000080024a8                memset
 *(.glue_7)
 .glue_7        0x00000000080024b8        0x0 linker stubs
 *(.glue_7t)
 .glue_7t       0x00000000080024b8        0x0 linker stubs
 *(.eh_frame)
 .eh_frame      0x00000000080024b8        0x0 /home/garnet/gcc-arm-none-eabi-9-2019-q4-major/bin/../lib/gcc/arm-none-eabi/9.2.1/thumb/v7e-m+fp/hard/crtbegin.o
 *(.init)
 .init          0x00000000080024b8        0x4 /home/garnet/gcc-arm-none-eabi-9-2019-q4-major/bin/../lib/gcc/arm-none-eabi/9.2.1/thumb/v7e-m+fp/hard/crti.o
                0x00000000080024b8                _init
 .init          0x00000000080024bc        0x8 /home/garnet/gcc-arm-none-eabi-9-2019-q4-major/bin/../lib/gcc/arm-none-eabi/9.2.1/thumb/v7e-m+fp/hard/crtn.o
 *(.fini)
 .fini          0x00000000080024c4        0x4 /home/garnet/gcc-arm-none-eabi-9-2019-q4-major/bin/../lib/gcc/arm-none-eabi/9.2.1/thumb/v7e-m+fp/hard/crti.o
                0x00000000080024c4                _fini
 .fini          0x00000000080024c8        0x8 /home/garnet/gcc-arm-none-eabi-9-2019-q4-major/bin/../lib/gcc/arm-none-eabi/9.2.1/thumb/v7e-m+fp/hard/crtn.o
                0x00000000080024d0                . = ALIGN (0x4)
                0x00000000080024d0                _etext = .

.vfp11_veneer   0x00000000080024d0        0x0
 .vfp11_veneer  0x00000000080024d0        0x0 linker stubs

.v4_bx          0x00000000080024d0        0x0
 .v4_bx         0x00000000080024d0        0x0 linker stubs

.iplt           0x00000000080024d0        0x0
 .iplt          0x00000000080024d0        0x0 /home/garnet/gcc-arm-none-eabi-9-2019-q4-major/bin/../lib/gcc/arm-none-eabi/9.2.1/thumb/v7e-m+fp/hard/crtbegin.o

.rodata         0x00000000080024d0       0x50
                0x00000000080024d0                . = ALIGN (0x4)
 *(.rodata)
 *(.rodata*)
 .rodata.main.str1.4
                0x00000000080024d0       0x16 build/main.o
 *fill*         0x00000000080024e6        0x2 
 .rodata.aPLLMULFactorTable
                0x00000000080024e8       0x10 build/stm32f3xx_hal_rcc.o
                0x00000000080024e8                aPLLMULFactorTable
 .rodata.aPredivFactorTable
                0x00000000080024f8       0x10 build/stm32f3xx_hal_rcc.o
                0x00000000080024f8                aPredivFactorTable
 .rodata.AHBPrescTable
                0x0000000008002508       0x10 build/system_stm32f3xx.o
                0x0000000008002508                AHBPrescTable
 .rodata.APBPrescTable
                0x0000000008002518        0x8 build/system_stm32f3xx.o
                0x0000000008002518                APBPrescTable
                0x0000000008002520                . = ALIGN (0x4)

.rel.dyn        0x0000000008002520        0x0
 .rel.iplt      0x0000000008002520        0x0 /home/garnet/gcc-arm-none-eabi-9-2019-q4-major/bin/../lib/gcc/arm-none-eabi/9.2.1/thumb/v7e-m+fp/hard/crtbegin.o

.ARM.extab
 *(.ARM.extab* .gnu.linkonce.armextab.*)

.ARM            0x0000000008002520        0x0
                0x0000000008002520                __exidx_start = .
 *(.ARM.exidx*)
                0x0000000008002520                __exidx_end = .

.preinit_array  0x0000000008002520        0x0
                0x0000000008002520                PROVIDE (__preinit_array_start = .)
 *(.preinit_array*)
                0x0000000008002520                PROVIDE (__preinit_array_end = .)

.init_array     0x0000000008002520        0x4
                0x0000000008002520                PROVIDE (__init_array_start = .)
 *(SORT_BY_NAME(.init_array.*))
 *(.init_array*)
 .init_array    0x0000000008002520        0x4 /home/garnet/gcc-arm-none-eabi-9-2019-q4-major/bin/../lib/gcc/arm-none-eabi/9.2.1/thumb/v7e-m+fp/hard/crtbegin.o
                0x0000000008002524                PROVIDE (__init_array_end = .)

.fini_array     0x0000000008002524        0x4
                [!provide]                        PROVIDE (__fini_array_start = .)
 *(SORT_BY_NAME(.fini_array.*))
 *(.fini_array*)
 .fini_array    0x0000000008002524        0x4 /home/garnet/gcc-arm-none-eabi-9-2019-q4-major/bin/../lib/gcc/arm-none-eabi/9.2.1/thumb/v7e-m+fp/hard/crtbegin.o
                [!provide]                        PROVIDE (__fini_array_end = .)
                0x0000000008002528                _sidata = LOADADDR (.data)

.data           0x0000000020000000        0xc load address 0x0000000008002528
                0x0000000020000000                . = ALIGN (0x4)
                0x0000000020000000                _sdata = .
 *(.data)
 *(.data*)
 .data.uwTickFreq
                0x0000000020000000        0x1 build/stm32f3xx_hal.o
                0x0000000020000000                uwTickFreq
 *fill*         0x0000000020000001        0x3 
 .data.uwTickPrio
                0x0000000020000004        0x4 build/stm32f3xx_hal.o
                0x0000000020000004                uwTickPrio
 .data.SystemCoreClock
                0x0000000020000008        0x4 build/system_stm32f3xx.o
                0x0000000020000008                SystemCoreClock
                0x000000002000000c                . = ALIGN (0x4)
                0x000000002000000c                _edata = .

.igot.plt       0x000000002000000c        0x0 load address 0x0000000008002534
 .igot.plt      0x000000002000000c        0x0 /home/garnet/gcc-arm-none-eabi-9-2019-q4-major/bin/../lib/gcc/arm-none-eabi/9.2.1/thumb/v7e-m+fp/hard/crtbegin.o
                0x000000002000000c                . = ALIGN (0x4)

.bss            0x000000002000000c      0x138 load address 0x0000000008002534
                0x000000002000000c                _sbss = .
                0x000000002000000c                __bss_start__ = _sbss
 *(.bss)
 .bss           0x000000002000000c       0x1c /home/garnet/gcc-arm-none-eabi-9-2019-q4-major/bin/../lib/gcc/arm-none-eabi/9.2.1/thumb/v7e-m+fp/hard/crtbegin.o
 *(.bss*)
 *(COMMON)
 COMMON         0x0000000020000028      0x118 build/main.o
                0x0000000020000028                hopamp2
                0x000000002000005c                hadc1
                0x00000000200000ac                hdac
                0x00000000200000c0                huart2
 COMMON         0x0000000020000140        0x4 build/stm32f3xx_hal.o
                0x0000000020000140                uwTick
                0x0000000020000144                . = ALIGN (0x4)
                0x0000000020000144                _ebss = .
                0x0000000020000144                __bss_end__ = _ebss

._user_heap_stack
                0x0000000020000144      0x604 load address 0x0000000008002534
                0x0000000020000148                . = ALIGN (0x8)
 *fill*         0x0000000020000144        0x4 
                [!provide]                        PROVIDE (end = .)
                [!provide]                        PROVIDE (_end = .)
                0x0000000020000348                . = (. + _Min_Heap_Size)
 *fill*         0x0000000020000148      0x200 
                0x0000000020000748                . = (. + _Min_Stack_Size)
 *fill*         0x0000000020000348      0x400 
                0x0000000020000748                . = ALIGN (0x8)

/DISCARD/
 libc.a(*)
 libm.a(*)
 libgcc.a(*)

.ARM.attributes
                0x0000000000000000       0x30
 *(.ARM.attributes)
 .ARM.attributes
                0x0000000000000000       0x1e /home/garnet/gcc-arm-none-eabi-9-2019-q4-major/bin/../lib/gcc/arm-none-eabi/9.2.1/thumb/v7e-m+fp/hard/crti.o
 .ARM.attributes
                0x000000000000001e       0x34 /home/garnet/gcc-arm-none-eabi-9-2019-q4-major/bin/../lib/gcc/arm-none-eabi/9.2.1/thumb/v7e-m+fp/hard/crtbegin.o
 .ARM.attributes
                0x0000000000000052       0x34 build/main.o
 .ARM.attributes
                0x0000000000000086       0x34 build/stm32f3xx_it.o
 .ARM.attributes
                0x00000000000000ba       0x34 build/stm32f3xx_hal_msp.o
 .ARM.attributes
                0x00000000000000ee       0x34 build/stm32f3xx_hal_adc.o
 .ARM.attributes
                0x0000000000000122       0x34 build/stm32f3xx_hal_adc_ex.o
 .ARM.attributes
                0x0000000000000156       0x34 build/stm32f3xx_hal.o
 .ARM.attributes
                0x000000000000018a       0x34 build/stm32f3xx_hal_rcc.o
 .ARM.attributes
                0x00000000000001be       0x34 build/stm32f3xx_hal_rcc_ex.o
 .ARM.attributes
                0x00000000000001f2       0x34 build/stm32f3xx_hal_gpio.o
 .ARM.attributes
                0x0000000000000226       0x34 build/stm32f3xx_hal_cortex.o
 .ARM.attributes
                0x000000000000025a       0x34 build/stm32f3xx_hal_uart.o
 .ARM.attributes
                0x000000000000028e       0x34 build/system_stm32f3xx.o
 .ARM.attributes
                0x00000000000002c2       0x34 build/stm32f3xx_hal_dac.o
 .ARM.attributes
                0x00000000000002f6       0x34 build/stm32f3xx_hal_dac_ex.o
 .ARM.attributes
                0x000000000000032a       0x34 build/stm32f3xx_hal_opamp.o
 .ARM.attributes
                0x000000000000035e       0x21 build/startup_stm32f302x8.o
 .ARM.attributes
                0x000000000000037f       0x34 /home/garnet/gcc-arm-none-eabi-9-2019-q4-major/bin/../lib/gcc/arm-none-eabi/9.2.1/../../../../arm-none-eabi/lib/thumb/v7e-m+fp/hard/libc_nano.a(lib_a-init.o)
 .ARM.attributes
                0x00000000000003b3       0x34 /home/garnet/gcc-arm-none-eabi-9-2019-q4-major/bin/../lib/gcc/arm-none-eabi/9.2.1/../../../../arm-none-eabi/lib/thumb/v7e-m+fp/hard/libc_nano.a(lib_a-memset.o)
 .ARM.attributes
                0x00000000000003e7       0x17 /home/garnet/gcc-arm-none-eabi-9-2019-q4-major/bin/../lib/gcc/arm-none-eabi/9.2.1/../../../../arm-none-eabi/lib/thumb/v7e-m+fp/hard/libc_nano.a(lib_a-strlen.o)
 .ARM.attributes
                0x00000000000003fe       0x1e /home/garnet/gcc-arm-none-eabi-9-2019-q4-major/bin/../lib/gcc/arm-none-eabi/9.2.1/thumb/v7e-m+fp/hard/crtn.o
OUTPUT(build/f3hal.elf elf32-littlearm)

.debug_info     0x0000000000000000     0xf284
 .debug_info    0x0000000000000000     0x2426 build/main.o
 .debug_info    0x0000000000002426      0x972 build/stm32f3xx_it.o
 .debug_info    0x0000000000002d98     0x173d build/stm32f3xx_hal_msp.o
 .debug_info    0x00000000000044d5      0xdfe build/stm32f3xx_hal_adc.o
 .debug_info    0x00000000000052d3     0x1c09 build/stm32f3xx_hal_adc_ex.o
 .debug_info    0x0000000000006edc      0x961 build/stm32f3xx_hal.o
 .debug_info    0x000000000000783d     0x175a build/stm32f3xx_hal_rcc.o
 .debug_info    0x0000000000008f97      0x82c build/stm32f3xx_hal_rcc_ex.o
 .debug_info    0x00000000000097c3      0x82c build/stm32f3xx_hal_gpio.o
 .debug_info    0x0000000000009fef      0xf25 build/stm32f3xx_hal_cortex.o
 .debug_info    0x000000000000af14     0x2061 build/stm32f3xx_hal_uart.o
 .debug_info    0x000000000000cf75      0x509 build/system_stm32f3xx.o
 .debug_info    0x000000000000d47e      0xab3 build/stm32f3xx_hal_dac.o
 .debug_info    0x000000000000df31      0xaf7 build/stm32f3xx_hal_dac_ex.o
 .debug_info    0x000000000000ea28      0x83a build/stm32f3xx_hal_opamp.o
 .debug_info    0x000000000000f262       0x22 build/startup_stm32f302x8.o

.debug_abbrev   0x0000000000000000     0x24a6
 .debug_abbrev  0x0000000000000000      0x355 build/main.o
 .debug_abbrev  0x0000000000000355      0x1d5 build/stm32f3xx_it.o
 .debug_abbrev  0x000000000000052a      0x22a build/stm32f3xx_hal_msp.o
 .debug_abbrev  0x0000000000000754      0x1ba build/stm32f3xx_hal_adc.o
 .debug_abbrev  0x000000000000090e      0x333 build/stm32f3xx_hal_adc_ex.o
 .debug_abbrev  0x0000000000000c41      0x21c build/stm32f3xx_hal.o
 .debug_abbrev  0x0000000000000e5d      0x337 build/stm32f3xx_hal_rcc.o
 .debug_abbrev  0x0000000000001194      0x299 build/stm32f3xx_hal_rcc_ex.o
 .debug_abbrev  0x000000000000142d      0x24f build/stm32f3xx_hal_gpio.o
 .debug_abbrev  0x000000000000167c      0x37f build/stm32f3xx_hal_cortex.o
 .debug_abbrev  0x00000000000019fb      0x2ac build/stm32f3xx_hal_uart.o
 .debug_abbrev  0x0000000000001ca7      0x14a build/system_stm32f3xx.o
 .debug_abbrev  0x0000000000001df1      0x1f5 build/stm32f3xx_hal_dac.o
 .debug_abbrev  0x0000000000001fe6      0x277 build/stm32f3xx_hal_dac_ex.o
 .debug_abbrev  0x000000000000225d      0x237 build/stm32f3xx_hal_opamp.o
 .debug_abbrev  0x0000000000002494       0x12 build/startup_stm32f302x8.o

.debug_loc      0x0000000000000000     0x8376
 .debug_loc     0x0000000000000000      0x202 build/main.o
 .debug_loc     0x0000000000000202       0x40 build/stm32f3xx_it.o
 .debug_loc     0x0000000000000242      0x3cc build/stm32f3xx_hal_msp.o
 .debug_loc     0x000000000000060e      0x22b build/stm32f3xx_hal_adc.o
 .debug_loc     0x0000000000000839     0x2047 build/stm32f3xx_hal_adc_ex.o
 .debug_loc     0x0000000000002880      0x1e1 build/stm32f3xx_hal.o
 .debug_loc     0x0000000000002a61      0xf4c build/stm32f3xx_hal_rcc.o
 .debug_loc     0x00000000000039ad      0x8e0 build/stm32f3xx_hal_rcc_ex.o
 .debug_loc     0x000000000000428d      0x414 build/stm32f3xx_hal_gpio.o
 .debug_loc     0x00000000000046a1      0x7af build/stm32f3xx_hal_cortex.o
 .debug_loc     0x0000000000004e50     0x210a build/stm32f3xx_hal_uart.o
 .debug_loc     0x0000000000006f5a      0x123 build/system_stm32f3xx.o
 .debug_loc     0x000000000000707d      0x343 build/stm32f3xx_hal_dac.o
 .debug_loc     0x00000000000073c0      0x7d0 build/stm32f3xx_hal_dac_ex.o
 .debug_loc     0x0000000000007b90      0x7e6 build/stm32f3xx_hal_opamp.o

.debug_aranges  0x0000000000000000      0x9a8
 .debug_aranges
                0x0000000000000000       0x60 build/main.o
 .debug_aranges
                0x0000000000000060       0x70 build/stm32f3xx_it.o
 .debug_aranges
                0x00000000000000d0       0x60 build/stm32f3xx_hal_msp.o
 .debug_aranges
                0x0000000000000130       0xc8 build/stm32f3xx_hal_adc.o
 .debug_aranges
                0x00000000000001f8      0x140 build/stm32f3xx_hal_adc_ex.o
 .debug_aranges
                0x0000000000000338       0xe0 build/stm32f3xx_hal.o
 .debug_aranges
                0x0000000000000418       0x88 build/stm32f3xx_hal_rcc.o
 .debug_aranges
                0x00000000000004a0       0x38 build/stm32f3xx_hal_rcc_ex.o
 .debug_aranges
                0x00000000000004d8       0x58 build/stm32f3xx_hal_gpio.o
 .debug_aranges
                0x0000000000000530       0x90 build/stm32f3xx_hal_cortex.o
 .debug_aranges
                0x00000000000005c0      0x210 build/stm32f3xx_hal_uart.o
 .debug_aranges
                0x00000000000007d0       0x28 build/system_stm32f3xx.o
 .debug_aranges
                0x00000000000007f8       0xa8 build/stm32f3xx_hal_dac.o
 .debug_aranges
                0x00000000000008a0       0x78 build/stm32f3xx_hal_dac_ex.o
 .debug_aranges
                0x0000000000000918       0x68 build/stm32f3xx_hal_opamp.o
 .debug_aranges
                0x0000000000000980       0x28 build/startup_stm32f302x8.o

.debug_ranges   0x0000000000000000      0x948
 .debug_ranges  0x0000000000000000       0x50 build/main.o
 .debug_ranges  0x0000000000000050       0x60 build/stm32f3xx_it.o
 .debug_ranges  0x00000000000000b0       0x50 build/stm32f3xx_hal_msp.o
 .debug_ranges  0x0000000000000100       0xb8 build/stm32f3xx_hal_adc.o
 .debug_ranges  0x00000000000001b8      0x130 build/stm32f3xx_hal_adc_ex.o
 .debug_ranges  0x00000000000002e8       0xd0 build/stm32f3xx_hal.o
 .debug_ranges  0x00000000000003b8       0x98 build/stm32f3xx_hal_rcc.o
 .debug_ranges  0x0000000000000450       0x40 build/stm32f3xx_hal_rcc_ex.o
 .debug_ranges  0x0000000000000490       0x48 build/stm32f3xx_hal_gpio.o
 .debug_ranges  0x00000000000004d8       0xe0 build/stm32f3xx_hal_cortex.o
 .debug_ranges  0x00000000000005b8      0x200 build/stm32f3xx_hal_uart.o
 .debug_ranges  0x00000000000007b8       0x18 build/system_stm32f3xx.o
 .debug_ranges  0x00000000000007d0       0x98 build/stm32f3xx_hal_dac.o
 .debug_ranges  0x0000000000000868       0x68 build/stm32f3xx_hal_dac_ex.o
 .debug_ranges  0x00000000000008d0       0x58 build/stm32f3xx_hal_opamp.o
 .debug_ranges  0x0000000000000928       0x20 build/startup_stm32f302x8.o

.debug_line     0x0000000000000000     0x94a9
 .debug_line    0x0000000000000000      0x701 build/main.o
 .debug_line    0x0000000000000701      0x326 build/stm32f3xx_it.o
 .debug_line    0x0000000000000a27      0x500 build/stm32f3xx_hal_msp.o
 .debug_line    0x0000000000000f27      0x475 build/stm32f3xx_hal_adc.o
 .debug_line    0x000000000000139c     0x1dad build/stm32f3xx_hal_adc_ex.o
 .debug_line    0x0000000000003149      0x510 build/stm32f3xx_hal.o
 .debug_line    0x0000000000003659     0x11b3 build/stm32f3xx_hal_rcc.o
 .debug_line    0x000000000000480c      0x95f build/stm32f3xx_hal_rcc_ex.o
 .debug_line    0x000000000000516b      0x6a0 build/stm32f3xx_hal_gpio.o
 .debug_line    0x000000000000580b      0x65c build/stm32f3xx_hal_cortex.o
 .debug_line    0x0000000000005e67     0x213e build/stm32f3xx_hal_uart.o
 .debug_line    0x0000000000007fa5      0x26a build/system_stm32f3xx.o
 .debug_line    0x000000000000820f      0x4b7 build/stm32f3xx_hal_dac.o
 .debug_line    0x00000000000086c6      0x6da build/stm32f3xx_hal_dac_ex.o
 .debug_line    0x0000000000008da0      0x696 build/stm32f3xx_hal_opamp.o
 .debug_line    0x0000000000009436       0x73 build/startup_stm32f302x8.o

.debug_str      0x0000000000000000     0x34ab
 .debug_str     0x0000000000000000     0x13a3 build/main.o
                                       0x1529 (size before relaxing)
 .debug_str     0x00000000000013a3       0xf0 build/stm32f3xx_it.o
                                        0x79b (size before relaxing)
 .debug_str     0x0000000000001493      0x453 build/stm32f3xx_hal_msp.o
                                       0x106b (size before relaxing)
 .debug_str     0x00000000000018e6      0x1ca build/stm32f3xx_hal_adc.o
                                        0x9a2 (size before relaxing)
 .debug_str     0x0000000000001ab0      0x579 build/stm32f3xx_hal_adc_ex.o
                                        0xeca (size before relaxing)
 .debug_str     0x0000000000002029      0x267 build/stm32f3xx_hal.o
                                        0x916 (size before relaxing)
 .debug_str     0x0000000000002290      0x1e3 build/stm32f3xx_hal_rcc.o
                                        0x714 (size before relaxing)
 .debug_str     0x0000000000002473       0xc5 build/stm32f3xx_hal_rcc_ex.o
                                        0x5b7 (size before relaxing)
 .debug_str     0x0000000000002538      0x11a build/stm32f3xx_hal_gpio.o
                                        0x519 (size before relaxing)
 .debug_str     0x0000000000002652      0x369 build/stm32f3xx_hal_cortex.o
                                        0xa10 (size before relaxing)
 .debug_str     0x00000000000029bb      0x725 build/stm32f3xx_hal_uart.o
                                        0xef5 (size before relaxing)
 .debug_str     0x00000000000030e0       0x4d build/system_stm32f3xx.o
                                        0x372 (size before relaxing)
 .debug_str     0x000000000000312d      0x143 build/stm32f3xx_hal_dac.o
                                        0x7c5 (size before relaxing)
 .debug_str     0x0000000000003270       0xec build/stm32f3xx_hal_dac_ex.o
                                        0x7f0 (size before relaxing)
 .debug_str     0x000000000000335c      0x12b build/stm32f3xx_hal_opamp.o
                                        0x64f (size before relaxing)
 .debug_str     0x0000000000003487       0x24 build/startup_stm32f302x8.o
                                         0x45 (size before relaxing)

.comment        0x0000000000000000       0x79
 .comment       0x0000000000000000       0x79 build/main.o
                                         0x7a (size before relaxing)
 .comment       0x0000000000000079       0x7a build/stm32f3xx_it.o
 .comment       0x0000000000000079       0x7a build/stm32f3xx_hal_msp.o
 .comment       0x0000000000000079       0x7a build/stm32f3xx_hal_adc.o
 .comment       0x0000000000000079       0x7a build/stm32f3xx_hal_adc_ex.o
 .comment       0x0000000000000079       0x7a build/stm32f3xx_hal.o
 .comment       0x0000000000000079       0x7a build/stm32f3xx_hal_rcc.o
 .comment       0x0000000000000079       0x7a build/stm32f3xx_hal_rcc_ex.o
 .comment       0x0000000000000079       0x7a build/stm32f3xx_hal_gpio.o
 .comment       0x0000000000000079       0x7a build/stm32f3xx_hal_cortex.o
 .comment       0x0000000000000079       0x7a build/stm32f3xx_hal_uart.o
 .comment       0x0000000000000079       0x7a build/system_stm32f3xx.o
 .comment       0x0000000000000079       0x7a build/stm32f3xx_hal_dac.o
 .comment       0x0000000000000079       0x7a build/stm32f3xx_hal_dac_ex.o
 .comment       0x0000000000000079       0x7a build/stm32f3xx_hal_opamp.o

.debug_frame    0x0000000000000000     0x1aa8
 .debug_frame   0x0000000000000000      0x12c build/main.o
 .debug_frame   0x000000000000012c       0xd8 build/stm32f3xx_it.o
 .debug_frame   0x0000000000000204      0x120 build/stm32f3xx_hal_msp.o
 .debug_frame   0x0000000000000324      0x170 build/stm32f3xx_hal_adc.o
 .debug_frame   0x0000000000000494      0x4cc build/stm32f3xx_hal_adc_ex.o
 .debug_frame   0x0000000000000960      0x1e0 build/stm32f3xx_hal.o
 .debug_frame   0x0000000000000b40      0x1a0 build/stm32f3xx_hal_rcc.o
 .debug_frame   0x0000000000000ce0       0x88 build/stm32f3xx_hal_rcc_ex.o
 .debug_frame   0x0000000000000d68       0xec build/stm32f3xx_hal_gpio.o
 .debug_frame   0x0000000000000e54      0x13c build/stm32f3xx_hal_cortex.o
 .debug_frame   0x0000000000000f90      0x674 build/stm32f3xx_hal_uart.o
 .debug_frame   0x0000000000001604       0x30 build/system_stm32f3xx.o
 .debug_frame   0x0000000000001634      0x168 build/stm32f3xx_hal_dac.o
 .debug_frame   0x000000000000179c      0x180 build/stm32f3xx_hal_dac_ex.o
 .debug_frame   0x000000000000191c      0x140 build/stm32f3xx_hal_opamp.o
 .debug_frame   0x0000000000001a5c       0x2c /home/garnet/gcc-arm-none-eabi-9-2019-q4-major/bin/../lib/gcc/arm-none-eabi/9.2.1/../../../../arm-none-eabi/lib/thumb/v7e-m+fp/hard/libc_nano.a(lib_a-init.o)
 .debug_frame   0x0000000000001a88       0x20 /home/garnet/gcc-arm-none-eabi-9-2019-q4-major/bin/../lib/gcc/arm-none-eabi/9.2.1/../../../../arm-none-eabi/lib/thumb/v7e-m+fp/hard/libc_nano.a(lib_a-memset.o)

Cross Reference Table

Symbol                                            File
ADC1_IRQHandler                                   build/stm32f3xx_it.o
AHBPrescTable                                     build/system_stm32f3xx.o
                                                  build/stm32f3xx_hal_rcc.o
APBPrescTable                                     build/system_stm32f3xx.o
                                                  build/stm32f3xx_hal_rcc.o
BusFault_Handler                                  build/stm32f3xx_it.o
CAN_RX1_IRQHandler                                build/startup_stm32f302x8.o
CAN_SCE_IRQHandler                                build/startup_stm32f302x8.o
COMP2_IRQHandler                                  build/startup_stm32f302x8.o
COMP4_6_IRQHandler                                build/startup_stm32f302x8.o
DMA1_Channel1_IRQHandler                          build/startup_stm32f302x8.o
DMA1_Channel2_IRQHandler                          build/startup_stm32f302x8.o
DMA1_Channel3_IRQHandler                          build/startup_stm32f302x8.o
DMA1_Channel4_IRQHandler                          build/startup_stm32f302x8.o
DMA1_Channel5_IRQHandler                          build/startup_stm32f302x8.o
DMA1_Channel6_IRQHandler                          build/startup_stm32f302x8.o
DMA1_Channel7_IRQHandler                          build/startup_stm32f302x8.o
DebugMon_Handler                                  build/stm32f3xx_it.o
Default_Handler                                   build/startup_stm32f302x8.o
EXTI0_IRQHandler                                  build/startup_stm32f302x8.o
EXTI15_10_IRQHandler                              build/startup_stm32f302x8.o
EXTI1_IRQHandler                                  build/startup_stm32f302x8.o
EXTI2_TSC_IRQHandler                              build/startup_stm32f302x8.o
EXTI3_IRQHandler                                  build/startup_stm32f302x8.o
EXTI4_IRQHandler                                  build/startup_stm32f302x8.o
EXTI9_5_IRQHandler                                build/startup_stm32f302x8.o
Error_Handler                                     build/main.o
FLASH_IRQHandler                                  build/startup_stm32f302x8.o
FLASH_PageErase                                   build/stm32f3xx_hal_flash_ex.o
                                                  build/stm32f3xx_hal_flash.o
FLASH_WaitForLastOperation                        build/stm32f3xx_hal_flash.o
                                                  build/stm32f3xx_hal_flash_ex.o
FPU_IRQHandler                                    build/startup_stm32f302x8.o
HAL_ADCEx_Calibration_GetValue                    build/stm32f3xx_hal_adc_ex.o
HAL_ADCEx_Calibration_SetValue                    build/stm32f3xx_hal_adc_ex.o
HAL_ADCEx_Calibration_Start                       build/stm32f3xx_hal_adc_ex.o
HAL_ADCEx_InjectedConfigChannel                   build/stm32f3xx_hal_adc_ex.o
HAL_ADCEx_InjectedConvCpltCallback                build/stm32f3xx_hal_adc_ex.o
HAL_ADCEx_InjectedGetValue                        build/stm32f3xx_hal_adc_ex.o
HAL_ADCEx_InjectedPollForConversion               build/stm32f3xx_hal_adc_ex.o
HAL_ADCEx_InjectedQueueOverflowCallback           build/stm32f3xx_hal_adc_ex.o
HAL_ADCEx_InjectedStart                           build/stm32f3xx_hal_adc_ex.o
HAL_ADCEx_InjectedStart_IT                        build/stm32f3xx_hal_adc_ex.o
HAL_ADCEx_InjectedStop                            build/stm32f3xx_hal_adc_ex.o
HAL_ADCEx_InjectedStop_IT                         build/stm32f3xx_hal_adc_ex.o
HAL_ADCEx_LevelOutOfWindow2Callback               build/stm32f3xx_hal_adc_ex.o
HAL_ADCEx_LevelOutOfWindow3Callback               build/stm32f3xx_hal_adc_ex.o
HAL_ADCEx_RegularStop                             build/stm32f3xx_hal_adc_ex.o
HAL_ADCEx_RegularStop_DMA                         build/stm32f3xx_hal_adc_ex.o
HAL_ADCEx_RegularStop_IT                          build/stm32f3xx_hal_adc_ex.o
HAL_ADC_AnalogWDGConfig                           build/stm32f3xx_hal_adc_ex.o
                                                  build/stm32f3xx_hal_adc.o
HAL_ADC_ConfigChannel                             build/stm32f3xx_hal_adc_ex.o
                                                  build/stm32f3xx_hal_adc.o
                                                  build/main.o
HAL_ADC_ConvCpltCallback                          build/stm32f3xx_it.o
                                                  build/stm32f3xx_hal_adc_ex.o
HAL_ADC_ConvHalfCpltCallback                      build/stm32f3xx_hal_adc.o
                                                  build/stm32f3xx_hal_adc_ex.o
HAL_ADC_DeInit                                    build/stm32f3xx_hal_adc_ex.o
                                                  build/stm32f3xx_hal_adc.o
HAL_ADC_ErrorCallback                             build/stm32f3xx_hal_adc.o
                                                  build/stm32f3xx_hal_adc_ex.o
HAL_ADC_GetError                                  build/stm32f3xx_hal_adc.o
HAL_ADC_GetState                                  build/stm32f3xx_hal_adc.o
HAL_ADC_GetValue                                  build/stm32f3xx_hal_adc_ex.o
                                                  build/stm32f3xx_hal_adc.o
HAL_ADC_IRQHandler                                build/stm32f3xx_hal_adc_ex.o
                                                  build/stm32f3xx_hal_adc.o
                                                  build/stm32f3xx_it.o
HAL_ADC_Init                                      build/stm32f3xx_hal_adc_ex.o
                                                  build/stm32f3xx_hal_adc.o
                                                  build/main.o
HAL_ADC_LevelOutOfWindowCallback                  build/stm32f3xx_hal_adc.o
                                                  build/stm32f3xx_hal_adc_ex.o
HAL_ADC_MspDeInit                                 build/stm32f3xx_hal_msp.o
                                                  build/stm32f3xx_hal_adc_ex.o
HAL_ADC_MspInit                                   build/stm32f3xx_hal_msp.o
                                                  build/stm32f3xx_hal_adc_ex.o
HAL_ADC_PollForConversion                         build/stm32f3xx_hal_adc_ex.o
                                                  build/stm32f3xx_hal_adc.o
HAL_ADC_PollForEvent                              build/stm32f3xx_hal_adc_ex.o
                                                  build/stm32f3xx_hal_adc.o
HAL_ADC_Start                                     build/stm32f3xx_hal_adc_ex.o
                                                  build/stm32f3xx_hal_adc.o
                                                  build/main.o
HAL_ADC_Start_DMA                                 build/stm32f3xx_hal_adc_ex.o
                                                  build/stm32f3xx_hal_adc.o
HAL_ADC_Start_IT                                  build/stm32f3xx_hal_adc_ex.o
                                                  build/stm32f3xx_hal_adc.o
HAL_ADC_Stop                                      build/stm32f3xx_hal_adc_ex.o
                                                  build/stm32f3xx_hal_adc.o
HAL_ADC_Stop_DMA                                  build/stm32f3xx_hal_adc_ex.o
                                                  build/stm32f3xx_hal_adc.o
HAL_ADC_Stop_IT                                   build/stm32f3xx_hal_adc_ex.o
                                                  build/stm32f3xx_hal_adc.o
HAL_DACEx_DualGetValue                            build/stm32f3xx_hal_dac_ex.o
                                                  build/stm32f3xx_hal_dac.o
HAL_DACEx_DualSetValue                            build/stm32f3xx_hal_dac.o
HAL_DACEx_NoiseWaveGenerate                       build/stm32f3xx_hal_dac_ex.o
HAL_DACEx_TriangleWaveGenerate                    build/stm32f3xx_hal_dac_ex.o
HAL_DAC_ConfigChannel                             build/stm32f3xx_hal_dac_ex.o
                                                  build/stm32f3xx_hal_dac.o
                                                  build/main.o
HAL_DAC_ConvCpltCallbackCh1                       build/stm32f3xx_hal_dac.o
                                                  build/stm32f3xx_hal_dac_ex.o
HAL_DAC_ConvHalfCpltCallbackCh1                   build/stm32f3xx_hal_dac.o
                                                  build/stm32f3xx_hal_dac_ex.o
HAL_DAC_DMAUnderrunCallbackCh1                    build/stm32f3xx_hal_dac.o
                                                  build/stm32f3xx_hal_dac_ex.o
HAL_DAC_DeInit                                    build/stm32f3xx_hal_dac.o
HAL_DAC_ErrorCallbackCh1                          build/stm32f3xx_hal_dac.o
                                                  build/stm32f3xx_hal_dac_ex.o
HAL_DAC_GetError                                  build/stm32f3xx_hal_dac.o
HAL_DAC_GetState                                  build/stm32f3xx_hal_dac.o
HAL_DAC_GetValue                                  build/stm32f3xx_hal_dac_ex.o
                                                  build/stm32f3xx_hal_dac.o
HAL_DAC_IRQHandler                                build/stm32f3xx_hal_dac_ex.o
HAL_DAC_Init                                      build/stm32f3xx_hal_dac.o
                                                  build/main.o
HAL_DAC_MspDeInit                                 build/stm32f3xx_hal_msp.o
HAL_DAC_MspInit                                   build/stm32f3xx_hal_msp.o
HAL_DAC_SetValue                                  build/stm32f3xx_hal_dac_ex.o
                                                  build/stm32f3xx_hal_dac.o
                                                  build/main.o
HAL_DAC_Start                                     build/stm32f3xx_hal_dac_ex.o
                                                  build/stm32f3xx_hal_dac.o
                                                  build/main.o
HAL_DAC_Start_DMA                                 build/stm32f3xx_hal_dac_ex.o
HAL_DAC_Stop                                      build/stm32f3xx_hal_dac.o
HAL_DAC_Stop_DMA                                  build/stm32f3xx_hal_dac.o
HAL_DBGMCU_DisableDBGSleepMode                    build/stm32f3xx_hal.o
HAL_DBGMCU_DisableDBGStandbyMode                  build/stm32f3xx_hal.o
HAL_DBGMCU_DisableDBGStopMode                     build/stm32f3xx_hal.o
HAL_DBGMCU_EnableDBGSleepMode                     build/stm32f3xx_hal.o
HAL_DBGMCU_EnableDBGStandbyMode                   build/stm32f3xx_hal.o
HAL_DBGMCU_EnableDBGStopMode                      build/stm32f3xx_hal.o
HAL_DMA_Abort                                     build/stm32f3xx_hal_dma.o
                                                  build/stm32f3xx_hal_dac.o
                                                  build/stm32f3xx_hal_uart.o
                                                  build/stm32f3xx_hal_adc_ex.o
HAL_DMA_Abort_IT                                  build/stm32f3xx_hal_dma.o
                                                  build/stm32f3xx_hal_uart.o
                                                  build/stm32f3xx_hal_i2c.o
HAL_DMA_DeInit                                    build/stm32f3xx_hal_dma.o
HAL_DMA_GetError                                  build/stm32f3xx_hal_dma.o
                                                  build/stm32f3xx_hal_uart.o
HAL_DMA_GetState                                  build/stm32f3xx_hal_dma.o
HAL_DMA_IRQHandler                                build/stm32f3xx_hal_dma.o
HAL_DMA_Init                                      build/stm32f3xx_hal_dma.o
HAL_DMA_PollForTransfer                           build/stm32f3xx_hal_dma.o
HAL_DMA_RegisterCallback                          build/stm32f3xx_hal_dma.o
HAL_DMA_Start                                     build/stm32f3xx_hal_dma.o
HAL_DMA_Start_IT                                  build/stm32f3xx_hal_dma.o
                                                  build/stm32f3xx_hal_dac_ex.o
                                                  build/stm32f3xx_hal_uart.o
                                                  build/stm32f3xx_hal_i2c.o
                                                  build/stm32f3xx_hal_adc_ex.o
HAL_DMA_UnRegisterCallback                        build/stm32f3xx_hal_dma.o
HAL_DeInit                                        build/stm32f3xx_hal.o
HAL_Delay                                         build/stm32f3xx_hal.o
                                                  build/stm32f3xx_hal_opamp.o
HAL_EXTI_ClearConfigLine                          build/stm32f3xx_hal_exti.o
HAL_EXTI_ClearPending                             build/stm32f3xx_hal_exti.o
HAL_EXTI_GenerateSWI                              build/stm32f3xx_hal_exti.o
HAL_EXTI_GetConfigLine                            build/stm32f3xx_hal_exti.o
HAL_EXTI_GetHandle                                build/stm32f3xx_hal_exti.o
HAL_EXTI_GetPending                               build/stm32f3xx_hal_exti.o
HAL_EXTI_IRQHandler                               build/stm32f3xx_hal_exti.o
HAL_EXTI_RegisterCallback                         build/stm32f3xx_hal_exti.o
HAL_EXTI_SetConfigLine                            build/stm32f3xx_hal_exti.o
HAL_FLASHEx_Erase                                 build/stm32f3xx_hal_flash_ex.o
HAL_FLASHEx_Erase_IT                              build/stm32f3xx_hal_flash_ex.o
HAL_FLASHEx_OBErase                               build/stm32f3xx_hal_flash_ex.o
HAL_FLASHEx_OBGetConfig                           build/stm32f3xx_hal_flash_ex.o
HAL_FLASHEx_OBGetUserData                         build/stm32f3xx_hal_flash_ex.o
HAL_FLASHEx_OBProgram                             build/stm32f3xx_hal_flash_ex.o
HAL_FLASH_EndOfOperationCallback                  build/stm32f3xx_hal_flash.o
HAL_FLASH_GetError                                build/stm32f3xx_hal_flash.o
HAL_FLASH_IRQHandler                              build/stm32f3xx_hal_flash.o
HAL_FLASH_Lock                                    build/stm32f3xx_hal_flash.o
HAL_FLASH_OB_Launch                               build/stm32f3xx_hal_flash.o
HAL_FLASH_OB_Lock                                 build/stm32f3xx_hal_flash.o
HAL_FLASH_OB_Unlock                               build/stm32f3xx_hal_flash.o
HAL_FLASH_OperationErrorCallback                  build/stm32f3xx_hal_flash.o
HAL_FLASH_Program                                 build/stm32f3xx_hal_flash.o
HAL_FLASH_Program_IT                              build/stm32f3xx_hal_flash.o
HAL_FLASH_Unlock                                  build/stm32f3xx_hal_flash.o
HAL_GPIO_DeInit                                   build/stm32f3xx_hal_gpio.o
                                                  build/stm32f3xx_hal_msp.o
HAL_GPIO_EXTI_Callback                            build/stm32f3xx_hal_gpio.o
HAL_GPIO_EXTI_IRQHandler                          build/stm32f3xx_hal_gpio.o
HAL_GPIO_Init                                     build/stm32f3xx_hal_gpio.o
                                                  build/stm32f3xx_hal_rcc.o
                                                  build/stm32f3xx_hal_msp.o
                                                  build/main.o
HAL_GPIO_LockPin                                  build/stm32f3xx_hal_gpio.o
HAL_GPIO_ReadPin                                  build/stm32f3xx_hal_gpio.o
                                                  build/main.o
HAL_GPIO_TogglePin                                build/stm32f3xx_hal_gpio.o
HAL_GPIO_WritePin                                 build/stm32f3xx_hal_gpio.o
                                                  build/main.o
HAL_GetDEVID                                      build/stm32f3xx_hal.o
HAL_GetHalVersion                                 build/stm32f3xx_hal.o
HAL_GetREVID                                      build/stm32f3xx_hal.o
HAL_GetTick                                       build/stm32f3xx_hal.o
                                                  build/stm32f3xx_hal_uart_ex.o
                                                  build/stm32f3xx_hal_uart.o
                                                  build/stm32f3xx_hal_i2c.o
                                                  build/stm32f3xx_hal_flash.o
                                                  build/stm32f3xx_hal_dma.o
                                                  build/stm32f3xx_hal_rcc_ex.o
                                                  build/stm32f3xx_hal_rcc.o
                                                  build/stm32f3xx_hal_adc_ex.o
HAL_GetTickFreq                                   build/stm32f3xx_hal.o
HAL_GetTickPrio                                   build/stm32f3xx_hal.o
HAL_GetUIDw0                                      build/stm32f3xx_hal.o
HAL_GetUIDw1                                      build/stm32f3xx_hal.o
HAL_GetUIDw2                                      build/stm32f3xx_hal.o
HAL_HalfDuplex_EnableReceiver                     build/stm32f3xx_hal_uart.o
HAL_HalfDuplex_EnableTransmitter                  build/stm32f3xx_hal_uart.o
HAL_HalfDuplex_Init                               build/stm32f3xx_hal_uart.o
HAL_I2CEx_ConfigAnalogFilter                      build/stm32f3xx_hal_i2c_ex.o
HAL_I2CEx_ConfigDigitalFilter                     build/stm32f3xx_hal_i2c_ex.o
HAL_I2CEx_DisableFastModePlus                     build/stm32f3xx_hal_i2c_ex.o
HAL_I2CEx_DisableWakeUp                           build/stm32f3xx_hal_i2c_ex.o
HAL_I2CEx_EnableFastModePlus                      build/stm32f3xx_hal_i2c_ex.o
HAL_I2CEx_EnableWakeUp                            build/stm32f3xx_hal_i2c_ex.o
HAL_I2C_AbortCpltCallback                         build/stm32f3xx_hal_i2c.o
HAL_I2C_AddrCallback                              build/stm32f3xx_hal_i2c.o
HAL_I2C_DeInit                                    build/stm32f3xx_hal_i2c.o
HAL_I2C_DisableListen_IT                          build/stm32f3xx_hal_i2c.o
HAL_I2C_ER_IRQHandler                             build/stm32f3xx_hal_i2c.o
HAL_I2C_EV_IRQHandler                             build/stm32f3xx_hal_i2c.o
HAL_I2C_EnableListen_IT                           build/stm32f3xx_hal_i2c.o
HAL_I2C_ErrorCallback                             build/stm32f3xx_hal_i2c.o
HAL_I2C_GetError                                  build/stm32f3xx_hal_i2c.o
HAL_I2C_GetMode                                   build/stm32f3xx_hal_i2c.o
HAL_I2C_GetState                                  build/stm32f3xx_hal_i2c.o
HAL_I2C_Init                                      build/stm32f3xx_hal_i2c.o
HAL_I2C_IsDeviceReady                             build/stm32f3xx_hal_i2c.o
HAL_I2C_ListenCpltCallback                        build/stm32f3xx_hal_i2c.o
HAL_I2C_MasterRxCpltCallback                      build/stm32f3xx_hal_i2c.o
HAL_I2C_MasterTxCpltCallback                      build/stm32f3xx_hal_i2c.o
HAL_I2C_Master_Abort_IT                           build/stm32f3xx_hal_i2c.o
HAL_I2C_Master_Receive                            build/stm32f3xx_hal_i2c.o
HAL_I2C_Master_Receive_DMA                        build/stm32f3xx_hal_i2c.o
HAL_I2C_Master_Receive_IT                         build/stm32f3xx_hal_i2c.o
HAL_I2C_Master_Seq_Receive_DMA                    build/stm32f3xx_hal_i2c.o
HAL_I2C_Master_Seq_Receive_IT                     build/stm32f3xx_hal_i2c.o
HAL_I2C_Master_Seq_Transmit_DMA                   build/stm32f3xx_hal_i2c.o
HAL_I2C_Master_Seq_Transmit_IT                    build/stm32f3xx_hal_i2c.o
HAL_I2C_Master_Transmit                           build/stm32f3xx_hal_i2c.o
HAL_I2C_Master_Transmit_DMA                       build/stm32f3xx_hal_i2c.o
HAL_I2C_Master_Transmit_IT                        build/stm32f3xx_hal_i2c.o
HAL_I2C_MemRxCpltCallback                         build/stm32f3xx_hal_i2c.o
HAL_I2C_MemTxCpltCallback                         build/stm32f3xx_hal_i2c.o
HAL_I2C_Mem_Read                                  build/stm32f3xx_hal_i2c.o
HAL_I2C_Mem_Read_DMA                              build/stm32f3xx_hal_i2c.o
HAL_I2C_Mem_Read_IT                               build/stm32f3xx_hal_i2c.o
HAL_I2C_Mem_Write                                 build/stm32f3xx_hal_i2c.o
HAL_I2C_Mem_Write_DMA                             build/stm32f3xx_hal_i2c.o
HAL_I2C_Mem_Write_IT                              build/stm32f3xx_hal_i2c.o
HAL_I2C_MspDeInit                                 build/stm32f3xx_hal_i2c.o
HAL_I2C_MspInit                                   build/stm32f3xx_hal_i2c.o
HAL_I2C_SlaveRxCpltCallback                       build/stm32f3xx_hal_i2c.o
HAL_I2C_SlaveTxCpltCallback                       build/stm32f3xx_hal_i2c.o
HAL_I2C_Slave_Receive                             build/stm32f3xx_hal_i2c.o
HAL_I2C_Slave_Receive_DMA                         build/stm32f3xx_hal_i2c.o
HAL_I2C_Slave_Receive_IT                          build/stm32f3xx_hal_i2c.o
HAL_I2C_Slave_Seq_Receive_DMA                     build/stm32f3xx_hal_i2c.o
HAL_I2C_Slave_Seq_Receive_IT                      build/stm32f3xx_hal_i2c.o
HAL_I2C_Slave_Seq_Transmit_DMA                    build/stm32f3xx_hal_i2c.o
HAL_I2C_Slave_Seq_Transmit_IT                     build/stm32f3xx_hal_i2c.o
HAL_I2C_Slave_Transmit                            build/stm32f3xx_hal_i2c.o
HAL_I2C_Slave_Transmit_DMA                        build/stm32f3xx_hal_i2c.o
HAL_I2C_Slave_Transmit_IT                         build/stm32f3xx_hal_i2c.o
HAL_IncTick                                       build/stm32f3xx_hal.o
                                                  build/stm32f3xx_it.o
HAL_Init                                          build/stm32f3xx_hal.o
                                                  build/main.o
HAL_InitTick                                      build/stm32f3xx_hal.o
                                                  build/stm32f3xx_hal_rcc.o
HAL_LIN_Init                                      build/stm32f3xx_hal_uart.o
HAL_LIN_SendBreak                                 build/stm32f3xx_hal_uart.o
HAL_MspDeInit                                     build/stm32f3xx_hal.o
HAL_MspInit                                       build/stm32f3xx_hal_msp.o
HAL_MultiProcessorEx_AddressLength_Set            build/stm32f3xx_hal_uart_ex.o
HAL_MultiProcessor_DisableMuteMode                build/stm32f3xx_hal_uart.o
HAL_MultiProcessor_EnableMuteMode                 build/stm32f3xx_hal_uart.o
HAL_MultiProcessor_EnterMuteMode                  build/stm32f3xx_hal_uart.o
HAL_MultiProcessor_Init                           build/stm32f3xx_hal_uart.o
HAL_NVIC_ClearPendingIRQ                          build/stm32f3xx_hal_cortex.o
HAL_NVIC_DisableIRQ                               build/stm32f3xx_hal_cortex.o
                                                  build/stm32f3xx_hal_msp.o
HAL_NVIC_EnableIRQ                                build/stm32f3xx_hal_cortex.o
                                                  build/stm32f3xx_hal_msp.o
HAL_NVIC_GetActive                                build/stm32f3xx_hal_cortex.o
HAL_NVIC_GetPendingIRQ                            build/stm32f3xx_hal_cortex.o
HAL_NVIC_GetPriority                              build/stm32f3xx_hal_cortex.o
HAL_NVIC_GetPriorityGrouping                      build/stm32f3xx_hal_cortex.o
HAL_NVIC_SetPendingIRQ                            build/stm32f3xx_hal_cortex.o
HAL_NVIC_SetPriority                              build/stm32f3xx_hal_cortex.o
                                                  build/stm32f3xx_hal.o
                                                  build/stm32f3xx_hal_msp.o
HAL_NVIC_SetPriorityGrouping                      build/stm32f3xx_hal_cortex.o
                                                  build/stm32f3xx_hal.o
HAL_NVIC_SystemReset                              build/stm32f3xx_hal_cortex.o
HAL_OPAMP_DeInit                                  build/stm32f3xx_hal_opamp.o
HAL_OPAMP_GetState                                build/stm32f3xx_hal_opamp.o
HAL_OPAMP_GetTrimOffset                           build/stm32f3xx_hal_opamp.o
HAL_OPAMP_Init                                    build/stm32f3xx_hal_opamp.o
                                                  build/main.o
HAL_OPAMP_Lock                                    build/stm32f3xx_hal_opamp.o
HAL_OPAMP_MspDeInit                               build/stm32f3xx_hal_msp.o
HAL_OPAMP_MspInit                                 build/stm32f3xx_hal_msp.o
HAL_OPAMP_SelfCalibrate                           build/stm32f3xx_hal_opamp.o
HAL_OPAMP_Start                                   build/stm32f3xx_hal_opamp.o
HAL_OPAMP_Stop                                    build/stm32f3xx_hal_opamp.o
HAL_PWR_ConfigPVD                                 build/stm32f3xx_hal_pwr_ex.o
HAL_PWR_DeInit                                    build/stm32f3xx_hal_pwr.o
HAL_PWR_DisableBkUpAccess                         build/stm32f3xx_hal_pwr.o
HAL_PWR_DisablePVD                                build/stm32f3xx_hal_pwr_ex.o
HAL_PWR_DisableSEVOnPend                          build/stm32f3xx_hal_pwr.o
HAL_PWR_DisableSleepOnExit                        build/stm32f3xx_hal_pwr.o
HAL_PWR_DisableWakeUpPin                          build/stm32f3xx_hal_pwr.o
HAL_PWR_EnableBkUpAccess                          build/stm32f3xx_hal_pwr.o
HAL_PWR_EnablePVD                                 build/stm32f3xx_hal_pwr_ex.o
HAL_PWR_EnableSEVOnPend                           build/stm32f3xx_hal_pwr.o
HAL_PWR_EnableSleepOnExit                         build/stm32f3xx_hal_pwr.o
HAL_PWR_EnableWakeUpPin                           build/stm32f3xx_hal_pwr.o
HAL_PWR_EnterSLEEPMode                            build/stm32f3xx_hal_pwr.o
HAL_PWR_EnterSTANDBYMode                          build/stm32f3xx_hal_pwr.o
HAL_PWR_EnterSTOPMode                             build/stm32f3xx_hal_pwr.o
HAL_PWR_PVDCallback                               build/stm32f3xx_hal_pwr_ex.o
HAL_PWR_PVD_IRQHandler                            build/stm32f3xx_hal_pwr_ex.o
HAL_RCCEx_GetPeriphCLKConfig                      build/stm32f3xx_hal_rcc_ex.o
HAL_RCCEx_GetPeriphCLKFreq                        build/stm32f3xx_hal_rcc_ex.o
HAL_RCCEx_PeriphCLKConfig                         build/stm32f3xx_hal_rcc_ex.o
                                                  build/main.o
HAL_RCC_CSSCallback                               build/stm32f3xx_hal_rcc.o
HAL_RCC_ClockConfig                               build/stm32f3xx_hal_rcc.o
                                                  build/main.o
HAL_RCC_DeInit                                    build/stm32f3xx_hal_rcc.o
HAL_RCC_DisableCSS                                build/stm32f3xx_hal_rcc.o
HAL_RCC_EnableCSS                                 build/stm32f3xx_hal_rcc.o
HAL_RCC_GetClockConfig                            build/stm32f3xx_hal_rcc.o
HAL_RCC_GetHCLKFreq                               build/stm32f3xx_hal_rcc.o
HAL_RCC_GetOscConfig                              build/stm32f3xx_hal_rcc.o
HAL_RCC_GetPCLK1Freq                              build/stm32f3xx_hal_rcc.o
                                                  build/stm32f3xx_hal_uart.o
                                                  build/stm32f3xx_hal_rcc_ex.o
HAL_RCC_GetPCLK2Freq                              build/stm32f3xx_hal_rcc.o
                                                  build/stm32f3xx_hal_uart.o
HAL_RCC_GetSysClockFreq                           build/stm32f3xx_hal_rcc.o
                                                  build/stm32f3xx_hal_uart.o
                                                  build/stm32f3xx_hal_rcc_ex.o
HAL_RCC_MCOConfig                                 build/stm32f3xx_hal_rcc.o
HAL_RCC_NMI_IRQHandler                            build/stm32f3xx_hal_rcc.o
HAL_RCC_OscConfig                                 build/stm32f3xx_hal_rcc.o
                                                  build/main.o
HAL_RS485Ex_Init                                  build/stm32f3xx_hal_uart_ex.o
HAL_ResumeTick                                    build/stm32f3xx_hal.o
HAL_SYSTICK_CLKSourceConfig                       build/stm32f3xx_hal_cortex.o
HAL_SYSTICK_Callback                              build/stm32f3xx_hal_cortex.o
HAL_SYSTICK_Config                                build/stm32f3xx_hal_cortex.o
                                                  build/stm32f3xx_hal.o
HAL_SYSTICK_IRQHandler                            build/stm32f3xx_hal_cortex.o
HAL_SetTickFreq                                   build/stm32f3xx_hal.o
HAL_SuspendTick                                   build/stm32f3xx_hal.o
HAL_UARTEx_DisableStopMode                        build/stm32f3xx_hal_uart_ex.o
HAL_UARTEx_EnableStopMode                         build/stm32f3xx_hal_uart_ex.o
HAL_UARTEx_StopModeWakeUpSourceConfig             build/stm32f3xx_hal_uart_ex.o
HAL_UARTEx_WakeupCallback                         build/stm32f3xx_hal_uart_ex.o
                                                  build/stm32f3xx_hal_uart.o
HAL_UART_Abort                                    build/stm32f3xx_hal_uart.o
HAL_UART_AbortCpltCallback                        build/stm32f3xx_hal_uart.o
HAL_UART_AbortReceive                             build/stm32f3xx_hal_uart.o
HAL_UART_AbortReceiveCpltCallback                 build/stm32f3xx_hal_uart.o
HAL_UART_AbortReceive_IT                          build/stm32f3xx_hal_uart.o
HAL_UART_AbortTransmit                            build/stm32f3xx_hal_uart.o
HAL_UART_AbortTransmitCpltCallback                build/stm32f3xx_hal_uart.o
HAL_UART_AbortTransmit_IT                         build/stm32f3xx_hal_uart.o
HAL_UART_Abort_IT                                 build/stm32f3xx_hal_uart.o
HAL_UART_DMAPause                                 build/stm32f3xx_hal_uart.o
HAL_UART_DMAResume                                build/stm32f3xx_hal_uart.o
HAL_UART_DMAStop                                  build/stm32f3xx_hal_uart.o
HAL_UART_DeInit                                   build/stm32f3xx_hal_uart.o
HAL_UART_DisableReceiverTimeout                   build/stm32f3xx_hal_uart.o
HAL_UART_EnableReceiverTimeout                    build/stm32f3xx_hal_uart.o
HAL_UART_ErrorCallback                            build/stm32f3xx_hal_uart.o
HAL_UART_GetError                                 build/stm32f3xx_hal_uart.o
HAL_UART_GetState                                 build/stm32f3xx_hal_uart.o
HAL_UART_IRQHandler                               build/stm32f3xx_hal_uart.o
HAL_UART_Init                                     build/stm32f3xx_hal_uart.o
                                                  build/main.o
HAL_UART_MspDeInit                                build/stm32f3xx_hal_msp.o
HAL_UART_MspInit                                  build/stm32f3xx_hal_msp.o
                                                  build/stm32f3xx_hal_uart_ex.o
HAL_UART_Receive                                  build/stm32f3xx_hal_uart.o
HAL_UART_Receive_DMA                              build/stm32f3xx_hal_uart.o
HAL_UART_Receive_IT                               build/stm32f3xx_hal_uart.o
HAL_UART_ReceiverTimeout_Config                   build/stm32f3xx_hal_uart.o
HAL_UART_RxCpltCallback                           build/stm32f3xx_hal_uart.o
HAL_UART_RxHalfCpltCallback                       build/stm32f3xx_hal_uart.o
HAL_UART_Transmit                                 build/stm32f3xx_hal_uart.o
                                                  build/main.o
HAL_UART_Transmit_DMA                             build/stm32f3xx_hal_uart.o
HAL_UART_Transmit_IT                              build/stm32f3xx_hal_uart.o
HAL_UART_TxCpltCallback                           build/stm32f3xx_hal_uart.o
HAL_UART_TxHalfCpltCallback                       build/stm32f3xx_hal_uart.o
HardFault_Handler                                 build/stm32f3xx_it.o
I2C1_ER_IRQHandler                                build/startup_stm32f302x8.o
I2C1_EV_IRQHandler                                build/startup_stm32f302x8.o
I2C2_ER_IRQHandler                                build/startup_stm32f302x8.o
I2C2_EV_IRQHandler                                build/startup_stm32f302x8.o
I2C3_ER_IRQHandler                                build/startup_stm32f302x8.o
I2C3_EV_IRQHandler                                build/startup_stm32f302x8.o
MemManage_Handler                                 build/stm32f3xx_it.o
NMI_Handler                                       build/stm32f3xx_it.o
PVD_IRQHandler                                    build/startup_stm32f302x8.o
PendSV_Handler                                    build/stm32f3xx_it.o
RCC_IRQHandler                                    build/startup_stm32f302x8.o
RTC_Alarm_IRQHandler                              build/startup_stm32f302x8.o
RTC_WKUP_IRQHandler                               build/startup_stm32f302x8.o
Reset_Handler                                     build/startup_stm32f302x8.o
SPI2_IRQHandler                                   build/startup_stm32f302x8.o
SPI3_IRQHandler                                   build/startup_stm32f302x8.o
SVC_Handler                                       build/stm32f3xx_it.o
SysTick_Handler                                   build/stm32f3xx_it.o
SystemClock_Config                                build/main.o
SystemCoreClock                                   build/system_stm32f3xx.o
                                                  build/stm32f3xx_hal_rcc_ex.o
                                                  build/stm32f3xx_hal_rcc.o
                                                  build/stm32f3xx_hal.o
                                                  build/stm32f3xx_hal_adc_ex.o
SystemCoreClockUpdate                             build/system_stm32f3xx.o
SystemInit                                        build/system_stm32f3xx.o
                                                  build/startup_stm32f302x8.o
TAMP_STAMP_IRQHandler                             build/startup_stm32f302x8.o
TIM1_BRK_TIM15_IRQHandler                         build/startup_stm32f302x8.o
TIM1_CC_IRQHandler                                build/startup_stm32f302x8.o
TIM1_TRG_COM_TIM17_IRQHandler                     build/startup_stm32f302x8.o
TIM1_UP_TIM16_IRQHandler                          build/startup_stm32f302x8.o
TIM2_IRQHandler                                   build/startup_stm32f302x8.o
TIM6_DAC_IRQHandler                               build/startup_stm32f302x8.o
UART_AdvFeatureConfig                             build/stm32f3xx_hal_uart.o
                                                  build/stm32f3xx_hal_uart_ex.o
UART_CheckIdleState                               build/stm32f3xx_hal_uart.o
                                                  build/stm32f3xx_hal_uart_ex.o
UART_SetConfig                                    build/stm32f3xx_hal_uart.o
                                                  build/stm32f3xx_hal_uart_ex.o
UART_WaitOnFlagUntilTimeout                       build/stm32f3xx_hal_uart.o
                                                  build/stm32f3xx_hal_uart_ex.o
USART1_IRQHandler                                 build/startup_stm32f302x8.o
USART2_IRQHandler                                 build/startup_stm32f302x8.o
USART3_IRQHandler                                 build/startup_stm32f302x8.o
USBWakeUp_IRQHandler                              build/startup_stm32f302x8.o
USBWakeUp_RMP_IRQHandler                          build/startup_stm32f302x8.o
USB_HP_CAN_TX_IRQHandler                          build/startup_stm32f302x8.o
USB_HP_IRQHandler                                 build/startup_stm32f302x8.o
USB_LP_CAN_RX0_IRQHandler                         build/startup_stm32f302x8.o
USB_LP_IRQHandler                                 build/startup_stm32f302x8.o
UsageFault_Handler                                build/stm32f3xx_it.o
WWDG_IRQHandler                                   build/startup_stm32f302x8.o
__bss_end__                                       /home/garnet/gcc-arm-none-eabi-9-2019-q4-major/bin/../lib/gcc/arm-none-eabi/9.2.1/../../../../arm-none-eabi/lib/thumb/v7e-m+fp/hard/crt0.o
__bss_start__                                     /home/garnet/gcc-arm-none-eabi-9-2019-q4-major/bin/../lib/gcc/arm-none-eabi/9.2.1/../../../../arm-none-eabi/lib/thumb/v7e-m+fp/hard/crt0.o
__call_exitprocs                                  /home/garnet/gcc-arm-none-eabi-9-2019-q4-major/bin/../lib/gcc/arm-none-eabi/9.2.1/../../../../arm-none-eabi/lib/thumb/v7e-m+fp/hard/libc_nano.a(lib_a-exit.o)
__deregister_frame_info                           /home/garnet/gcc-arm-none-eabi-9-2019-q4-major/bin/../lib/gcc/arm-none-eabi/9.2.1/thumb/v7e-m+fp/hard/crtbegin.o
__dso_handle                                      /home/garnet/gcc-arm-none-eabi-9-2019-q4-major/bin/../lib/gcc/arm-none-eabi/9.2.1/thumb/v7e-m+fp/hard/crtbegin.o
__init_array_end                                  /home/garnet/gcc-arm-none-eabi-9-2019-q4-major/bin/../lib/gcc/arm-none-eabi/9.2.1/../../../../arm-none-eabi/lib/thumb/v7e-m+fp/hard/libc_nano.a(lib_a-init.o)
__init_array_start                                /home/garnet/gcc-arm-none-eabi-9-2019-q4-major/bin/../lib/gcc/arm-none-eabi/9.2.1/../../../../arm-none-eabi/lib/thumb/v7e-m+fp/hard/libc_nano.a(lib_a-init.o)
__libc_fini_array                                 /home/garnet/gcc-arm-none-eabi-9-2019-q4-major/bin/../lib/gcc/arm-none-eabi/9.2.1/../../../../arm-none-eabi/lib/thumb/v7e-m+fp/hard/crt0.o
__libc_init_array                                 /home/garnet/gcc-arm-none-eabi-9-2019-q4-major/bin/../lib/gcc/arm-none-eabi/9.2.1/../../../../arm-none-eabi/lib/thumb/v7e-m+fp/hard/libc_nano.a(lib_a-init.o)
                                                  build/startup_stm32f302x8.o
                                                  /home/garnet/gcc-arm-none-eabi-9-2019-q4-major/bin/../lib/gcc/arm-none-eabi/9.2.1/../../../../arm-none-eabi/lib/thumb/v7e-m+fp/hard/crt0.o
__preinit_array_end                               /home/garnet/gcc-arm-none-eabi-9-2019-q4-major/bin/../lib/gcc/arm-none-eabi/9.2.1/../../../../arm-none-eabi/lib/thumb/v7e-m+fp/hard/libc_nano.a(lib_a-init.o)
__preinit_array_start                             /home/garnet/gcc-arm-none-eabi-9-2019-q4-major/bin/../lib/gcc/arm-none-eabi/9.2.1/../../../../arm-none-eabi/lib/thumb/v7e-m+fp/hard/libc_nano.a(lib_a-init.o)
__register_frame_info                             /home/garnet/gcc-arm-none-eabi-9-2019-q4-major/bin/../lib/gcc/arm-none-eabi/9.2.1/thumb/v7e-m+fp/hard/crtbegin.o
__sf_fake_stderr                                  /home/garnet/gcc-arm-none-eabi-9-2019-q4-major/bin/../lib/gcc/arm-none-eabi/9.2.1/../../../../arm-none-eabi/lib/thumb/v7e-m+fp/hard/libc_nano.a(lib_a-impure.o)
__sf_fake_stdin                                   /home/garnet/gcc-arm-none-eabi-9-2019-q4-major/bin/../lib/gcc/arm-none-eabi/9.2.1/../../../../arm-none-eabi/lib/thumb/v7e-m+fp/hard/libc_nano.a(lib_a-impure.o)
__sf_fake_stdout                                  /home/garnet/gcc-arm-none-eabi-9-2019-q4-major/bin/../lib/gcc/arm-none-eabi/9.2.1/../../../../arm-none-eabi/lib/thumb/v7e-m+fp/hard/libc_nano.a(lib_a-impure.o)
__stack                                           /home/garnet/gcc-arm-none-eabi-9-2019-q4-major/bin/../lib/gcc/arm-none-eabi/9.2.1/../../../../arm-none-eabi/lib/thumb/v7e-m+fp/hard/crt0.o
_ebss                                             build/startup_stm32f302x8.o
_edata                                            build/startup_stm32f302x8.o
_estack                                           build/startup_stm32f302x8.o
_exit                                             /home/garnet/gcc-arm-none-eabi-9-2019-q4-major/bin/../lib/gcc/arm-none-eabi/9.2.1/../../../../arm-none-eabi/lib/thumb/v7e-m+fp/hard/libnosys.a(_exit.o)
                                                  /home/garnet/gcc-arm-none-eabi-9-2019-q4-major/bin/../lib/gcc/arm-none-eabi/9.2.1/../../../../arm-none-eabi/lib/thumb/v7e-m+fp/hard/libc_nano.a(lib_a-exit.o)
_fini                                             /home/garnet/gcc-arm-none-eabi-9-2019-q4-major/bin/../lib/gcc/arm-none-eabi/9.2.1/thumb/v7e-m+fp/hard/crti.o
_global_impure_ptr                                /home/garnet/gcc-arm-none-eabi-9-2019-q4-major/bin/../lib/gcc/arm-none-eabi/9.2.1/../../../../arm-none-eabi/lib/thumb/v7e-m+fp/hard/libc_nano.a(lib_a-impure.o)
                                                  /home/garnet/gcc-arm-none-eabi-9-2019-q4-major/bin/../lib/gcc/arm-none-eabi/9.2.1/../../../../arm-none-eabi/lib/thumb/v7e-m+fp/hard/libc_nano.a(lib_a-exit.o)
_impure_ptr                                       /home/garnet/gcc-arm-none-eabi-9-2019-q4-major/bin/../lib/gcc/arm-none-eabi/9.2.1/../../../../arm-none-eabi/lib/thumb/v7e-m+fp/hard/libc_nano.a(lib_a-impure.o)
_init                                             /home/garnet/gcc-arm-none-eabi-9-2019-q4-major/bin/../lib/gcc/arm-none-eabi/9.2.1/thumb/v7e-m+fp/hard/crti.o
                                                  /home/garnet/gcc-arm-none-eabi-9-2019-q4-major/bin/../lib/gcc/arm-none-eabi/9.2.1/../../../../arm-none-eabi/lib/thumb/v7e-m+fp/hard/libc_nano.a(lib_a-init.o)
_mainCRTStartup                                   /home/garnet/gcc-arm-none-eabi-9-2019-q4-major/bin/../lib/gcc/arm-none-eabi/9.2.1/../../../../arm-none-eabi/lib/thumb/v7e-m+fp/hard/crt0.o
_sbss                                             build/startup_stm32f302x8.o
_sdata                                            build/startup_stm32f302x8.o
_sidata                                           build/startup_stm32f302x8.o
_start                                            /home/garnet/gcc-arm-none-eabi-9-2019-q4-major/bin/../lib/gcc/arm-none-eabi/9.2.1/../../../../arm-none-eabi/lib/thumb/v7e-m+fp/hard/crt0.o
aPLLMULFactorTable                                build/stm32f3xx_hal_rcc.o
aPredivFactorTable                                build/stm32f3xx_hal_rcc.o
atexit                                            /home/garnet/gcc-arm-none-eabi-9-2019-q4-major/bin/../lib/gcc/arm-none-eabi/9.2.1/../../../../arm-none-eabi/lib/thumb/v7e-m+fp/hard/crt0.o
debugPrintln                                      build/main.o
exit                                              /home/garnet/gcc-arm-none-eabi-9-2019-q4-major/bin/../lib/gcc/arm-none-eabi/9.2.1/../../../../arm-none-eabi/lib/thumb/v7e-m+fp/hard/libc_nano.a(lib_a-exit.o)
                                                  /home/garnet/gcc-arm-none-eabi-9-2019-q4-major/bin/../lib/gcc/arm-none-eabi/9.2.1/../../../../arm-none-eabi/lib/thumb/v7e-m+fp/hard/crt0.o
g_pfnVectors                                      build/startup_stm32f302x8.o
hadc1                                             build/main.o
                                                  build/stm32f3xx_it.o
hardware_init_hook                                /home/garnet/gcc-arm-none-eabi-9-2019-q4-major/bin/../lib/gcc/arm-none-eabi/9.2.1/../../../../arm-none-eabi/lib/thumb/v7e-m+fp/hard/crt0.o
hdac                                              build/main.o
hopamp2                                           build/main.o
huart2                                            build/main.o
main                                              build/main.o
                                                  build/startup_stm32f302x8.o
                                                  /home/garnet/gcc-arm-none-eabi-9-2019-q4-major/bin/../lib/gcc/arm-none-eabi/9.2.1/../../../../arm-none-eabi/lib/thumb/v7e-m+fp/hard/crt0.o
memset                                            /home/garnet/gcc-arm-none-eabi-9-2019-q4-major/bin/../lib/gcc/arm-none-eabi/9.2.1/../../../../arm-none-eabi/lib/thumb/v7e-m+fp/hard/libc_nano.a(lib_a-memset.o)
                                                  build/main.o
                                                  /home/garnet/gcc-arm-none-eabi-9-2019-q4-major/bin/../lib/gcc/arm-none-eabi/9.2.1/../../../../arm-none-eabi/lib/thumb/v7e-m+fp/hard/crt0.o
pFlash                                            build/stm32f3xx_hal_flash.o
                                                  build/stm32f3xx_hal_flash_ex.o
software_init_hook                                /home/garnet/gcc-arm-none-eabi-9-2019-q4-major/bin/../lib/gcc/arm-none-eabi/9.2.1/../../../../arm-none-eabi/lib/thumb/v7e-m+fp/hard/crt0.o
strlen                                            /home/garnet/gcc-arm-none-eabi-9-2019-q4-major/bin/../lib/gcc/arm-none-eabi/9.2.1/../../../../arm-none-eabi/lib/thumb/v7e-m+fp/hard/libc_nano.a(lib_a-strlen.o)
                                                  build/main.o
uwTick                                            build/stm32f3xx_hal.o
uwTickFreq                                        build/stm32f3xx_hal.o
uwTickPrio                                        build/stm32f3xx_hal.o
                                                  build/stm32f3xx_hal_rcc.o
