Archive member included to satisfy reference by file (symbol)

/home/garnet/gcc-arm-none-eabi-9-2019-q4-major/bin/../lib/gcc/arm-none-eabi/9.2.1/../../../../arm-none-eabi/lib/thumb/v7e-m+fp/hard/libc_nano.a(lib_a-calloc.o)
                              build/effects.o (calloc)
/home/garnet/gcc-arm-none-eabi-9-2019-q4-major/bin/../lib/gcc/arm-none-eabi/9.2.1/../../../../arm-none-eabi/lib/thumb/v7e-m+fp/hard/libc_nano.a(lib_a-exit.o)
                              /home/garnet/gcc-arm-none-eabi-9-2019-q4-major/bin/../lib/gcc/arm-none-eabi/9.2.1/../../../../arm-none-eabi/lib/thumb/v7e-m+fp/hard/crt0.o (exit)
/home/garnet/gcc-arm-none-eabi-9-2019-q4-major/bin/../lib/gcc/arm-none-eabi/9.2.1/../../../../arm-none-eabi/lib/thumb/v7e-m+fp/hard/libc_nano.a(lib_a-impure.o)
                              /home/garnet/gcc-arm-none-eabi-9-2019-q4-major/bin/../lib/gcc/arm-none-eabi/9.2.1/../../../../arm-none-eabi/lib/thumb/v7e-m+fp/hard/libc_nano.a(lib_a-exit.o) (_global_impure_ptr)
/home/garnet/gcc-arm-none-eabi-9-2019-q4-major/bin/../lib/gcc/arm-none-eabi/9.2.1/../../../../arm-none-eabi/lib/thumb/v7e-m+fp/hard/libc_nano.a(lib_a-init.o)
                              /home/garnet/gcc-arm-none-eabi-9-2019-q4-major/bin/../lib/gcc/arm-none-eabi/9.2.1/../../../../arm-none-eabi/lib/thumb/v7e-m+fp/hard/crt0.o (__libc_init_array)
/home/garnet/gcc-arm-none-eabi-9-2019-q4-major/bin/../lib/gcc/arm-none-eabi/9.2.1/../../../../arm-none-eabi/lib/thumb/v7e-m+fp/hard/libc_nano.a(lib_a-memset.o)
                              /home/garnet/gcc-arm-none-eabi-9-2019-q4-major/bin/../lib/gcc/arm-none-eabi/9.2.1/../../../../arm-none-eabi/lib/thumb/v7e-m+fp/hard/crt0.o (memset)
/home/garnet/gcc-arm-none-eabi-9-2019-q4-major/bin/../lib/gcc/arm-none-eabi/9.2.1/../../../../arm-none-eabi/lib/thumb/v7e-m+fp/hard/libc_nano.a(lib_a-nano-callocr.o)
                              /home/garnet/gcc-arm-none-eabi-9-2019-q4-major/bin/../lib/gcc/arm-none-eabi/9.2.1/../../../../arm-none-eabi/lib/thumb/v7e-m+fp/hard/libc_nano.a(lib_a-calloc.o) (_calloc_r)
/home/garnet/gcc-arm-none-eabi-9-2019-q4-major/bin/../lib/gcc/arm-none-eabi/9.2.1/../../../../arm-none-eabi/lib/thumb/v7e-m+fp/hard/libc_nano.a(lib_a-nano-mallocr.o)
                              /home/garnet/gcc-arm-none-eabi-9-2019-q4-major/bin/../lib/gcc/arm-none-eabi/9.2.1/../../../../arm-none-eabi/lib/thumb/v7e-m+fp/hard/libc_nano.a(lib_a-nano-callocr.o) (_malloc_r)
/home/garnet/gcc-arm-none-eabi-9-2019-q4-major/bin/../lib/gcc/arm-none-eabi/9.2.1/../../../../arm-none-eabi/lib/thumb/v7e-m+fp/hard/libc_nano.a(lib_a-nano-vfprintf_float.o)
                              (_printf_float)
/home/garnet/gcc-arm-none-eabi-9-2019-q4-major/bin/../lib/gcc/arm-none-eabi/9.2.1/../../../../arm-none-eabi/lib/thumb/v7e-m+fp/hard/libc_nano.a(lib_a-nano-vfprintf_i.o)
                              /home/garnet/gcc-arm-none-eabi-9-2019-q4-major/bin/../lib/gcc/arm-none-eabi/9.2.1/../../../../arm-none-eabi/lib/thumb/v7e-m+fp/hard/libc_nano.a(lib_a-nano-vfprintf_float.o) (_printf_common)
/home/garnet/gcc-arm-none-eabi-9-2019-q4-major/bin/../lib/gcc/arm-none-eabi/9.2.1/../../../../arm-none-eabi/lib/thumb/v7e-m+fp/hard/libc_nano.a(lib_a-sbrkr.o)
                              /home/garnet/gcc-arm-none-eabi-9-2019-q4-major/bin/../lib/gcc/arm-none-eabi/9.2.1/../../../../arm-none-eabi/lib/thumb/v7e-m+fp/hard/libc_nano.a(lib_a-nano-mallocr.o) (_sbrk_r)
/home/garnet/gcc-arm-none-eabi-9-2019-q4-major/bin/../lib/gcc/arm-none-eabi/9.2.1/../../../../arm-none-eabi/lib/thumb/v7e-m+fp/hard/libc_nano.a(lib_a-strlen.o)
                              build/main.o (strlen)
/home/garnet/gcc-arm-none-eabi-9-2019-q4-major/bin/../lib/gcc/arm-none-eabi/9.2.1/../../../../arm-none-eabi/lib/thumb/v7e-m+fp/hard/libc_nano.a(lib_a-dtoa.o)
                              /home/garnet/gcc-arm-none-eabi-9-2019-q4-major/bin/../lib/gcc/arm-none-eabi/9.2.1/../../../../arm-none-eabi/lib/thumb/v7e-m+fp/hard/libc_nano.a(lib_a-nano-vfprintf_float.o) (_dtoa_r)
/home/garnet/gcc-arm-none-eabi-9-2019-q4-major/bin/../lib/gcc/arm-none-eabi/9.2.1/../../../../arm-none-eabi/lib/thumb/v7e-m+fp/hard/libc_nano.a(lib_a-localeconv.o)
                              /home/garnet/gcc-arm-none-eabi-9-2019-q4-major/bin/../lib/gcc/arm-none-eabi/9.2.1/../../../../arm-none-eabi/lib/thumb/v7e-m+fp/hard/libc_nano.a(lib_a-nano-vfprintf_float.o) (_localeconv_r)
/home/garnet/gcc-arm-none-eabi-9-2019-q4-major/bin/../lib/gcc/arm-none-eabi/9.2.1/../../../../arm-none-eabi/lib/thumb/v7e-m+fp/hard/libc_nano.a(lib_a-malloc.o)
                              /home/garnet/gcc-arm-none-eabi-9-2019-q4-major/bin/../lib/gcc/arm-none-eabi/9.2.1/../../../../arm-none-eabi/lib/thumb/v7e-m+fp/hard/libc_nano.a(lib_a-dtoa.o) (malloc)
/home/garnet/gcc-arm-none-eabi-9-2019-q4-major/bin/../lib/gcc/arm-none-eabi/9.2.1/../../../../arm-none-eabi/lib/thumb/v7e-m+fp/hard/libc_nano.a(lib_a-memchr.o)
[...]
Memory Configuration

Name             Origin             Length             Attributes
RAM              0x0000000020000000 0x0000000000010000 xrw
FLASH            0x0000000008000000 0x0000000000040000 xr
*default*        0x0000000000000000 0xffffffffffffffff

Linker script and memory map

LOAD /home/garnet/gcc-arm-none-eabi-9-2019-q4-major/bin/../lib/gcc/arm-none-eabi/9.2.1/thumb/v7e-m+fp/hard/crti.o
LOAD /home/garnet/gcc-arm-none-eabi-9-2019-q4-major/bin/../lib/gcc/arm-none-eabi/9.2.1/thumb/v7e-m+fp/hard/crtbegin.o
LOAD /home/garnet/gcc-arm-none-eabi-9-2019-q4-major/bin/../lib/gcc/arm-none-eabi/9.2.1/../../../../arm-none-eabi/lib/thumb/v7e-m+fp/hard/crt0.o
LOAD build/main.o
LOAD build/effects.o
LOAD build/stm32l4xx_it.o
LOAD build/stm32l4xx_hal_msp.o
LOAD build/stm32l4xx_hal.o
LOAD build/stm32l4xx_hal_i2c.o
LOAD build/stm32l4xx_hal_i2c_ex.o
LOAD build/stm32l4xx_hal_rcc.o
LOAD build/stm32l4xx_hal_rcc_ex.o
LOAD build/stm32l4xx_hal_flash.o
LOAD build/stm32l4xx_hal_flash_ex.o
LOAD build/stm32l4xx_hal_flash_ramfunc.o
LOAD build/stm32l4xx_hal_gpio.o
LOAD build/stm32l4xx_hal_dma.o
LOAD build/stm32l4xx_hal_dma_ex.o
LOAD build/stm32l4xx_hal_pwr.o
LOAD build/stm32l4xx_hal_pwr_ex.o
LOAD build/stm32l4xx_hal_cortex.o
LOAD build/stm32l4xx_hal_exti.o
LOAD build/stm32l4xx_hal_tim.o
LOAD build/stm32l4xx_hal_tim_ex.o
LOAD build/system_stm32l4xx.o
LOAD build/stm32l4xx_hal_uart.o
LOAD build/stm32l4xx_hal_uart_ex.o
LOAD build/stm32l4xx_hal_dac.o
LOAD build/stm32l4xx_hal_dac_ex.o
LOAD build/stm32l4xx_hal_adc.o
LOAD build/stm32l4xx_hal_adc_ex.o
LOAD build/startup_stm32l432xx.o
LOAD /home/garnet/gcc-arm-none-eabi-9-2019-q4-major/bin/../lib/gcc/arm-none-eabi/9.2.1/../../../../arm-none-eabi/lib/thumb/v7e-m+fp/hard/libc_nano.a
LOAD /home/garnet/gcc-arm-none-eabi-9-2019-q4-major/bin/../lib/gcc/arm-none-eabi/9.2.1/../../../../arm-none-eabi/lib/thumb/v7e-m+fp/hard/libm.a
LOAD /home/garnet/gcc-arm-none-eabi-9-2019-q4-major/bin/../lib/gcc/arm-none-eabi/9.2.1/../../../../arm-none-eabi/lib/thumb/v7e-m+fp/hard/libnosys.a
START GROUP
LOAD /home/garnet/gcc-arm-none-eabi-9-2019-q4-major/bin/../lib/gcc/arm-none-eabi/9.2.1/thumb/v7e-m+fp/hard/libgcc.a
LOAD /home/garnet/gcc-arm-none-eabi-9-2019-q4-major/bin/../lib/gcc/arm-none-eabi/9.2.1/../../../../arm-none-eabi/lib/thumb/v7e-m+fp/hard/libc_nano.a
END GROUP
START GROUP
LOAD /home/garnet/gcc-arm-none-eabi-9-2019-q4-major/bin/../lib/gcc/arm-none-eabi/9.2.1/thumb/v7e-m+fp/hard/libgcc.a
LOAD /home/garnet/gcc-arm-none-eabi-9-2019-q4-major/bin/../lib/gcc/arm-none-eabi/9.2.1/../../../../arm-none-eabi/lib/thumb/v7e-m+fp/hard/libc_nano.a
END GROUP
LOAD /home/garnet/gcc-arm-none-eabi-9-2019-q4-major/bin/../lib/gcc/arm-none-eabi/9.2.1/thumb/v7e-m+fp/hard/crtend.o
LOAD /home/garnet/gcc-arm-none-eabi-9-2019-q4-major/bin/../lib/gcc/arm-none-eabi/9.2.1/thumb/v7e-m+fp/hard/crtn.o
                0x0000000020010000                _estack = 0x20010000
                0x0000000000000200                _Min_Heap_Size = 0x200
                0x0000000000000400                _Min_Stack_Size = 0x400

.isr_vector     0x0000000008000000      0x190
                0x0000000008000000                . = ALIGN (0x8)
 *(.isr_vector)
 .isr_vector    0x0000000008000000      0x18c build/startup_stm32l432xx.o
                0x0000000008000000                g_pfnVectors
                0x0000000008000190                . = ALIGN (0x8)
 *fill*         0x000000000800018c        0x4 

.text           0x0000000008000190     0x7060
                0x0000000008000190                . = ALIGN (0x8)
 *(.text)
 .text          0x0000000008000190       0x40 /home/garnet/gcc-arm-none-eabi-9-2019-q4-major/bin/../lib/gcc/arm-none-eabi/9.2.1/thumb/v7e-m+fp/hard/crtbegin.o
 .text          0x00000000080001d0       0x10 /home/garnet/gcc-arm-none-eabi-9-2019-q4-major/bin/../lib/gcc/arm-none-eabi/9.2.1/../../../../arm-none-eabi/lib/thumb/v7e-m+fp/hard/libc_nano.a(lib_a-strlen.o)
                0x00000000080001d0                strlen
 .text          0x00000000080001e0      0x378 /home/garnet/gcc-arm-none-eabi-9-2019-q4-major/bin/../lib/gcc/arm-none-eabi/9.2.1/thumb/v7e-m+fp/hard/libgcc.a(_arm_addsubdf3.o)
                0x00000000080001e0                __aeabi_drsub
                0x00000000080001e8                __aeabi_dsub
                0x00000000080001e8                __subdf3
                0x00000000080001ec                __adddf3
                0x00000000080001ec                __aeabi_dadd
                0x0000000008000464                __aeabi_ui2d
                0x0000000008000464                __floatunsidf
                0x0000000008000484                __floatsidf
                0x0000000008000484                __aeabi_i2d
                0x00000000080004a8                __extendsfdf2
                0x00000000080004a8                __aeabi_f2d
                0x00000000080004ec                __aeabi_ul2d
                0x00000000080004ec                __floatundidf
                0x00000000080004fc                __floatdidf
                0x00000000080004fc                __aeabi_l2d
 .text          0x0000000008000558      0x424 /home/garnet/gcc-arm-none-eabi-9-2019-q4-major/bin/../lib/gcc/arm-none-eabi/9.2.1/thumb/v7e-m+fp/hard/libgcc.a(_arm_muldivdf3.o)
                0x0000000008000558                __aeabi_dmul
                0x0000000008000558                __muldf3
                0x00000000080007ac                __aeabi_ddiv
                0x00000000080007ac                __divdf3
 .text          0x000000000800097c      0x110 /home/garnet/gcc-arm-none-eabi-9-2019-q4-major/bin/../lib/gcc/arm-none-eabi/9.2.1/thumb/v7e-m+fp/hard/libgcc.a(_arm_cmpdf2.o)
                0x000000000800097c                __gtdf2
                0x000000000800097c                __gedf2
                0x0000000008000984                __ltdf2
                0x0000000008000984                __ledf2
                0x000000000800098c                __cmpdf2
                0x000000000800098c                __eqdf2
                0x000000000800098c                __nedf2
                0x0000000008000a08                __aeabi_cdrcmple
                0x0000000008000a18                __aeabi_cdcmple
                0x0000000008000a18                __aeabi_cdcmpeq
                0x0000000008000a28                __aeabi_dcmpeq
                0x0000000008000a3c                __aeabi_dcmplt
                0x0000000008000a50                __aeabi_dcmple
                0x0000000008000a64                __aeabi_dcmpge
                0x0000000008000a78                __aeabi_dcmpgt
 .text          0x0000000008000a8c       0x2c /home/garnet/gcc-arm-none-eabi-9-2019-q4-major/bin/../lib/gcc/arm-none-eabi/9.2.1/thumb/v7e-m+fp/hard/libgcc.a(_arm_unorddf2.o)
                0x0000000008000a8c                __aeabi_dcmpun
                0x0000000008000a8c                __unorddf2
 .text          0x0000000008000ab8       0x50 /home/garnet/gcc-arm-none-eabi-9-2019-q4-major/bin/../lib/gcc/arm-none-eabi/9.2.1/thumb/v7e-m+fp/hard/libgcc.a(_arm_fixdfsi.o)
                0x0000000008000ab8                __fixdfsi
                0x0000000008000ab8                __aeabi_d2iz
 .text          0x0000000008000b08       0xa0 /home/garnet/gcc-arm-none-eabi-9-2019-q4-major/bin/../lib/gcc/arm-none-eabi/9.2.1/thumb/v7e-m+fp/hard/libgcc.a(_arm_truncdfsf2.o)
                0x0000000008000b08                __aeabi_d2f
                0x0000000008000b08                __truncdfsf2
 .text          0x0000000008000ba8       0x30 /home/garnet/gcc-arm-none-eabi-9-2019-q4-major/bin/../lib/gcc/arm-none-eabi/9.2.1/thumb/v7e-m+fp/hard/libgcc.a(_aeabi_uldivmod.o)
                0x0000000008000ba8                __aeabi_uldivmod
 .text          0x0000000008000bd8      0x2c4 /home/garnet/gcc-arm-none-eabi-9-2019-q4-major/bin/../lib/gcc/arm-none-eabi/9.2.1/thumb/v7e-m+fp/hard/libgcc.a(_udivmoddi4.o)
                0x0000000008000bd8                __udivmoddi4
 .text          0x0000000008000e9c        0x4 /home/garnet/gcc-arm-none-eabi-9-2019-q4-major/bin/../lib/gcc/arm-none-eabi/9.2.1/thumb/v7e-m+fp/hard/libgcc.a(_dvmd_tls.o)
                0x0000000008000e9c                __aeabi_ldiv0
                0x0000000008000e9c                __aeabi_idiv0
 *(.text*)
 .text.MX_GPIO_Init
                0x0000000008000ea0       0x98 build/main.o
 .text.MX_DMA_Init
                0x0000000008000f38       0x34 build/main.o
 .text.MX_ADC1_Init
                0x0000000008000f6c       0xec build/main.o
 .text.MX_DAC1_Init
                0x0000000008001058       0x3c build/main.o
 .text.MX_USART2_UART_Init
                0x0000000008001094       0x30 build/main.o
 .text.MX_TIM2_Init
                0x00000000080010c4       0x54 build/main.o
 .text.MX_TIM15_Init
                0x0000000008001118       0x58 build/main.o
 .text.debugPrintln
                0x0000000008001170       0x30 build/main.o
                0x0000000008001170                debugPrintln
 .text.HAL_ADC_ConvHalfCpltCallback
                0x00000000080011a0       0x14 build/main.o
                0x00000000080011a0                HAL_ADC_ConvHalfCpltCallback
 .text.HAL_ADC_ConvCpltCallback
                0x00000000080011b4       0x14 build/main.o
                0x00000000080011b4                HAL_ADC_ConvCpltCallback
 .text.SystemClock_Config
                0x00000000080011c8       0xbc build/main.o
                0x00000000080011c8                SystemClock_Config
 *fill*         0x0000000008001284        0x4 
 .text.main     0x0000000008001288      0x1dc build/main.o
                0x0000000008001288                main
 .text.Error_Handler
                0x0000000008001464        0x2 build/main.o
                0x0000000008001464                Error_Handler
 .text.step_antinoise
                0x0000000008001466       0x3e build/effects.o
                0x0000000008001466                step_antinoise
 .text.default_init_antinoise
                0x00000000080014a4       0x18 build/effects.o
                0x00000000080014a4                default_init_antinoise
 .text.step_reverb
                0x00000000080014bc       0x58 build/effects.o
                0x00000000080014bc                step_reverb
 .text.default_init_reverb
                0x0000000008001514       0x24 build/effects.o
                0x0000000008001514                default_init_reverb
 .text.step_chorus
                0x0000000008001538      0x144 build/effects.o
                0x0000000008001538                step_chorus
 .text.default_init_chorus
                0x000000000800167c       0x38 build/effects.o
                0x000000000800167c                default_init_chorus
 .text.NMI_Handler
                0x00000000080016b4        0x2 build/stm32l4xx_it.o
                0x00000000080016b4                NMI_Handler
 .text.HardFault_Handler
                0x00000000080016b6        0x2 build/stm32l4xx_it.o
                0x00000000080016b6                HardFault_Handler
 .text.MemManage_Handler
                0x00000000080016b8        0x2 build/stm32l4xx_it.o
                0x00000000080016b8                MemManage_Handler
 .text.BusFault_Handler
                0x00000000080016ba        0x2 build/stm32l4xx_it.o
                0x00000000080016ba                BusFault_Handler
 .text.UsageFault_Handler
                0x00000000080016bc        0x2 build/stm32l4xx_it.o
                0x00000000080016bc                UsageFault_Handler
 .text.SVC_Handler
                0x00000000080016be        0x2 build/stm32l4xx_it.o
                0x00000000080016be                SVC_Handler
 .text.DebugMon_Handler
                0x00000000080016c0        0x2 build/stm32l4xx_it.o
                0x00000000080016c0                DebugMon_Handler
 .text.PendSV_Handler
                0x00000000080016c2        0x2 build/stm32l4xx_it.o
                0x00000000080016c2                PendSV_Handler
 .text.SysTick_Handler
                0x00000000080016c4        0x8 build/stm32l4xx_it.o
                0x00000000080016c4                SysTick_Handler
 .text.TIM1_BRK_TIM15_IRQHandler
                0x00000000080016cc       0x24 build/stm32l4xx_it.o
                0x00000000080016cc                TIM1_BRK_TIM15_IRQHandler
 .text.TIM2_IRQHandler
                0x00000000080016f0       0x50 build/stm32l4xx_it.o
                0x00000000080016f0                TIM2_IRQHandler
 .text.DMA2_Channel3_IRQHandler
                0x0000000008001740       0x10 build/stm32l4xx_it.o
                0x0000000008001740                DMA2_Channel3_IRQHandler
 .text.HAL_MspInit
                0x0000000008001750       0x30 build/stm32l4xx_hal_msp.o
                0x0000000008001750                HAL_MspInit
 .text.HAL_ADC_MspInit
                0x0000000008001780       0xc8 build/stm32l4xx_hal_msp.o
                0x0000000008001780                HAL_ADC_MspInit
 .text.HAL_DAC_MspInit
                0x0000000008001848       0x64 build/stm32l4xx_hal_msp.o
                0x0000000008001848                HAL_DAC_MspInit
 .text.HAL_TIM_Base_MspInit
                0x00000000080018ac       0x70 build/stm32l4xx_hal_msp.o
                0x00000000080018ac                HAL_TIM_Base_MspInit
 .text.HAL_UART_MspInit
                0x000000000800191c       0x80 build/stm32l4xx_hal_msp.o
                0x000000000800191c                HAL_UART_MspInit
 .text.HAL_InitTick
                0x000000000800199c       0x50 build/stm32l4xx_hal.o
                0x000000000800199c                HAL_InitTick
 .text.HAL_Init
                0x00000000080019ec       0x1e build/stm32l4xx_hal.o
                0x00000000080019ec                HAL_Init
 *fill*         0x0000000008001a0a        0x2 
 .text.HAL_IncTick
                0x0000000008001a0c       0x18 build/stm32l4xx_hal.o
                0x0000000008001a0c                HAL_IncTick
 .text.HAL_GetTick
                0x0000000008001a24        0xc build/stm32l4xx_hal.o
                0x0000000008001a24                HAL_GetTick
 .text.HAL_Delay
                0x0000000008001a30       0x28 build/stm32l4xx_hal.o
                0x0000000008001a30                HAL_Delay
 .text.RCC_SetFlashLatencyFromMSIRange
                0x0000000008001a58       0x90 build/stm32l4xx_hal_rcc.o
 .text.HAL_RCC_GetSysClockFreq
                0x0000000008001ae8       0xb4 build/stm32l4xx_hal_rcc.o
                0x0000000008001ae8                HAL_RCC_GetSysClockFreq
 .text.HAL_RCC_OscConfig
                0x0000000008001b9c      0x680 build/stm32l4xx_hal_rcc.o
                0x0000000008001b9c                HAL_RCC_OscConfig
 .text.HAL_RCC_ClockConfig
                0x000000000800221c      0x15c build/stm32l4xx_hal_rcc.o
                0x000000000800221c                HAL_RCC_ClockConfig
 .text.HAL_RCC_GetHCLKFreq
                0x0000000008002378        0xc build/stm32l4xx_hal_rcc.o
                0x0000000008002378                HAL_RCC_GetHCLKFreq
 .text.HAL_RCC_GetPCLK1Freq
                0x0000000008002384       0x24 build/stm32l4xx_hal_rcc.o
                0x0000000008002384                HAL_RCC_GetPCLK1Freq
 .text.HAL_RCC_GetPCLK2Freq
                0x00000000080023a8       0x24 build/stm32l4xx_hal_rcc.o
                0x00000000080023a8                HAL_RCC_GetPCLK2Freq
 .text.RCCEx_PLLSAI1_Config
                0x00000000080023cc      0x16c build/stm32l4xx_hal_rcc_ex.o
 .text.HAL_RCCEx_PeriphCLKConfig
                0x0000000008002538      0x2e8 build/stm32l4xx_hal_rcc_ex.o
                0x0000000008002538                HAL_RCCEx_PeriphCLKConfig
 .text.HAL_RCCEx_EnableMSIPLLMode
                0x0000000008002820       0x10 build/stm32l4xx_hal_rcc_ex.o
                0x0000000008002820                HAL_RCCEx_EnableMSIPLLMode
 .text.HAL_GPIO_Init
                0x0000000008002830      0x180 build/stm32l4xx_hal_gpio.o
                0x0000000008002830                HAL_GPIO_Init
 .text.HAL_GPIO_WritePin
                0x00000000080029b0        0xa build/stm32l4xx_hal_gpio.o
                0x00000000080029b0                HAL_GPIO_WritePin
 .text.DMA_SetConfig
                0x00000000080029ba       0x30 build/stm32l4xx_hal_dma.o
 *fill*         0x00000000080029ea        0x2 
 .text.HAL_DMA_Init
                0x00000000080029ec       0xf8 build/stm32l4xx_hal_dma.o
                0x00000000080029ec                HAL_DMA_Init
 .text.HAL_DMA_Start_IT
                0x0000000008002ae4       0x76 build/stm32l4xx_hal_dma.o
                0x0000000008002ae4                HAL_DMA_Start_IT
 .text.HAL_DMA_IRQHandler
                0x0000000008002b5a       0xc4 build/stm32l4xx_hal_dma.o
                0x0000000008002b5a                HAL_DMA_IRQHandler
 *fill*         0x0000000008002c1e        0x2 
 .text.HAL_PWR_EnableBkUpAccess
                0x0000000008002c20       0x10 build/stm32l4xx_hal_pwr.o
                0x0000000008002c20                HAL_PWR_EnableBkUpAccess
 .text.HAL_PWREx_GetVoltageRange
                0x0000000008002c30       0x10 build/stm32l4xx_hal_pwr_ex.o
                0x0000000008002c30                HAL_PWREx_GetVoltageRange
 .text.HAL_PWREx_ControlVoltageScaling
                0x0000000008002c40       0x90 build/stm32l4xx_hal_pwr_ex.o
                0x0000000008002c40                HAL_PWREx_ControlVoltageScaling
 .text.HAL_NVIC_SetPriorityGrouping
                0x0000000008002cd0       0x24 build/stm32l4xx_hal_cortex.o
                0x0000000008002cd0                HAL_NVIC_SetPriorityGrouping
 .text.HAL_NVIC_SetPriority
                0x0000000008002cf4       0x68 build/stm32l4xx_hal_cortex.o
                0x0000000008002cf4                HAL_NVIC_SetPriority
 .text.HAL_NVIC_EnableIRQ
                0x0000000008002d5c       0x1c build/stm32l4xx_hal_cortex.o
                0x0000000008002d5c                HAL_NVIC_EnableIRQ
 .text.HAL_SYSTICK_Config
                0x0000000008002d78       0x2c build/stm32l4xx_hal_cortex.o
                0x0000000008002d78                HAL_SYSTICK_Config
 .text.TIM_TI1_ConfigInputStage
                0x0000000008002da4       0x24 build/stm32l4xx_hal_tim.o
 .text.TIM_TI2_ConfigInputStage
                0x0000000008002dc8       0x26 build/stm32l4xx_hal_tim.o
 .text.TIM_ITRx_SetConfig
                0x0000000008002dee       0x10 build/stm32l4xx_hal_tim.o
 *fill*         0x0000000008002dfe        0x2 
 .text.HAL_TIM_Base_Start_IT
                0x0000000008002e00       0x2c build/stm32l4xx_hal_tim.o
                0x0000000008002e00                HAL_TIM_Base_Start_IT
 .text.HAL_TIM_PeriodElapsedCallback
                0x0000000008002e2c        0x2 build/stm32l4xx_hal_tim.o
                0x0000000008002e2c                HAL_TIM_PeriodElapsedCallback
 .text.HAL_TIM_OC_DelayElapsedCallback
                0x0000000008002e2e        0x2 build/stm32l4xx_hal_tim.o
                0x0000000008002e2e                HAL_TIM_OC_DelayElapsedCallback
 .text.HAL_TIM_IC_CaptureCallback
                0x0000000008002e30        0x2 build/stm32l4xx_hal_tim.o
                0x0000000008002e30                HAL_TIM_IC_CaptureCallback
 .text.HAL_TIM_PWM_PulseFinishedCallback
                0x0000000008002e32        0x2 build/stm32l4xx_hal_tim.o
                0x0000000008002e32                HAL_TIM_PWM_PulseFinishedCallback
 .text.HAL_TIM_TriggerCallback
                0x0000000008002e34        0x2 build/stm32l4xx_hal_tim.o
                0x0000000008002e34                HAL_TIM_TriggerCallback
 .text.HAL_TIM_IRQHandler
                0x0000000008002e36      0x19a build/stm32l4xx_hal_tim.o
                0x0000000008002e36                HAL_TIM_IRQHandler
 .text.TIM_Base_SetConfig
                0x0000000008002fd0       0x70 build/stm32l4xx_hal_tim.o
                0x0000000008002fd0                TIM_Base_SetConfig
 .text.HAL_TIM_Base_Init
                0x0000000008003040       0x34 build/stm32l4xx_hal_tim.o
                0x0000000008003040                HAL_TIM_Base_Init
 .text.TIM_ETR_SetConfig
                0x0000000008003074       0x18 build/stm32l4xx_hal_tim.o
                0x0000000008003074                TIM_ETR_SetConfig
 .text.HAL_TIM_ConfigClockSource
                0x000000000800308c       0xdc build/stm32l4xx_hal_tim.o
                0x000000000800308c                HAL_TIM_ConfigClockSource
 .text.HAL_TIMEx_MasterConfigSynchronization
                0x0000000008003168       0x70 build/stm32l4xx_hal_tim_ex.o
                0x0000000008003168                HAL_TIMEx_MasterConfigSynchronization
 .text.HAL_TIMEx_CommutCallback
                0x00000000080031d8        0x2 build/stm32l4xx_hal_tim_ex.o
                0x00000000080031d8                HAL_TIMEx_CommutCallback
 .text.HAL_TIMEx_BreakCallback
                0x00000000080031da        0x2 build/stm32l4xx_hal_tim_ex.o
                0x00000000080031da                HAL_TIMEx_BreakCallback
 .text.HAL_TIMEx_Break2Callback
                0x00000000080031dc        0x2 build/stm32l4xx_hal_tim_ex.o
                0x00000000080031dc                HAL_TIMEx_Break2Callback
 *fill*         0x00000000080031de        0x2 
 .text.SystemInit
                0x00000000080031e0       0x48 build/system_stm32l4xx.o
                0x00000000080031e0                SystemInit
 .text.UART_SetConfig
                0x0000000008003228      0x34c build/stm32l4xx_hal_uart.o
                0x0000000008003228                UART_SetConfig
 .text.UART_AdvFeatureConfig
                0x0000000008003574       0xca build/stm32l4xx_hal_uart.o
                0x0000000008003574                UART_AdvFeatureConfig
 .text.UART_WaitOnFlagUntilTimeout
                0x000000000800363e       0xa2 build/stm32l4xx_hal_uart.o
                0x000000000800363e                UART_WaitOnFlagUntilTimeout
 .text.HAL_UART_Transmit
                0x00000000080036e0       0xd6 build/stm32l4xx_hal_uart.o
                0x00000000080036e0                HAL_UART_Transmit
 .text.UART_CheckIdleState
                0x00000000080037b6       0x6c build/stm32l4xx_hal_uart.o
                0x00000000080037b6                UART_CheckIdleState
 .text.HAL_UART_Init
                0x0000000008003822       0x62 build/stm32l4xx_hal_uart.o
                0x0000000008003822                HAL_UART_Init
 .text.HAL_DAC_Init
                0x0000000008003884       0x24 build/stm32l4xx_hal_dac.o
                0x0000000008003884                HAL_DAC_Init
 .text.HAL_DAC_Start
                0x00000000080038a8       0x60 build/stm32l4xx_hal_dac.o
                0x00000000080038a8                HAL_DAC_Start
 .text.HAL_DAC_SetValue
                0x0000000008003908       0x2e build/stm32l4xx_hal_dac.o
                0x0000000008003908                HAL_DAC_SetValue
 .text.HAL_DAC_ConfigChannel
                0x0000000008003936      0x136 build/stm32l4xx_hal_dac.o
                0x0000000008003936                HAL_DAC_ConfigChannel
 .text.HAL_ADC_Init
                0x0000000008003a6c      0x1d8 build/stm32l4xx_hal_adc.o
                0x0000000008003a6c                HAL_ADC_Init
 .text.ADC_DMAHalfConvCplt
                0x0000000008003c44        0xa build/stm32l4xx_hal_adc.o
                0x0000000008003c44                ADC_DMAHalfConvCplt
 .text.HAL_ADC_ErrorCallback
                0x0000000008003c4e        0x2 build/stm32l4xx_hal_adc.o
                0x0000000008003c4e                HAL_ADC_ErrorCallback
 .text.ADC_DMAConvCplt
                0x0000000008003c50       0x88 build/stm32l4xx_hal_adc.o
                0x0000000008003c50                ADC_DMAConvCplt
 .text.ADC_DMAError
                0x0000000008003cd8       0x1a build/stm32l4xx_hal_adc.o
                0x0000000008003cd8                ADC_DMAError
 *fill*         0x0000000008003cf2        0x2 
 .text.HAL_ADC_ConfigChannel
                0x0000000008003cf4      0x438 build/stm32l4xx_hal_adc.o
                0x0000000008003cf4                HAL_ADC_ConfigChannel
 .text.ADC_Enable
                0x000000000800412c       0x90 build/stm32l4xx_hal_adc.o
                0x000000000800412c                ADC_Enable
 .text.HAL_ADC_Start_DMA
                0x00000000080041bc       0xc0 build/stm32l4xx_hal_adc.o
                0x00000000080041bc                HAL_ADC_Start_DMA
 .text.Reset_Handler
                0x000000000800427c       0x50 build/startup_stm32l432xx.o
                0x000000000800427c                Reset_Handler
 .text.Default_Handler
                0x00000000080042cc        0x2 build/startup_stm32l432xx.o
                0x00000000080042cc                RTC_Alarm_IRQHandler
                0x00000000080042cc                EXTI2_IRQHandler
                0x00000000080042cc                TIM1_CC_IRQHandler
                0x00000000080042cc                TSC_IRQHandler
                0x00000000080042cc                TAMP_STAMP_IRQHandler
                0x00000000080042cc                EXTI3_IRQHandler
                0x00000000080042cc                LPTIM2_IRQHandler
                0x00000000080042cc                I2C3_ER_IRQHandler
                0x00000000080042cc                EXTI0_IRQHandler
                0x00000000080042cc                CAN1_RX0_IRQHandler
                0x00000000080042cc                FPU_IRQHandler
                0x00000000080042cc                TIM1_UP_TIM16_IRQHandler
                0x00000000080042cc                SPI1_IRQHandler
                0x00000000080042cc                TIM6_DAC_IRQHandler
                0x00000000080042cc                DMA2_Channel2_IRQHandler
                0x00000000080042cc                DMA1_Channel4_IRQHandler
                0x00000000080042cc                ADC1_IRQHandler
                0x00000000080042cc                DMA1_Channel7_IRQHandler
                0x00000000080042cc                CAN1_RX1_IRQHandler
                0x00000000080042cc                DMA2_Channel1_IRQHandler
                0x00000000080042cc                QUADSPI_IRQHandler
                0x00000000080042cc                I2C1_EV_IRQHandler
                0x00000000080042cc                DMA1_Channel6_IRQHandler
                0x00000000080042cc                DMA2_Channel4_IRQHandler
                0x00000000080042cc                RCC_IRQHandler
                0x00000000080042cc                TIM1_TRG_COM_IRQHandler
                0x00000000080042cc                DMA1_Channel1_IRQHandler
                0x00000000080042cc                Default_Handler
                0x00000000080042cc                DMA2_Channel7_IRQHandler
                0x00000000080042cc                EXTI15_10_IRQHandler
                0x00000000080042cc                TIM7_IRQHandler
                0x00000000080042cc                I2C3_EV_IRQHandler
                0x00000000080042cc                USB_IRQHandler
                0x00000000080042cc                EXTI9_5_IRQHandler
                0x00000000080042cc                RTC_WKUP_IRQHandler
                0x00000000080042cc                PVD_PVM_IRQHandler
                0x00000000080042cc                CAN1_TX_IRQHandler
                0x00000000080042cc                DMA2_Channel5_IRQHandler
                0x00000000080042cc                CRS_IRQHandler
                0x00000000080042cc                DMA1_Channel5_IRQHandler
                0x00000000080042cc                EXTI4_IRQHandler
                0x00000000080042cc                RNG_IRQHandler
                0x00000000080042cc                DMA1_Channel3_IRQHandler
                0x00000000080042cc                COMP_IRQHandler
                0x00000000080042cc                WWDG_IRQHandler
                0x00000000080042cc                LPUART1_IRQHandler
                0x00000000080042cc                DMA2_Channel6_IRQHandler
                0x00000000080042cc                EXTI1_IRQHandler
                0x00000000080042cc                USART2_IRQHandler
                0x00000000080042cc                DMA1_Channel2_IRQHandler
                0x00000000080042cc                CAN1_SCE_IRQHandler
                0x00000000080042cc                FLASH_IRQHandler
                0x00000000080042cc                USART1_IRQHandler
                0x00000000080042cc                SPI3_IRQHandler
                0x00000000080042cc                I2C1_ER_IRQHandler
                0x00000000080042cc                SWPMI1_IRQHandler
                0x00000000080042cc                LPTIM1_IRQHandler
                0x00000000080042cc                SAI1_IRQHandler
 *fill*         0x00000000080042ce        0x2 
 .text.calloc   0x00000000080042d0       0x10 /home/garnet/gcc-arm-none-eabi-9-2019-q4-major/bin/../lib/gcc/arm-none-eabi/9.2.1/../../../../arm-none-eabi/lib/thumb/v7e-m+fp/hard/libc_nano.a(lib_a-calloc.o)
                0x00000000080042d0                calloc
 .text.__libc_init_array
                0x00000000080042e0       0x48 /home/garnet/gcc-arm-none-eabi-9-2019-q4-major/bin/../lib/gcc/arm-none-eabi/9.2.1/../../../../arm-none-eabi/lib/thumb/v7e-m+fp/hard/libc_nano.a(lib_a-init.o)
                0x00000000080042e0                __libc_init_array
 .text.memset   0x0000000008004328       0x10 /home/garnet/gcc-arm-none-eabi-9-2019-q4-major/bin/../lib/gcc/arm-none-eabi/9.2.1/../../../../arm-none-eabi/lib/thumb/v7e-m+fp/hard/libc_nano.a(lib_a-memset.o)
                0x0000000008004328                memset
 .text._calloc_r
                0x0000000008004338       0x1e /home/garnet/gcc-arm-none-eabi-9-2019-q4-major/bin/../lib/gcc/arm-none-eabi/9.2.1/../../../../arm-none-eabi/lib/thumb/v7e-m+fp/hard/libc_nano.a(lib_a-nano-callocr.o)
                0x0000000008004338                _calloc_r
 *fill*         0x0000000008004356        0x2 
 .text._malloc_r
                0x0000000008004358       0xb4 /home/garnet/gcc-arm-none-eabi-9-2019-q4-major/bin/../lib/gcc/arm-none-eabi/9.2.1/../../../../arm-none-eabi/lib/thumb/v7e-m+fp/hard/libc_nano.a(lib_a-nano-mallocr.o)
                0x0000000008004358                _malloc_r
 .text.__cvt    0x000000000800440c       0xc4 /home/garnet/gcc-arm-none-eabi-9-2019-q4-major/bin/../lib/gcc/arm-none-eabi/9.2.1/../../../../arm-none-eabi/lib/thumb/v7e-m+fp/hard/libc_nano.a(lib_a-nano-vfprintf_float.o)
                0x000000000800440c                __cvt
 .text.__exponent
                0x00000000080044d0       0x7c /home/garnet/gcc-arm-none-eabi-9-2019-q4-major/bin/../lib/gcc/arm-none-eabi/9.2.1/../../../../arm-none-eabi/lib/thumb/v7e-m+fp/hard/libc_nano.a(lib_a-nano-vfprintf_float.o)
                0x00000000080044d0                __exponent
 .text._printf_float
                0x000000000800454c      0x46c /home/garnet/gcc-arm-none-eabi-9-2019-q4-major/bin/../lib/gcc/arm-none-eabi/9.2.1/../../../../arm-none-eabi/lib/thumb/v7e-m+fp/hard/libc_nano.a(lib_a-nano-vfprintf_float.o)
                0x000000000800454c                _printf_float
 .text._printf_common
                0x00000000080049b8       0xda /home/garnet/gcc-arm-none-eabi-9-2019-q4-major/bin/../lib/gcc/arm-none-eabi/9.2.1/../../../../arm-none-eabi/lib/thumb/v7e-m+fp/hard/libc_nano.a(lib_a-nano-vfprintf_i.o)
                0x00000000080049b8                _printf_common
 *fill*         0x0000000008004a92        0x2 
 .text._sbrk_r  0x0000000008004a94       0x20 /home/garnet/gcc-arm-none-eabi-9-2019-q4-major/bin/../lib/gcc/arm-none-eabi/9.2.1/../../../../arm-none-eabi/lib/thumb/v7e-m+fp/hard/libc_nano.a(lib_a-sbrkr.o)
                0x0000000008004a94                _sbrk_r
 .text.quorem   0x0000000008004ab4      0x116 /home/garnet/gcc-arm-none-eabi-9-2019-q4-major/bin/../lib/gcc/arm-none-eabi/9.2.1/../../../../arm-none-eabi/lib/thumb/v7e-m+fp/hard/libc_nano.a(lib_a-dtoa.o)
 *fill*         0x0000000008004bca        0x6 
 .text._dtoa_r  0x0000000008004bd0      0xbbc /home/garnet/gcc-arm-none-eabi-9-2019-q4-major/bin/../lib/gcc/arm-none-eabi/9.2.1/../../../../arm-none-eabi/lib/thumb/v7e-m+fp/hard/libc_nano.a(lib_a-dtoa.o)
                0x0000000008004bd0                _dtoa_r
 .text._localeconv_r
                0x000000000800578c        0x8 /home/garnet/gcc-arm-none-eabi-9-2019-q4-major/bin/../lib/gcc/arm-none-eabi/9.2.1/../../../../arm-none-eabi/lib/thumb/v7e-m+fp/hard/libc_nano.a(lib_a-localeconv.o)
                0x000000000800578c                _localeconv_r
 .text.malloc   0x0000000008005794       0x10 /home/garnet/gcc-arm-none-eabi-9-2019-q4-major/bin/../lib/gcc/arm-none-eabi/9.2.1/../../../../arm-none-eabi/lib/thumb/v7e-m+fp/hard/libc_nano.a(lib_a-malloc.o)
                0x0000000008005794                malloc
 .text.memcpy   0x00000000080057a4       0x1c /home/garnet/gcc-arm-none-eabi-9-2019-q4-major/bin/../lib/gcc/arm-none-eabi/9.2.1/../../../../arm-none-eabi/lib/thumb/v7e-m+fp/hard/libc_nano.a(lib_a-memcpy-stub.o)
                0x00000000080057a4                memcpy
 .text.__malloc_lock
                0x00000000080057c0        0xc /home/garnet/gcc-arm-none-eabi-9-2019-q4-major/bin/../lib/gcc/arm-none-eabi/9.2.1/../../../../arm-none-eabi/lib/thumb/v7e-m+fp/hard/libc_nano.a(lib_a-mlock.o)
                0x00000000080057c0                __malloc_lock
 .text.__malloc_unlock
                0x00000000080057cc        0xc /home/garnet/gcc-arm-none-eabi-9-2019-q4-major/bin/../lib/gcc/arm-none-eabi/9.2.1/../../../../arm-none-eabi/lib/thumb/v7e-m+fp/hard/libc_nano.a(lib_a-mlock.o)
                0x00000000080057cc                __malloc_unlock
 .text._Balloc  0x00000000080057d8       0x68 /home/garnet/gcc-arm-none-eabi-9-2019-q4-major/bin/../lib/gcc/arm-none-eabi/9.2.1/../../../../arm-none-eabi/lib/thumb/v7e-m+fp/hard/libc_nano.a(lib_a-mprec.o)
                0x00000000080057d8                _Balloc
 .text._Bfree   0x0000000008005840       0x2e /home/garnet/gcc-arm-none-eabi-9-2019-q4-major/bin/../lib/gcc/arm-none-eabi/9.2.1/../../../../arm-none-eabi/lib/thumb/v7e-m+fp/hard/libc_nano.a(lib_a-mprec.o)
                0x0000000008005840                _Bfree
 .text.__multadd
                0x000000000800586e       0x7c /home/garnet/gcc-arm-none-eabi-9-2019-q4-major/bin/../lib/gcc/arm-none-eabi/9.2.1/../../../../arm-none-eabi/lib/thumb/v7e-m+fp/hard/libc_nano.a(lib_a-mprec.o)
                0x000000000800586e                __multadd
 .text.__hi0bits
                0x00000000080058ea       0x40 /home/garnet/gcc-arm-none-eabi-9-2019-q4-major/bin/../lib/gcc/arm-none-eabi/9.2.1/../../../../arm-none-eabi/lib/thumb/v7e-m+fp/hard/libc_nano.a(lib_a-mprec.o)
                0x00000000080058ea                __hi0bits
 .text.__lo0bits
                0x000000000800592a       0x60 /home/garnet/gcc-arm-none-eabi-9-2019-q4-major/bin/../lib/gcc/arm-none-eabi/9.2.1/../../../../arm-none-eabi/lib/thumb/v7e-m+fp/hard/libc_nano.a(lib_a-mprec.o)
                0x000000000800592a                __lo0bits
 .text.__i2b    0x000000000800598a       0x12 /home/garnet/gcc-arm-none-eabi-9-2019-q4-major/bin/../lib/gcc/arm-none-eabi/9.2.1/../../../../arm-none-eabi/lib/thumb/v7e-m+fp/hard/libc_nano.a(lib_a-mprec.o)
                0x000000000800598a                __i2b
 .text.__multiply
                0x000000000800599c      0x138 /home/garnet/gcc-arm-none-eabi-9-2019-q4-major/bin/../lib/gcc/arm-none-eabi/9.2.1/../../../../arm-none-eabi/lib/thumb/v7e-m+fp/hard/libc_nano.a(lib_a-mprec.o)
                0x000000000800599c                __multiply
 .text.__pow5mult
                0x0000000008005ad4       0x9c /home/garnet/gcc-arm-none-eabi-9-2019-q4-major/bin/../lib/gcc/arm-none-eabi/9.2.1/../../../../arm-none-eabi/lib/thumb/v7e-m+fp/hard/libc_nano.a(lib_a-mprec.o)
                0x0000000008005ad4                __pow5mult
 .text.__lshift
                0x0000000008005b70       0xbe /home/garnet/gcc-arm-none-eabi-9-2019-q4-major/bin/../lib/gcc/arm-none-eabi/9.2.1/../../../../arm-none-eabi/lib/thumb/v7e-m+fp/hard/libc_nano.a(lib_a-mprec.o)
                0x0000000008005b70                __lshift
 .text.__mcmp   0x0000000008005c2e       0x38 /home/garnet/gcc-arm-none-eabi-9-2019-q4-major/bin/../lib/gcc/arm-none-eabi/9.2.1/../../../../arm-none-eabi/lib/thumb/v7e-m+fp/hard/libc_nano.a(lib_a-mprec.o)
                0x0000000008005c2e                __mcmp
 .text.__mdiff  0x0000000008005c66       0xec /home/garnet/gcc-arm-none-eabi-9-2019-q4-major/bin/../lib/gcc/arm-none-eabi/9.2.1/../../../../arm-none-eabi/lib/thumb/v7e-m+fp/hard/libc_nano.a(lib_a-mprec.o)
                0x0000000008005c66                __mdiff
 .text.__d2b    0x0000000008005d52       0xa0 /home/garnet/gcc-arm-none-eabi-9-2019-q4-major/bin/../lib/gcc/arm-none-eabi/9.2.1/../../../../arm-none-eabi/lib/thumb/v7e-m+fp/hard/libc_nano.a(lib_a-mprec.o)
                0x0000000008005d52                __d2b
 .text.__retarget_lock_acquire_recursive
                0x0000000008005df2        0x2 /home/garnet/gcc-arm-none-eabi-9-2019-q4-major/bin/../lib/gcc/arm-none-eabi/9.2.1/../../../../arm-none-eabi/lib/thumb/v7e-m+fp/hard/libc_nano.a(lib_a-lock.o)
                0x0000000008005df2                __retarget_lock_acquire_recursive
 .text.__retarget_lock_release_recursive
                0x0000000008005df4        0x2 /home/garnet/gcc-arm-none-eabi-9-2019-q4-major/bin/../lib/gcc/arm-none-eabi/9.2.1/../../../../arm-none-eabi/lib/thumb/v7e-m+fp/hard/libc_nano.a(lib_a-lock.o)
                0x0000000008005df4                __retarget_lock_release_recursive
 .text.__ascii_mbtowc
                0x0000000008005df6       0x24 /home/garnet/gcc-arm-none-eabi-9-2019-q4-major/bin/../lib/gcc/arm-none-eabi/9.2.1/../../../../arm-none-eabi/lib/thumb/v7e-m+fp/hard/libc_nano.a(lib_a-mbtowc_r.o)
                0x0000000008005df6                __ascii_mbtowc
 .text.__ascii_wctomb
                0x0000000008005e1a       0x1a /home/garnet/gcc-arm-none-eabi-9-2019-q4-major/bin/../lib/gcc/arm-none-eabi/9.2.1/../../../../arm-none-eabi/lib/thumb/v7e-m+fp/hard/libc_nano.a(lib_a-wctomb_r.o)
                0x0000000008005e1a                __ascii_wctomb
 *fill*         0x0000000008005e34        0x4 
 .text.atan     0x0000000008005e38      0x368 /home/garnet/gcc-arm-none-eabi-9-2019-q4-major/bin/../lib/gcc/arm-none-eabi/9.2.1/../../../../arm-none-eabi/lib/thumb/v7e-m+fp/hard/libm.a(lib_a-s_atan.o)
                0x0000000008005e38                atan
 .text.fabs     0x00000000080061a0       0x14 /home/garnet/gcc-arm-none-eabi-9-2019-q4-major/bin/../lib/gcc/arm-none-eabi/9.2.1/../../../../arm-none-eabi/lib/thumb/v7e-m+fp/hard/libm.a(lib_a-s_fabs.o)
                0x00000000080061a0                fabs
 .text.fabsf    0x00000000080061b4       0x10 /home/garnet/gcc-arm-none-eabi-9-2019-q4-major/bin/../lib/gcc/arm-none-eabi/9.2.1/../../../../arm-none-eabi/lib/thumb/v7e-m+fp/hard/libm.a(lib_a-sf_fabs.o)
                0x00000000080061b4                fabsf
 .text.sinf     0x00000000080061c4       0x94 /home/garnet/gcc-arm-none-eabi-9-2019-q4-major/bin/../lib/gcc/arm-none-eabi/9.2.1/../../../../arm-none-eabi/lib/thumb/v7e-m+fp/hard/libm.a(lib_a-sf_sin.o)
                0x00000000080061c4                sinf
 .text.fmod     0x0000000008006258       0xd0 /home/garnet/gcc-arm-none-eabi-9-2019-q4-major/bin/../lib/gcc/arm-none-eabi/9.2.1/../../../../arm-none-eabi/lib/thumb/v7e-m+fp/hard/libm.a(lib_a-w_fmod.o)
                0x0000000008006258                fmod
 .text.__ieee754_fmod
                0x0000000008006328      0x280 /home/garnet/gcc-arm-none-eabi-9-2019-q4-major/bin/../lib/gcc/arm-none-eabi/9.2.1/../../../../arm-none-eabi/lib/thumb/v7e-m+fp/hard/libm.a(lib_a-e_fmod.o)
                0x0000000008006328                __ieee754_fmod
 .text.__ieee754_rem_pio2f
                0x00000000080065a8      0x294 /home/garnet/gcc-arm-none-eabi-9-2019-q4-major/bin/../lib/gcc/arm-none-eabi/9.2.1/../../../../arm-none-eabi/lib/thumb/v7e-m+fp/hard/libm.a(lib_a-ef_rem_pio2.o)
                0x00000000080065a8                __ieee754_rem_pio2f
 .text.__kernel_cosf
                0x000000000800683c      0x104 /home/garnet/gcc-arm-none-eabi-9-2019-q4-major/bin/../lib/gcc/arm-none-eabi/9.2.1/../../../../arm-none-eabi/lib/thumb/v7e-m+fp/hard/libm.a(lib_a-kf_cos.o)
                0x000000000800683c                __kernel_cosf
 .text.__kernel_rem_pio2f
                0x0000000008006940      0x66c /home/garnet/gcc-arm-none-eabi-9-2019-q4-major/bin/../lib/gcc/arm-none-eabi/9.2.1/../../../../arm-none-eabi/lib/thumb/v7e-m+fp/hard/libm.a(lib_a-kf_rem_pio2.o)
                0x0000000008006940                __kernel_rem_pio2f
 .text.__kernel_sinf
                0x0000000008006fac       0x90 /home/garnet/gcc-arm-none-eabi-9-2019-q4-major/bin/../lib/gcc/arm-none-eabi/9.2.1/../../../../arm-none-eabi/lib/thumb/v7e-m+fp/hard/libm.a(lib_a-kf_sin.o)
                0x0000000008006fac                __kernel_sinf
 .text.matherr  0x000000000800703c        0x4 /home/garnet/gcc-arm-none-eabi-9-2019-q4-major/bin/../lib/gcc/arm-none-eabi/9.2.1/../../../../arm-none-eabi/lib/thumb/v7e-m+fp/hard/libm.a(lib_a-s_matherr.o)
                0x000000000800703c                matherr
 .text.floorf   0x0000000008007040       0x8c /home/garnet/gcc-arm-none-eabi-9-2019-q4-major/bin/../lib/gcc/arm-none-eabi/9.2.1/../../../../arm-none-eabi/lib/thumb/v7e-m+fp/hard/libm.a(lib_a-sf_floor.o)
                0x0000000008007040                floorf
 .text.scalbnf  0x00000000080070cc       0xe4 /home/garnet/gcc-arm-none-eabi-9-2019-q4-major/bin/../lib/gcc/arm-none-eabi/9.2.1/../../../../arm-none-eabi/lib/thumb/v7e-m+fp/hard/libm.a(lib_a-sf_scalbn.o)
                0x00000000080070cc                scalbnf
 .text._sbrk    0x00000000080071b0       0x1c /home/garnet/gcc-arm-none-eabi-9-2019-q4-major/bin/../lib/gcc/arm-none-eabi/9.2.1/../../../../arm-none-eabi/lib/thumb/v7e-m+fp/hard/libnosys.a(sbrk.o)
                0x00000000080071b0                _sbrk
 .text.__errno  0x00000000080071cc        0xc /home/garnet/gcc-arm-none-eabi-9-2019-q4-major/bin/../lib/gcc/arm-none-eabi/9.2.1/../../../../arm-none-eabi/lib/thumb/v7e-m+fp/hard/libc_nano.a(lib_a-errno.o)
                0x00000000080071cc                __errno
 *(.glue_7)
 .glue_7        0x00000000080071d8        0x0 linker stubs
 *(.glue_7t)
 .glue_7t       0x00000000080071d8        0x0 linker stubs
 *(.eh_frame)
 .eh_frame      0x00000000080071d8        0x0 /home/garnet/gcc-arm-none-eabi-9-2019-q4-major/bin/../lib/gcc/arm-none-eabi/9.2.1/thumb/v7e-m+fp/hard/crtbegin.o
 *(.init)
 .init          0x00000000080071d8        0x4 /home/garnet/gcc-arm-none-eabi-9-2019-q4-major/bin/../lib/gcc/arm-none-eabi/9.2.1/thumb/v7e-m+fp/hard/crti.o
                0x00000000080071d8                _init
 .init          0x00000000080071dc        0x8 /home/garnet/gcc-arm-none-eabi-9-2019-q4-major/bin/../lib/gcc/arm-none-eabi/9.2.1/thumb/v7e-m+fp/hard/crtn.o
 *(.fini)
 .fini          0x00000000080071e4        0x4 /home/garnet/gcc-arm-none-eabi-9-2019-q4-major/bin/../lib/gcc/arm-none-eabi/9.2.1/thumb/v7e-m+fp/hard/crti.o
                0x00000000080071e4                _fini
 .fini          0x00000000080071e8        0x8 /home/garnet/gcc-arm-none-eabi-9-2019-q4-major/bin/../lib/gcc/arm-none-eabi/9.2.1/thumb/v7e-m+fp/hard/crtn.o
                0x00000000080071f0                . = ALIGN (0x8)
                0x00000000080071f0                _etext = .

.vfp11_veneer   0x00000000080071f0        0x0
 .vfp11_veneer  0x00000000080071f0        0x0 linker stubs

.v4_bx          0x00000000080071f0        0x0
 .v4_bx         0x00000000080071f0        0x0 linker stubs

.iplt           0x00000000080071f0        0x0
 .iplt          0x00000000080071f0        0x0 /home/garnet/gcc-arm-none-eabi-9-2019-q4-major/bin/../lib/gcc/arm-none-eabi/9.2.1/thumb/v7e-m+fp/hard/crtbegin.o

.rodata         0x00000000080071f0      0x6e0
                0x00000000080071f0                . = ALIGN (0x8)
 *(.rodata)
 *(.rodata*)
 .rodata.main.str1.4
                0x00000000080071f0       0x46 build/main.o
 *fill*         0x0000000008007236        0x2 
 .rodata.AHBPrescTable
                0x0000000008007238       0x10 build/system_stm32l4xx.o
                0x0000000008007238                AHBPrescTable
 .rodata.APBPrescTable
                0x0000000008007248        0x8 build/system_stm32l4xx.o
                0x0000000008007248                APBPrescTable
 .rodata.MSIRangeTable
                0x0000000008007250       0x30 build/system_stm32l4xx.o
                0x0000000008007250                MSIRangeTable
 .rodata._printf_float.str1.1
                0x0000000008007280       0x12 /home/garnet/gcc-arm-none-eabi-9-2019-q4-major/bin/../lib/gcc/arm-none-eabi/9.2.1/../../../../arm-none-eabi/lib/thumb/v7e-m+fp/hard/libc_nano.a(lib_a-nano-vfprintf_float.o)
 .rodata._dtoa_r.str1.1
                0x0000000008007292        0xd /home/garnet/gcc-arm-none-eabi-9-2019-q4-major/bin/../lib/gcc/arm-none-eabi/9.2.1/../../../../arm-none-eabi/lib/thumb/v7e-m+fp/hard/libc_nano.a(lib_a-dtoa.o)
                                          0xf (size before relaxing)
 *fill*         0x000000000800729f        0x1 
 .rodata.__mprec_bigtens
                0x00000000080072a0       0x28 /home/garnet/gcc-arm-none-eabi-9-2019-q4-major/bin/../lib/gcc/arm-none-eabi/9.2.1/../../../../arm-none-eabi/lib/thumb/v7e-m+fp/hard/libc_nano.a(lib_a-mprec.o)
                0x00000000080072a0                __mprec_bigtens
 .rodata.__mprec_tens
                0x00000000080072c8       0xc8 /home/garnet/gcc-arm-none-eabi-9-2019-q4-major/bin/../lib/gcc/arm-none-eabi/9.2.1/../../../../arm-none-eabi/lib/thumb/v7e-m+fp/hard/libc_nano.a(lib_a-mprec.o)
                0x00000000080072c8                __mprec_tens
 .rodata.p05.7490
                0x0000000008007390        0xc /home/garnet/gcc-arm-none-eabi-9-2019-q4-major/bin/../lib/gcc/arm-none-eabi/9.2.1/../../../../arm-none-eabi/lib/thumb/v7e-m+fp/hard/libc_nano.a(lib_a-mprec.o)
 .rodata._setlocale_r.str1.1
                0x000000000800739c        0x8 /home/garnet/gcc-arm-none-eabi-9-2019-q4-major/bin/../lib/gcc/arm-none-eabi/9.2.1/../../../../arm-none-eabi/lib/thumb/v7e-m+fp/hard/libc_nano.a(lib_a-locale.o)
                                          0x9 (size before relaxing)
 .rodata.str1.1
                0x00000000080073a4        0x2 /home/garnet/gcc-arm-none-eabi-9-2019-q4-major/bin/../lib/gcc/arm-none-eabi/9.2.1/../../../../arm-none-eabi/lib/thumb/v7e-m+fp/hard/libc_nano.a(lib_a-locale.o)
 .rodata._ctype_
                0x00000000080073a6      0x101 /home/garnet/gcc-arm-none-eabi-9-2019-q4-major/bin/../lib/gcc/arm-none-eabi/9.2.1/../../../../arm-none-eabi/lib/thumb/v7e-m+fp/hard/libc_nano.a(lib_a-ctype_.o)
                0x00000000080073a6                _ctype_
 *fill*         0x00000000080074a7        0x1 
 .rodata.atanhi
                0x00000000080074a8       0x20 /home/garnet/gcc-arm-none-eabi-9-2019-q4-major/bin/../lib/gcc/arm-none-eabi/9.2.1/../../../../arm-none-eabi/lib/thumb/v7e-m+fp/hard/libm.a(lib_a-s_atan.o)
 .rodata.atanlo
                0x00000000080074c8       0x20 /home/garnet/gcc-arm-none-eabi-9-2019-q4-major/bin/../lib/gcc/arm-none-eabi/9.2.1/../../../../arm-none-eabi/lib/thumb/v7e-m+fp/hard/libm.a(lib_a-s_atan.o)
 .rodata.fmod.str1.4
                0x00000000080074e8        0x5 /home/garnet/gcc-arm-none-eabi-9-2019-q4-major/bin/../lib/gcc/arm-none-eabi/9.2.1/../../../../arm-none-eabi/lib/thumb/v7e-m+fp/hard/libm.a(lib_a-w_fmod.o)
 *fill*         0x00000000080074ed        0x3 
 .rodata.Zero   0x00000000080074f0       0x10 /home/garnet/gcc-arm-none-eabi-9-2019-q4-major/bin/../lib/gcc/arm-none-eabi/9.2.1/../../../../arm-none-eabi/lib/thumb/v7e-m+fp/hard/libm.a(lib_a-e_fmod.o)
 .rodata.npio2_hw
                0x0000000008007500       0x80 /home/garnet/gcc-arm-none-eabi-9-2019-q4-major/bin/../lib/gcc/arm-none-eabi/9.2.1/../../../../arm-none-eabi/lib/thumb/v7e-m+fp/hard/libm.a(lib_a-ef_rem_pio2.o)
 .rodata.two_over_pi
                0x0000000008007580      0x318 /home/garnet/gcc-arm-none-eabi-9-2019-q4-major/bin/../lib/gcc/arm-none-eabi/9.2.1/../../../../arm-none-eabi/lib/thumb/v7e-m+fp/hard/libm.a(lib_a-ef_rem_pio2.o)
 .rodata.PIo2   0x0000000008007898       0x2c /home/garnet/gcc-arm-none-eabi-9-2019-q4-major/bin/../lib/gcc/arm-none-eabi/9.2.1/../../../../arm-none-eabi/lib/thumb/v7e-m+fp/hard/libm.a(lib_a-kf_rem_pio2.o)
 .rodata.init_jk
                0x00000000080078c4        0xc /home/garnet/gcc-arm-none-eabi-9-2019-q4-major/bin/../lib/gcc/arm-none-eabi/9.2.1/../../../../arm-none-eabi/lib/thumb/v7e-m+fp/hard/libm.a(lib_a-kf_rem_pio2.o)
                0x00000000080078d0                . = ALIGN (0x8)

.ARM.extab      0x00000000080078d0        0x0
                0x00000000080078d0                . = ALIGN (0x8)
 *(.ARM.extab* .gnu.linkonce.armextab.*)
                0x00000000080078d0                . = ALIGN (0x8)

.ARM            0x00000000080078d0        0x8
                0x00000000080078d0                . = ALIGN (0x8)
                0x00000000080078d0                __exidx_start = .
 *(.ARM.exidx*)
 .ARM.exidx     0x00000000080078d0        0x8 /home/garnet/gcc-arm-none-eabi-9-2019-q4-major/bin/../lib/gcc/arm-none-eabi/9.2.1/thumb/v7e-m+fp/hard/libgcc.a(_udivmoddi4.o)
                0x00000000080078d8                __exidx_end = .
                0x00000000080078d8                . = ALIGN (0x8)

.rel.dyn        0x00000000080078d8        0x0
 .rel.iplt      0x00000000080078d8        0x0 /home/garnet/gcc-arm-none-eabi-9-2019-q4-major/bin/../lib/gcc/arm-none-eabi/9.2.1/thumb/v7e-m+fp/hard/crtbegin.o

.preinit_array  0x00000000080078d8        0x0
                0x00000000080078d8                . = ALIGN (0x8)
                0x00000000080078d8                PROVIDE (__preinit_array_start = .)
 *(.preinit_array*)
                0x00000000080078d8                PROVIDE (__preinit_array_end = .)
                0x00000000080078d8                . = ALIGN (0x8)

.init_array     0x00000000080078d8        0x8
                0x00000000080078d8                . = ALIGN (0x8)
                0x00000000080078d8                PROVIDE (__init_array_start = .)
 *(SORT_BY_NAME(.init_array.*))
 *(.init_array*)
 .init_array    0x00000000080078d8        0x4 /home/garnet/gcc-arm-none-eabi-9-2019-q4-major/bin/../lib/gcc/arm-none-eabi/9.2.1/thumb/v7e-m+fp/hard/crtbegin.o
                0x00000000080078dc                PROVIDE (__init_array_end = .)
                0x00000000080078e0                . = ALIGN (0x8)
 *fill*         0x00000000080078dc        0x4 

.fini_array     0x00000000080078e0        0x8
                0x00000000080078e0                . = ALIGN (0x8)
                [!provide]                        PROVIDE (__fini_array_start = .)
 *(SORT_BY_NAME(.fini_array.*))
 *(.fini_array*)
 .fini_array    0x00000000080078e0        0x4 /home/garnet/gcc-arm-none-eabi-9-2019-q4-major/bin/../lib/gcc/arm-none-eabi/9.2.1/thumb/v7e-m+fp/hard/crtbegin.o
                [!provide]                        PROVIDE (__fini_array_end = .)
                0x00000000080078e8                . = ALIGN (0x8)
 *fill*         0x00000000080078e4        0x4 
                0x00000000080078e8                _sidata = LOADADDR (.data)

.data           0x0000000020000000      0x1e0 load address 0x00000000080078e8
                0x0000000020000000                . = ALIGN (0x8)
                0x0000000020000000                _sdata = .
 *(.data)
 *(.data*)
 .data.uwTickFreq
                0x0000000020000000        0x4 build/stm32l4xx_hal.o
                0x0000000020000000                uwTickFreq
 .data.uwTickPrio
                0x0000000020000004        0x4 build/stm32l4xx_hal.o
                0x0000000020000004                uwTickPrio
 .data.SystemCoreClock
                0x0000000020000008        0x4 build/system_stm32l4xx.o
                0x0000000020000008                SystemCoreClock
 .data._impure_ptr
                0x000000002000000c        0x4 /home/garnet/gcc-arm-none-eabi-9-2019-q4-major/bin/../lib/gcc/arm-none-eabi/9.2.1/../../../../arm-none-eabi/lib/thumb/v7e-m+fp/hard/libc_nano.a(lib_a-impure.o)
                0x000000002000000c                _impure_ptr
 .data.impure_data
                0x0000000020000010       0x60 /home/garnet/gcc-arm-none-eabi-9-2019-q4-major/bin/../lib/gcc/arm-none-eabi/9.2.1/../../../../arm-none-eabi/lib/thumb/v7e-m+fp/hard/libc_nano.a(lib_a-impure.o)
 .data.__global_locale
                0x0000000020000070      0x16c /home/garnet/gcc-arm-none-eabi-9-2019-q4-major/bin/../lib/gcc/arm-none-eabi/9.2.1/../../../../arm-none-eabi/lib/thumb/v7e-m+fp/hard/libc_nano.a(lib_a-locale.o)
                0x0000000020000070                __global_locale
 .data.__fdlib_version
                0x00000000200001dc        0x1 /home/garnet/gcc-arm-none-eabi-9-2019-q4-major/bin/../lib/gcc/arm-none-eabi/9.2.1/../../../../arm-none-eabi/lib/thumb/v7e-m+fp/hard/libm.a(lib_a-s_lib_ver.o)
                0x00000000200001dc                __fdlib_version
                0x00000000200001e0                . = ALIGN (0x8)
 *fill*         0x00000000200001dd        0x3 
                0x00000000200001e0                _edata = .

.igot.plt       0x00000000200001e0        0x0 load address 0x0000000008007ac8
 .igot.plt      0x00000000200001e0        0x0 /home/garnet/gcc-arm-none-eabi-9-2019-q4-major/bin/../lib/gcc/arm-none-eabi/9.2.1/thumb/v7e-m+fp/hard/crtbegin.o
                0x00000000200001e0                . = ALIGN (0x4)

.bss            0x00000000200001e0      0x284 load address 0x0000000008007ac8
                0x00000000200001e0                _sbss = .
                0x00000000200001e0                __bss_start__ = _sbss
 *(.bss)
 .bss           0x00000000200001e0       0x1c /home/garnet/gcc-arm-none-eabi-9-2019-q4-major/bin/../lib/gcc/arm-none-eabi/9.2.1/thumb/v7e-m+fp/hard/crtbegin.o
 *(.bss*)
 .bss.__malloc_free_list
                0x00000000200001fc        0x4 /home/garnet/gcc-arm-none-eabi-9-2019-q4-major/bin/../lib/gcc/arm-none-eabi/9.2.1/../../../../arm-none-eabi/lib/thumb/v7e-m+fp/hard/libc_nano.a(lib_a-nano-mallocr.o)
                0x00000000200001fc                __malloc_free_list
 .bss.__malloc_sbrk_start
                0x0000000020000200        0x4 /home/garnet/gcc-arm-none-eabi-9-2019-q4-major/bin/../lib/gcc/arm-none-eabi/9.2.1/../../../../arm-none-eabi/lib/thumb/v7e-m+fp/hard/libc_nano.a(lib_a-nano-mallocr.o)
                0x0000000020000200                __malloc_sbrk_start
 .bss.heap_end.5507
                0x0000000020000204        0x4 /home/garnet/gcc-arm-none-eabi-9-2019-q4-major/bin/../lib/gcc/arm-none-eabi/9.2.1/../../../../arm-none-eabi/lib/thumb/v7e-m+fp/hard/libnosys.a(sbrk.o)
 *(COMMON)
 COMMON         0x0000000020000208      0x248 build/main.o
                0x0000000020000208                t
                0x000000002000020c                f
                0x0000000020000210                hdac1
                0x0000000020000224                htim15
                0x0000000020000264                o
                0x0000000020000278                trig
                0x000000002000027c                od
                0x0000000020000284                r
                0x0000000020000298                hadc1
                0x00000000200002fc                c
                0x0000000020000324                value_adc
                0x0000000020000328                hdma_adc1
                0x0000000020000370                htim2
                0x00000000200003b0                huart2
                0x0000000020000430                a
                0x0000000020000440                value_dac
                0x0000000020000444                ADC_BUF
 COMMON         0x0000000020000450        0x4 build/stm32l4xx_hal.o
                0x0000000020000450                uwTick
 COMMON         0x0000000020000454        0x4 /home/garnet/gcc-arm-none-eabi-9-2019-q4-major/bin/../lib/gcc/arm-none-eabi/9.2.1/../../../../arm-none-eabi/lib/thumb/v7e-m+fp/hard/libc_nano.a(lib_a-reent.o)
                0x0000000020000454                errno
 COMMON         0x0000000020000458        0x9 /home/garnet/gcc-arm-none-eabi-9-2019-q4-major/bin/../lib/gcc/arm-none-eabi/9.2.1/../../../../arm-none-eabi/lib/thumb/v7e-m+fp/hard/libc_nano.a(lib_a-lock.o)
                0x0000000020000458                __lock___atexit_recursive_mutex
                0x0000000020000459                __lock___arc4random_mutex
                0x000000002000045a                __lock___env_recursive_mutex
                0x000000002000045b                __lock___sinit_recursive_mutex
                0x000000002000045c                __lock___malloc_recursive_mutex
                0x000000002000045d                __lock___at_quick_exit_mutex
                0x000000002000045e                __lock___dd_hash_mutex
                0x000000002000045f                __lock___tz_mutex
                0x0000000020000460                __lock___sfp_recursive_mutex
                0x0000000020000464                . = ALIGN (0x4)
 *fill*         0x0000000020000461        0x3 
                0x0000000020000464                _ebss = .
                0x0000000020000464                __bss_end__ = _ebss

._user_heap_stack
                0x0000000020000464      0x604 load address 0x0000000008007ac8
                0x0000000020000468                . = ALIGN (0x8)
 *fill*         0x0000000020000464        0x4 
                0x0000000020000468                PROVIDE (end = .)
                [!provide]                        PROVIDE (_end = .)
                0x0000000020000668                . = (. + _Min_Heap_Size)
 *fill*         0x0000000020000468      0x200 
                0x0000000020000a68                . = (. + _Min_Stack_Size)
 *fill*         0x0000000020000668      0x400 
                0x0000000020000a68                . = ALIGN (0x8)

/DISCARD/
 libc.a(*)
 libm.a(*)
 libgcc.a(*)

.ARM.attributes
                0x0000000000000000       0x30
 *(.ARM.attributes)
 .ARM.attributes
                0x0000000000000000       0x1e /home/garnet/gcc-arm-none-eabi-9-2019-q4-major/bin/../lib/gcc/arm-none-eabi/9.2.1/thumb/v7e-m+fp/hard/crti.o
 .ARM.attributes
                0x000000000000001e       0x34 /home/garnet/gcc-arm-none-eabi-9-2019-q4-major/bin/../lib/gcc/arm-none-eabi/9.2.1/thumb/v7e-m+fp/hard/crtbegin.o
 .ARM.attributes
                0x0000000000000052       0x34 build/main.o
 .ARM.attributes
                0x0000000000000086       0x34 build/effects.o
 .ARM.attributes
                0x00000000000000ba       0x34 build/stm32l4xx_it.o
 .ARM.attributes
                0x00000000000000ee       0x34 build/stm32l4xx_hal_msp.o
 .ARM.attributes
                0x0000000000000122       0x34 build/stm32l4xx_hal.o
 .ARM.attributes
                0x0000000000000156       0x34 build/stm32l4xx_hal_rcc.o
 .ARM.attributes
                0x000000000000018a       0x34 build/stm32l4xx_hal_rcc_ex.o
 .ARM.attributes
                0x00000000000001be       0x34 build/stm32l4xx_hal_gpio.o
 .ARM.attributes
                0x00000000000001f2       0x34 build/stm32l4xx_hal_dma.o
 .ARM.attributes
                0x0000000000000226       0x34 build/stm32l4xx_hal_pwr.o
 .ARM.attributes
                0x000000000000025a       0x34 build/stm32l4xx_hal_pwr_ex.o
 .ARM.attributes
                0x000000000000028e       0x34 build/stm32l4xx_hal_cortex.o
 .ARM.attributes
                0x00000000000002c2       0x34 build/stm32l4xx_hal_tim.o
 .ARM.attributes
                0x00000000000002f6       0x34 build/stm32l4xx_hal_tim_ex.o
 .ARM.attributes
                0x000000000000032a       0x34 build/system_stm32l4xx.o
 .ARM.attributes
                0x000000000000035e       0x34 build/stm32l4xx_hal_uart.o
 .ARM.attributes
                0x0000000000000392       0x34 build/stm32l4xx_hal_dac.o
 .ARM.attributes
                0x00000000000003c6       0x34 build/stm32l4xx_hal_adc.o
 .ARM.attributes
                0x00000000000003fa       0x21 build/startup_stm32l432xx.o
 .ARM.attributes
                0x000000000000041b       0x34 /home/garnet/gcc-arm-none-eabi-9-2019-q4-major/bin/../lib/gcc/arm-none-eabi/9.2.1/../../../../arm-none-eabi/lib/thumb/v7e-m+fp/hard/libc_nano.a(lib_a-calloc.o)
 .ARM.attributes
                0x000000000000044f       0x32 /home/garnet/gcc-arm-none-eabi-9-2019-q4-major/bin/../lib/gcc/arm-none-eabi/9.2.1/../../../../arm-none-eabi/lib/thumb/v7e-m+fp/hard/libc_nano.a(lib_a-impure.o)
 .ARM.attributes
                0x0000000000000481       0x34 /home/garnet/gcc-arm-none-eabi-9-2019-q4-major/bin/../lib/gcc/arm-none-eabi/9.2.1/../../../../arm-none-eabi/lib/thumb/v7e-m+fp/hard/libc_nano.a(lib_a-init.o)
 .ARM.attributes
                0x00000000000004b5       0x34 /home/garnet/gcc-arm-none-eabi-9-2019-q4-major/bin/../lib/gcc/arm-none-eabi/9.2.1/../../../../arm-none-eabi/lib/thumb/v7e-m+fp/hard/libc_nano.a(lib_a-memset.o)
 .ARM.attributes
                0x00000000000004e9       0x34 /home/garnet/gcc-arm-none-eabi-9-2019-q4-major/bin/../lib/gcc/arm-none-eabi/9.2.1/../../../../arm-none-eabi/lib/thumb/v7e-m+fp/hard/libc_nano.a(lib_a-nano-callocr.o)
 .ARM.attributes
                0x000000000000051d       0x34 /home/garnet/gcc-arm-none-eabi-9-2019-q4-major/bin/../lib/gcc/arm-none-eabi/9.2.1/../../../../arm-none-eabi/lib/thumb/v7e-m+fp/hard/libc_nano.a(lib_a-nano-mallocr.o)
 .ARM.attributes
                0x0000000000000551       0x34 /home/garnet/gcc-arm-none-eabi-9-2019-q4-major/bin/../lib/gcc/arm-none-eabi/9.2.1/../../../../arm-none-eabi/lib/thumb/v7e-m+fp/hard/libc_nano.a(lib_a-nano-vfprintf_float.o)
 .ARM.attributes
                0x0000000000000585       0x34 /home/garnet/gcc-arm-none-eabi-9-2019-q4-major/bin/../lib/gcc/arm-none-eabi/9.2.1/../../../../arm-none-eabi/lib/thumb/v7e-m+fp/hard/libc_nano.a(lib_a-nano-vfprintf_i.o)
 .ARM.attributes
                0x00000000000005b9       0x34 /home/garnet/gcc-arm-none-eabi-9-2019-q4-major/bin/../lib/gcc/arm-none-eabi/9.2.1/../../../../arm-none-eabi/lib/thumb/v7e-m+fp/hard/libc_nano.a(lib_a-sbrkr.o)
 .ARM.attributes
                0x00000000000005ed       0x17 /home/garnet/gcc-arm-none-eabi-9-2019-q4-major/bin/../lib/gcc/arm-none-eabi/9.2.1/../../../../arm-none-eabi/lib/thumb/v7e-m+fp/hard/libc_nano.a(lib_a-strlen.o)
 .ARM.attributes
                0x0000000000000604       0x34 /home/garnet/gcc-arm-none-eabi-9-2019-q4-major/bin/../lib/gcc/arm-none-eabi/9.2.1/../../../../arm-none-eabi/lib/thumb/v7e-m+fp/hard/libc_nano.a(lib_a-dtoa.o)
 .ARM.attributes
                0x0000000000000638       0x34 /home/garnet/gcc-arm-none-eabi-9-2019-q4-major/bin/../lib/gcc/arm-none-eabi/9.2.1/../../../../arm-none-eabi/lib/thumb/v7e-m+fp/hard/libc_nano.a(lib_a-localeconv.o)
 .ARM.attributes
                0x000000000000066c       0x34 /home/garnet/gcc-arm-none-eabi-9-2019-q4-major/bin/../lib/gcc/arm-none-eabi/9.2.1/../../../../arm-none-eabi/lib/thumb/v7e-m+fp/hard/libc_nano.a(lib_a-malloc.o)
 .ARM.attributes
                0x00000000000006a0       0x34 /home/garnet/gcc-arm-none-eabi-9-2019-q4-major/bin/../lib/gcc/arm-none-eabi/9.2.1/../../../../arm-none-eabi/lib/thumb/v7e-m+fp/hard/libc_nano.a(lib_a-memcpy-stub.o)
 .ARM.attributes
                0x00000000000006d4       0x34 /home/garnet/gcc-arm-none-eabi-9-2019-q4-major/bin/../lib/gcc/arm-none-eabi/9.2.1/../../../../arm-none-eabi/lib/thumb/v7e-m+fp/hard/libc_nano.a(lib_a-mlock.o)
 .ARM.attributes
                0x0000000000000708       0x34 /home/garnet/gcc-arm-none-eabi-9-2019-q4-major/bin/../lib/gcc/arm-none-eabi/9.2.1/../../../../arm-none-eabi/lib/thumb/v7e-m+fp/hard/libc_nano.a(lib_a-mprec.o)
 .ARM.attributes
                0x000000000000073c       0x34 /home/garnet/gcc-arm-none-eabi-9-2019-q4-major/bin/../lib/gcc/arm-none-eabi/9.2.1/../../../../arm-none-eabi/lib/thumb/v7e-m+fp/hard/libc_nano.a(lib_a-reent.o)
 .ARM.attributes
                0x0000000000000770       0x34 /home/garnet/gcc-arm-none-eabi-9-2019-q4-major/bin/../lib/gcc/arm-none-eabi/9.2.1/../../../../arm-none-eabi/lib/thumb/v7e-m+fp/hard/libc_nano.a(lib_a-locale.o)
 .ARM.attributes
                0x00000000000007a4       0x34 /home/garnet/gcc-arm-none-eabi-9-2019-q4-major/bin/../lib/gcc/arm-none-eabi/9.2.1/../../../../arm-none-eabi/lib/thumb/v7e-m+fp/hard/libc_nano.a(lib_a-lock.o)
 .ARM.attributes
                0x00000000000007d8       0x34 /home/garnet/gcc-arm-none-eabi-9-2019-q4-major/bin/../lib/gcc/arm-none-eabi/9.2.1/../../../../arm-none-eabi/lib/thumb/v7e-m+fp/hard/libc_nano.a(lib_a-mbtowc_r.o)
 .ARM.attributes
                0x000000000000080c       0x34 /home/garnet/gcc-arm-none-eabi-9-2019-q4-major/bin/../lib/gcc/arm-none-eabi/9.2.1/../../../../arm-none-eabi/lib/thumb/v7e-m+fp/hard/libc_nano.a(lib_a-wctomb_r.o)
 .ARM.attributes
                0x0000000000000840       0x32 /home/garnet/gcc-arm-none-eabi-9-2019-q4-major/bin/../lib/gcc/arm-none-eabi/9.2.1/../../../../arm-none-eabi/lib/thumb/v7e-m+fp/hard/libc_nano.a(lib_a-ctype_.o)
 .ARM.attributes
                0x0000000000000872       0x34 /home/garnet/gcc-arm-none-eabi-9-2019-q4-major/bin/../lib/gcc/arm-none-eabi/9.2.1/../../../../arm-none-eabi/lib/thumb/v7e-m+fp/hard/libm.a(lib_a-s_atan.o)
 .ARM.attributes
                0x00000000000008a6       0x34 /home/garnet/gcc-arm-none-eabi-9-2019-q4-major/bin/../lib/gcc/arm-none-eabi/9.2.1/../../../../arm-none-eabi/lib/thumb/v7e-m+fp/hard/libm.a(lib_a-s_fabs.o)
 .ARM.attributes
                0x00000000000008da       0x34 /home/garnet/gcc-arm-none-eabi-9-2019-q4-major/bin/../lib/gcc/arm-none-eabi/9.2.1/../../../../arm-none-eabi/lib/thumb/v7e-m+fp/hard/libm.a(lib_a-sf_fabs.o)
 .ARM.attributes
                0x000000000000090e       0x34 /home/garnet/gcc-arm-none-eabi-9-2019-q4-major/bin/../lib/gcc/arm-none-eabi/9.2.1/../../../../arm-none-eabi/lib/thumb/v7e-m+fp/hard/libm.a(lib_a-sf_sin.o)
 .ARM.attributes
                0x0000000000000942       0x34 /home/garnet/gcc-arm-none-eabi-9-2019-q4-major/bin/../lib/gcc/arm-none-eabi/9.2.1/../../../../arm-none-eabi/lib/thumb/v7e-m+fp/hard/libm.a(lib_a-w_fmod.o)
 .ARM.attributes
                0x0000000000000976       0x34 /home/garnet/gcc-arm-none-eabi-9-2019-q4-major/bin/../lib/gcc/arm-none-eabi/9.2.1/../../../../arm-none-eabi/lib/thumb/v7e-m+fp/hard/libm.a(lib_a-e_fmod.o)
 .ARM.attributes
                0x00000000000009aa       0x34 /home/garnet/gcc-arm-none-eabi-9-2019-q4-major/bin/../lib/gcc/arm-none-eabi/9.2.1/../../../../arm-none-eabi/lib/thumb/v7e-m+fp/hard/libm.a(lib_a-ef_rem_pio2.o)
 .ARM.attributes
                0x00000000000009de       0x34 /home/garnet/gcc-arm-none-eabi-9-2019-q4-major/bin/../lib/gcc/arm-none-eabi/9.2.1/../../../../arm-none-eabi/lib/thumb/v7e-m+fp/hard/libm.a(lib_a-kf_cos.o)
 .ARM.attributes
                0x0000000000000a12       0x34 /home/garnet/gcc-arm-none-eabi-9-2019-q4-major/bin/../lib/gcc/arm-none-eabi/9.2.1/../../../../arm-none-eabi/lib/thumb/v7e-m+fp/hard/libm.a(lib_a-kf_rem_pio2.o)
 .ARM.attributes
                0x0000000000000a46       0x34 /home/garnet/gcc-arm-none-eabi-9-2019-q4-major/bin/../lib/gcc/arm-none-eabi/9.2.1/../../../../arm-none-eabi/lib/thumb/v7e-m+fp/hard/libm.a(lib_a-kf_sin.o)
 .ARM.attributes
                0x0000000000000a7a       0x32 /home/garnet/gcc-arm-none-eabi-9-2019-q4-major/bin/../lib/gcc/arm-none-eabi/9.2.1/../../../../arm-none-eabi/lib/thumb/v7e-m+fp/hard/libm.a(lib_a-s_lib_ver.o)
 .ARM.attributes
                0x0000000000000aac       0x34 /home/garnet/gcc-arm-none-eabi-9-2019-q4-major/bin/../lib/gcc/arm-none-eabi/9.2.1/../../../../arm-none-eabi/lib/thumb/v7e-m+fp/hard/libm.a(lib_a-s_matherr.o)
 .ARM.attributes
                0x0000000000000ae0       0x34 /home/garnet/gcc-arm-none-eabi-9-2019-q4-major/bin/../lib/gcc/arm-none-eabi/9.2.1/../../../../arm-none-eabi/lib/thumb/v7e-m+fp/hard/libm.a(lib_a-sf_floor.o)
 .ARM.attributes
                0x0000000000000b14       0x34 /home/garnet/gcc-arm-none-eabi-9-2019-q4-major/bin/../lib/gcc/arm-none-eabi/9.2.1/../../../../arm-none-eabi/lib/thumb/v7e-m+fp/hard/libm.a(lib_a-sf_scalbn.o)
 .ARM.attributes
                0x0000000000000b48       0x34 /home/garnet/gcc-arm-none-eabi-9-2019-q4-major/bin/../lib/gcc/arm-none-eabi/9.2.1/../../../../arm-none-eabi/lib/thumb/v7e-m+fp/hard/libnosys.a(sbrk.o)
 .ARM.attributes
                0x0000000000000b7c       0x1e /home/garnet/gcc-arm-none-eabi-9-2019-q4-major/bin/../lib/gcc/arm-none-eabi/9.2.1/thumb/v7e-m+fp/hard/libgcc.a(_arm_addsubdf3.o)
 .ARM.attributes
                0x0000000000000b9a       0x1e /home/garnet/gcc-arm-none-eabi-9-2019-q4-major/bin/../lib/gcc/arm-none-eabi/9.2.1/thumb/v7e-m+fp/hard/libgcc.a(_arm_muldivdf3.o)
 .ARM.attributes
                0x0000000000000bb8       0x1e /home/garnet/gcc-arm-none-eabi-9-2019-q4-major/bin/../lib/gcc/arm-none-eabi/9.2.1/thumb/v7e-m+fp/hard/libgcc.a(_arm_cmpdf2.o)
 .ARM.attributes
                0x0000000000000bd6       0x1e /home/garnet/gcc-arm-none-eabi-9-2019-q4-major/bin/../lib/gcc/arm-none-eabi/9.2.1/thumb/v7e-m+fp/hard/libgcc.a(_arm_unorddf2.o)
 .ARM.attributes
                0x0000000000000bf4       0x1e /home/garnet/gcc-arm-none-eabi-9-2019-q4-major/bin/../lib/gcc/arm-none-eabi/9.2.1/thumb/v7e-m+fp/hard/libgcc.a(_arm_fixdfsi.o)
 .ARM.attributes
                0x0000000000000c12       0x1e /home/garnet/gcc-arm-none-eabi-9-2019-q4-major/bin/../lib/gcc/arm-none-eabi/9.2.1/thumb/v7e-m+fp/hard/libgcc.a(_arm_truncdfsf2.o)
 .ARM.attributes
                0x0000000000000c30       0x1e /home/garnet/gcc-arm-none-eabi-9-2019-q4-major/bin/../lib/gcc/arm-none-eabi/9.2.1/thumb/v7e-m+fp/hard/libgcc.a(_aeabi_uldivmod.o)
 .ARM.attributes
                0x0000000000000c4e       0x34 /home/garnet/gcc-arm-none-eabi-9-2019-q4-major/bin/../lib/gcc/arm-none-eabi/9.2.1/thumb/v7e-m+fp/hard/libgcc.a(_udivmoddi4.o)
 .ARM.attributes
                0x0000000000000c82       0x1e /home/garnet/gcc-arm-none-eabi-9-2019-q4-major/bin/../lib/gcc/arm-none-eabi/9.2.1/thumb/v7e-m+fp/hard/libgcc.a(_dvmd_tls.o)
 .ARM.attributes
                0x0000000000000ca0       0x34 /home/garnet/gcc-arm-none-eabi-9-2019-q4-major/bin/../lib/gcc/arm-none-eabi/9.2.1/../../../../arm-none-eabi/lib/thumb/v7e-m+fp/hard/libc_nano.a(lib_a-errno.o)
 .ARM.attributes
                0x0000000000000cd4       0x1e /home/garnet/gcc-arm-none-eabi-9-2019-q4-major/bin/../lib/gcc/arm-none-eabi/9.2.1/thumb/v7e-m+fp/hard/crtn.o
OUTPUT(build/l4hal.elf elf32-littlearm)

.debug_info     0x0000000000000000    0x1cf26
 .debug_info    0x0000000000000000     0x34c3 build/main.o
 .debug_info    0x00000000000034c3     0x10c9 build/effects.o
 .debug_info    0x000000000000458c     0x22ca build/stm32l4xx_it.o
 .debug_info    0x0000000000006856     0x2a73 build/stm32l4xx_hal_msp.o
 .debug_info    0x00000000000092c9      0xd04 build/stm32l4xx_hal.o
 .debug_info    0x0000000000009fcd     0x11a0 build/stm32l4xx_hal_rcc.o
 .debug_info    0x000000000000b16d     0x15a1 build/stm32l4xx_hal_rcc_ex.o
 .debug_info    0x000000000000c70e      0xb2e build/stm32l4xx_hal_gpio.o
 .debug_info    0x000000000000d23c      0xaef build/stm32l4xx_hal_dma.o
 .debug_info    0x000000000000dd2b      0xccb build/stm32l4xx_hal_pwr.o
 .debug_info    0x000000000000e9f6      0xd28 build/stm32l4xx_hal_pwr_ex.o
 .debug_info    0x000000000000f71e     0x12f8 build/stm32l4xx_hal_cortex.o
 .debug_info    0x0000000000010a16     0x3c0f build/stm32l4xx_hal_tim.o
 .debug_info    0x0000000000014625     0x1b9c build/stm32l4xx_hal_tim_ex.o
 .debug_info    0x00000000000161c1      0x837 build/system_stm32l4xx.o
 .debug_info    0x00000000000169f8     0x239c build/stm32l4xx_hal_uart.o
 .debug_info    0x0000000000018d94      0xf1e build/stm32l4xx_hal_dac.o
 .debug_info    0x0000000000019cb2     0x3252 build/stm32l4xx_hal_adc.o
 .debug_info    0x000000000001cf04       0x22 build/startup_stm32l432xx.o

.debug_abbrev   0x0000000000000000     0x2ee6
 .debug_abbrev  0x0000000000000000      0x3a2 build/main.o
 .debug_abbrev  0x00000000000003a2      0x2f3 build/effects.o
 .debug_abbrev  0x0000000000000695      0x28f build/stm32l4xx_it.o
 .debug_abbrev  0x0000000000000924      0x2f8 build/stm32l4xx_hal_msp.o
 .debug_abbrev  0x0000000000000c1c      0x23c build/stm32l4xx_hal.o
 .debug_abbrev  0x0000000000000e58      0x28e build/stm32l4xx_hal_rcc.o
 .debug_abbrev  0x00000000000010e6      0x2c3 build/stm32l4xx_hal_rcc_ex.o
 .debug_abbrev  0x00000000000013a9      0x24f build/stm32l4xx_hal_gpio.o
 .debug_abbrev  0x00000000000015f8      0x27a build/stm32l4xx_hal_dma.o
 .debug_abbrev  0x0000000000001872      0x1cc build/stm32l4xx_hal_pwr.o
 .debug_abbrev  0x0000000000001a3e      0x247 build/stm32l4xx_hal_pwr_ex.o
 .debug_abbrev  0x0000000000001c85      0x3a8 build/stm32l4xx_hal_cortex.o
 .debug_abbrev  0x000000000000202d      0x2af build/stm32l4xx_hal_tim.o
 .debug_abbrev  0x00000000000022dc      0x2ab build/stm32l4xx_hal_tim_ex.o
 .debug_abbrev  0x0000000000002587      0x173 build/system_stm32l4xx.o
 .debug_abbrev  0x00000000000026fa      0x2ac build/stm32l4xx_hal_uart.o
 .debug_abbrev  0x00000000000029a6      0x243 build/stm32l4xx_hal_dac.o
 .debug_abbrev  0x0000000000002be9      0x2eb build/stm32l4xx_hal_adc.o
 .debug_abbrev  0x0000000000002ed4       0x12 build/startup_stm32l432xx.o

.debug_loc      0x0000000000000000    0x10bbd
 .debug_loc     0x0000000000000000      0x2d9 build/main.o
 .debug_loc     0x00000000000002d9      0x363 build/effects.o
 .debug_loc     0x000000000000063c       0x80 build/stm32l4xx_it.o
 .debug_loc     0x00000000000006bc      0x3f3 build/stm32l4xx_hal_msp.o
 .debug_loc     0x0000000000000aaf      0x254 build/stm32l4xx_hal.o
 .debug_loc     0x0000000000000d03      0x9d1 build/stm32l4xx_hal_rcc.o
 .debug_loc     0x00000000000016d4     0x18da build/stm32l4xx_hal_rcc_ex.o
 .debug_loc     0x0000000000002fae      0x3d1 build/stm32l4xx_hal_gpio.o
 .debug_loc     0x000000000000337f      0x94e build/stm32l4xx_hal_dma.o
 .debug_loc     0x0000000000003ccd      0x1f1 build/stm32l4xx_hal_pwr.o
 .debug_loc     0x0000000000003ebe      0x76f build/stm32l4xx_hal_pwr_ex.o
 .debug_loc     0x000000000000462d      0x7d4 build/stm32l4xx_hal_cortex.o
 .debug_loc     0x0000000000004e01     0x494c build/stm32l4xx_hal_tim.o
 .debug_loc     0x000000000000974d     0x1e30 build/stm32l4xx_hal_tim_ex.o
 .debug_loc     0x000000000000b57d      0x1fc build/system_stm32l4xx.o
 .debug_loc     0x000000000000b779     0x23af build/stm32l4xx_hal_uart.o
 .debug_loc     0x000000000000db28      0xa89 build/stm32l4xx_hal_dac.o
 .debug_loc     0x000000000000e5b1     0x260c build/stm32l4xx_hal_adc.o

.debug_aranges  0x0000000000000000     0x10d8
 .debug_aranges
                0x0000000000000000       0x80 build/main.o
 .debug_aranges
                0x0000000000000080       0x88 build/effects.o
 .debug_aranges
                0x0000000000000108       0x78 build/stm32l4xx_it.o
 .debug_aranges
                0x0000000000000180       0x60 build/stm32l4xx_hal_msp.o
 .debug_aranges
                0x00000000000001e0      0x108 build/stm32l4xx_hal.o
 .debug_aranges
                0x00000000000002e8       0x88 build/stm32l4xx_hal_rcc.o
 .debug_aranges
                0x0000000000000370       0xf0 build/stm32l4xx_hal_rcc_ex.o
 .debug_aranges
                0x0000000000000460       0x58 build/stm32l4xx_hal_gpio.o
 .debug_aranges
                0x00000000000004b8       0x80 build/stm32l4xx_hal_dma.o
 .debug_aranges
                0x0000000000000538       0x98 build/stm32l4xx_hal_pwr.o
 .debug_aranges
                0x00000000000005d0      0x128 build/stm32l4xx_hal_pwr_ex.o
 .debug_aranges
                0x00000000000006f8       0xa8 build/stm32l4xx_hal_cortex.o
 .debug_aranges
                0x00000000000007a0      0x3b8 build/stm32l4xx_hal_tim.o
 .debug_aranges
                0x0000000000000b58      0x168 build/stm32l4xx_hal_tim_ex.o
 .debug_aranges
                0x0000000000000cc0       0x28 build/system_stm32l4xx.o
 .debug_aranges
                0x0000000000000ce8      0x210 build/stm32l4xx_hal_uart.o
 .debug_aranges
                0x0000000000000ef8       0xc0 build/stm32l4xx_hal_dac.o
 .debug_aranges
                0x0000000000000fb8       0xf8 build/stm32l4xx_hal_adc.o
 .debug_aranges
                0x00000000000010b0       0x28 build/startup_stm32l432xx.o

.debug_ranges   0x0000000000000000     0x1130
 .debug_ranges  0x0000000000000000       0x70 build/main.o
 .debug_ranges  0x0000000000000070       0x78 build/effects.o
 .debug_ranges  0x00000000000000e8       0x68 build/stm32l4xx_it.o
 .debug_ranges  0x0000000000000150       0x50 build/stm32l4xx_hal_msp.o
 .debug_ranges  0x00000000000001a0       0xf8 build/stm32l4xx_hal.o
 .debug_ranges  0x0000000000000298       0x90 build/stm32l4xx_hal_rcc.o
 .debug_ranges  0x0000000000000328       0xf8 build/stm32l4xx_hal_rcc_ex.o
 .debug_ranges  0x0000000000000420       0x48 build/stm32l4xx_hal_gpio.o
 .debug_ranges  0x0000000000000468       0x70 build/stm32l4xx_hal_dma.o
 .debug_ranges  0x00000000000004d8       0x88 build/stm32l4xx_hal_pwr.o
 .debug_ranges  0x0000000000000560      0x118 build/stm32l4xx_hal_pwr_ex.o
 .debug_ranges  0x0000000000000678       0xf8 build/stm32l4xx_hal_cortex.o
 .debug_ranges  0x0000000000000770      0x3a8 build/stm32l4xx_hal_tim.o
 .debug_ranges  0x0000000000000b18      0x158 build/stm32l4xx_hal_tim_ex.o
 .debug_ranges  0x0000000000000c70       0x18 build/system_stm32l4xx.o
 .debug_ranges  0x0000000000000c88      0x200 build/stm32l4xx_hal_uart.o
 .debug_ranges  0x0000000000000e88       0xb0 build/stm32l4xx_hal_dac.o
 .debug_ranges  0x0000000000000f38      0x1d8 build/stm32l4xx_hal_adc.o
 .debug_ranges  0x0000000000001110       0x20 build/startup_stm32l432xx.o

.debug_line     0x0000000000000000    0x106df
 .debug_line    0x0000000000000000      0xad0 build/main.o
 .debug_line    0x0000000000000ad0      0x5da build/effects.o
 .debug_line    0x00000000000010aa      0x48a build/stm32l4xx_it.o
 .debug_line    0x0000000000001534      0x678 build/stm32l4xx_hal_msp.o
 .debug_line    0x0000000000001bac      0x5f0 build/stm32l4xx_hal.o
 .debug_line    0x000000000000219c      0xf3d build/stm32l4xx_hal_rcc.o
 .debug_line    0x00000000000030d9     0x12fc build/stm32l4xx_hal_rcc_ex.o
 .debug_line    0x00000000000043d5      0x6b6 build/stm32l4xx_hal_gpio.o
 .debug_line    0x0000000000004a8b      0xa87 build/stm32l4xx_hal_dma.o
 .debug_line    0x0000000000005512      0x44e build/stm32l4xx_hal_pwr.o
 .debug_line    0x0000000000005960      0x8eb build/stm32l4xx_hal_pwr_ex.o
 .debug_line    0x000000000000624b      0x7b9 build/stm32l4xx_hal_cortex.o
 .debug_line    0x0000000000006a04     0x394c build/stm32l4xx_hal_tim.o
 .debug_line    0x000000000000a350     0x1466 build/stm32l4xx_hal_tim_ex.o
 .debug_line    0x000000000000b7b6      0x32f build/system_stm32l4xx.o
 .debug_line    0x000000000000bae5     0x22cc build/stm32l4xx_hal_uart.o
 .debug_line    0x000000000000ddb1      0x95a build/stm32l4xx_hal_dac.o
 .debug_line    0x000000000000e70b     0x1f61 build/stm32l4xx_hal_adc.o
 .debug_line    0x000000000001066c       0x73 build/startup_stm32l432xx.o

.debug_str      0x0000000000000000     0x5e9e
 .debug_str     0x0000000000000000     0x1e6e build/main.o
                                       0x2027 (size before relaxing)
 .debug_str     0x0000000000001e6e      0x144 build/effects.o
                                        0x80b (size before relaxing)
 .debug_str     0x0000000000001fb2      0x129 build/stm32l4xx_it.o
                                       0x140b (size before relaxing)
 .debug_str     0x00000000000020db      0x107 build/stm32l4xx_hal_msp.o
                                       0x1933 (size before relaxing)
 .debug_str     0x00000000000021e2      0x341 build/stm32l4xx_hal.o
                                        0xc97 (size before relaxing)
 .debug_str     0x0000000000002523      0x28f build/stm32l4xx_hal_rcc.o
                                        0xa15 (size before relaxing)
 .debug_str     0x00000000000027b2      0x488 build/stm32l4xx_hal_rcc_ex.o
                                        0xd81 (size before relaxing)
 .debug_str     0x0000000000002c3a       0xd5 build/stm32l4xx_hal_gpio.o
                                        0x76e (size before relaxing)
 .debug_str     0x0000000000002d0f      0x235 build/stm32l4xx_hal_dma.o
                                        0x83c (size before relaxing)
 .debug_str     0x0000000000002f44      0x288 build/stm32l4xx_hal_pwr.o
                                        0x8ae (size before relaxing)
 .debug_str     0x00000000000031cc      0x3a6 build/stm32l4xx_hal_pwr_ex.o
                                        0x9ad (size before relaxing)
 .debug_str     0x0000000000003572      0x423 build/stm32l4xx_hal_cortex.o
                                        0xd15 (size before relaxing)
 .debug_str     0x0000000000003995      0xd90 build/stm32l4xx_hal_tim.o
                                       0x16be (size before relaxing)
 .debug_str     0x0000000000004725      0x5c1 build/stm32l4xx_hal_tim_ex.o
                                        0xfde (size before relaxing)
 .debug_str     0x0000000000004ce6       0x38 build/system_stm32l4xx.o
                                        0x5c1 (size before relaxing)
 .debug_str     0x0000000000004d1e      0x71b build/stm32l4xx_hal_uart.o
                                       0x111f (size before relaxing)
 .debug_str     0x0000000000005439      0x199 build/stm32l4xx_hal_dac.o
                                        0xa22 (size before relaxing)
 .debug_str     0x00000000000055d2      0x8a8 build/stm32l4xx_hal_adc.o
                                       0x129b (size before relaxing)
 .debug_str     0x0000000000005e7a       0x24 build/startup_stm32l432xx.o
                                         0x5b (size before relaxing)

.comment        0x0000000000000000       0x79
 .comment       0x0000000000000000       0x79 build/main.o
                                         0x7a (size before relaxing)
 .comment       0x0000000000000079       0x7a build/effects.o
 .comment       0x0000000000000079       0x7a build/stm32l4xx_it.o
 .comment       0x0000000000000079       0x7a build/stm32l4xx_hal_msp.o
 .comment       0x0000000000000079       0x7a build/stm32l4xx_hal.o
 .comment       0x0000000000000079       0x7a build/stm32l4xx_hal_rcc.o
 .comment       0x0000000000000079       0x7a build/stm32l4xx_hal_rcc_ex.o
 .comment       0x0000000000000079       0x7a build/stm32l4xx_hal_gpio.o
 .comment       0x0000000000000079       0x7a build/stm32l4xx_hal_dma.o
 .comment       0x0000000000000079       0x7a build/stm32l4xx_hal_pwr.o
 .comment       0x0000000000000079       0x7a build/stm32l4xx_hal_pwr_ex.o
 .comment       0x0000000000000079       0x7a build/stm32l4xx_hal_cortex.o
 .comment       0x0000000000000079       0x7a build/stm32l4xx_hal_tim.o
 .comment       0x0000000000000079       0x7a build/stm32l4xx_hal_tim_ex.o
 .comment       0x0000000000000079       0x7a build/system_stm32l4xx.o
 .comment       0x0000000000000079       0x7a build/stm32l4xx_hal_uart.o
 .comment       0x0000000000000079       0x7a build/stm32l4xx_hal_dac.o
 .comment       0x0000000000000079       0x7a build/stm32l4xx_hal_adc.o

.debug_frame    0x0000000000000000     0x3cf4
 .debug_frame   0x0000000000000000      0x1b0 build/main.o
 .debug_frame   0x00000000000001b0      0x1a0 build/effects.o
 .debug_frame   0x0000000000000350      0x100 build/stm32l4xx_it.o
 .debug_frame   0x0000000000000450      0x130 build/stm32l4xx_hal_msp.o
 .debug_frame   0x0000000000000580      0x230 build/stm32l4xx_hal.o
 .debug_frame   0x00000000000007b0      0x1c0 build/stm32l4xx_hal_rcc.o
 .debug_frame   0x0000000000000970      0x278 build/stm32l4xx_hal_rcc_ex.o
 .debug_frame   0x0000000000000be8       0xe4 build/stm32l4xx_hal_gpio.o
 .debug_frame   0x0000000000000ccc      0x180 build/stm32l4xx_hal_dma.o
 .debug_frame   0x0000000000000e4c      0x128 build/stm32l4xx_hal_pwr.o
 .debug_frame   0x0000000000000f74      0x254 build/stm32l4xx_hal_pwr_ex.o
 .debug_frame   0x00000000000011c8      0x16c build/stm32l4xx_hal_cortex.o
 .debug_frame   0x0000000000001334      0xc18 build/stm32l4xx_hal_tim.o
 .debug_frame   0x0000000000001f4c      0x4bc build/stm32l4xx_hal_tim_ex.o
 .debug_frame   0x0000000000002408       0x30 build/system_stm32l4xx.o
 .debug_frame   0x0000000000002438      0x67c build/stm32l4xx_hal_uart.o
 .debug_frame   0x0000000000002ab4      0x228 build/stm32l4xx_hal_dac.o
 .debug_frame   0x0000000000002cdc      0x35c build/stm32l4xx_hal_adc.o
 .debug_frame   0x0000000000003038       0x20 /home/garnet/gcc-arm-none-eabi-9-2019-q4-major/bin/../lib/gcc/arm-none-eabi/9.2.1/../../../../arm-none-eabi/lib/thumb/v7e-m+fp/hard/libc_nano.a(lib_a-calloc.o)
 .debug_frame   0x0000000000003058       0x2c /home/garnet/gcc-arm-none-eabi-9-2019-q4-major/bin/../lib/gcc/arm-none-eabi/9.2.1/../../../../arm-none-eabi/lib/thumb/v7e-m+fp/hard/libc_nano.a(lib_a-init.o)
 .debug_frame   0x0000000000003084       0x20 /home/garnet/gcc-arm-none-eabi-9-2019-q4-major/bin/../lib/gcc/arm-none-eabi/9.2.1/../../../../arm-none-eabi/lib/thumb/v7e-m+fp/hard/libc_nano.a(lib_a-memset.o)
 .debug_frame   0x00000000000030a4       0x2c /home/garnet/gcc-arm-none-eabi-9-2019-q4-major/bin/../lib/gcc/arm-none-eabi/9.2.1/../../../../arm-none-eabi/lib/thumb/v7e-m+fp/hard/libc_nano.a(lib_a-nano-callocr.o)
 .debug_frame   0x00000000000030d0       0x30 /home/garnet/gcc-arm-none-eabi-9-2019-q4-major/bin/../lib/gcc/arm-none-eabi/9.2.1/../../../../arm-none-eabi/lib/thumb/v7e-m+fp/hard/libc_nano.a(lib_a-nano-mallocr.o)
 .debug_frame   0x0000000000003100       0xa0 /home/garnet/gcc-arm-none-eabi-9-2019-q4-major/bin/../lib/gcc/arm-none-eabi/9.2.1/../../../../arm-none-eabi/lib/thumb/v7e-m+fp/hard/libc_nano.a(lib_a-nano-vfprintf_float.o)
 .debug_frame   0x00000000000031a0       0x60 /home/garnet/gcc-arm-none-eabi-9-2019-q4-major/bin/../lib/gcc/arm-none-eabi/9.2.1/../../../../arm-none-eabi/lib/thumb/v7e-m+fp/hard/libc_nano.a(lib_a-nano-vfprintf_i.o)
 .debug_frame   0x0000000000003200       0x2c /home/garnet/gcc-arm-none-eabi-9-2019-q4-major/bin/../lib/gcc/arm-none-eabi/9.2.1/../../../../arm-none-eabi/lib/thumb/v7e-m+fp/hard/libc_nano.a(lib_a-sbrkr.o)
 .debug_frame   0x000000000000322c       0x7c /home/garnet/gcc-arm-none-eabi-9-2019-q4-major/bin/../lib/gcc/arm-none-eabi/9.2.1/../../../../arm-none-eabi/lib/thumb/v7e-m+fp/hard/libc_nano.a(lib_a-dtoa.o)
 .debug_frame   0x00000000000032a8       0x40 /home/garnet/gcc-arm-none-eabi-9-2019-q4-major/bin/../lib/gcc/arm-none-eabi/9.2.1/../../../../arm-none-eabi/lib/thumb/v7e-m+fp/hard/libc_nano.a(lib_a-localeconv.o)
 .debug_frame   0x00000000000032e8       0x30 /home/garnet/gcc-arm-none-eabi-9-2019-q4-major/bin/../lib/gcc/arm-none-eabi/9.2.1/../../../../arm-none-eabi/lib/thumb/v7e-m+fp/hard/libc_nano.a(lib_a-malloc.o)
 .debug_frame   0x0000000000003318       0x28 /home/garnet/gcc-arm-none-eabi-9-2019-q4-major/bin/../lib/gcc/arm-none-eabi/9.2.1/../../../../arm-none-eabi/lib/thumb/v7e-m+fp/hard/libc_nano.a(lib_a-memcpy-stub.o)
 .debug_frame   0x0000000000003340       0x30 /home/garnet/gcc-arm-none-eabi-9-2019-q4-major/bin/../lib/gcc/arm-none-eabi/9.2.1/../../../../arm-none-eabi/lib/thumb/v7e-m+fp/hard/libc_nano.a(lib_a-mlock.o)
 .debug_frame   0x0000000000003370      0x25c /home/garnet/gcc-arm-none-eabi-9-2019-q4-major/bin/../lib/gcc/arm-none-eabi/9.2.1/../../../../arm-none-eabi/lib/thumb/v7e-m+fp/hard/libc_nano.a(lib_a-mprec.o)
 .debug_frame   0x00000000000035cc       0x5c /home/garnet/gcc-arm-none-eabi-9-2019-q4-major/bin/../lib/gcc/arm-none-eabi/9.2.1/../../../../arm-none-eabi/lib/thumb/v7e-m+fp/hard/libc_nano.a(lib_a-reent.o)
 .debug_frame   0x0000000000003628       0x48 /home/garnet/gcc-arm-none-eabi-9-2019-q4-major/bin/../lib/gcc/arm-none-eabi/9.2.1/../../../../arm-none-eabi/lib/thumb/v7e-m+fp/hard/libc_nano.a(lib_a-locale.o)
 .debug_frame   0x0000000000003670       0xb0 /home/garnet/gcc-arm-none-eabi-9-2019-q4-major/bin/../lib/gcc/arm-none-eabi/9.2.1/../../../../arm-none-eabi/lib/thumb/v7e-m+fp/hard/libc_nano.a(lib_a-lock.o)
 .debug_frame   0x0000000000003720       0x48 /home/garnet/gcc-arm-none-eabi-9-2019-q4-major/bin/../lib/gcc/arm-none-eabi/9.2.1/../../../../arm-none-eabi/lib/thumb/v7e-m+fp/hard/libc_nano.a(lib_a-mbtowc_r.o)
 .debug_frame   0x0000000000003768       0x3c /home/garnet/gcc-arm-none-eabi-9-2019-q4-major/bin/../lib/gcc/arm-none-eabi/9.2.1/../../../../arm-none-eabi/lib/thumb/v7e-m+fp/hard/libc_nano.a(lib_a-wctomb_r.o)
 .debug_frame   0x00000000000037a4       0x38 /home/garnet/gcc-arm-none-eabi-9-2019-q4-major/bin/../lib/gcc/arm-none-eabi/9.2.1/../../../../arm-none-eabi/lib/thumb/v7e-m+fp/hard/libm.a(lib_a-s_atan.o)
 .debug_frame   0x00000000000037dc       0x20 /home/garnet/gcc-arm-none-eabi-9-2019-q4-major/bin/../lib/gcc/arm-none-eabi/9.2.1/../../../../arm-none-eabi/lib/thumb/v7e-m+fp/hard/libm.a(lib_a-s_fabs.o)
 .debug_frame   0x00000000000037fc       0x20 /home/garnet/gcc-arm-none-eabi-9-2019-q4-major/bin/../lib/gcc/arm-none-eabi/9.2.1/../../../../arm-none-eabi/lib/thumb/v7e-m+fp/hard/libm.a(lib_a-sf_fabs.o)
 .debug_frame   0x000000000000381c       0x34 /home/garnet/gcc-arm-none-eabi-9-2019-q4-major/bin/../lib/gcc/arm-none-eabi/9.2.1/../../../../arm-none-eabi/lib/thumb/v7e-m+fp/hard/libm.a(lib_a-sf_sin.o)
 .debug_frame   0x0000000000003850       0x4c /home/garnet/gcc-arm-none-eabi-9-2019-q4-major/bin/../lib/gcc/arm-none-eabi/9.2.1/../../../../arm-none-eabi/lib/thumb/v7e-m+fp/hard/libm.a(lib_a-w_fmod.o)
 .debug_frame   0x000000000000389c       0x34 /home/garnet/gcc-arm-none-eabi-9-2019-q4-major/bin/../lib/gcc/arm-none-eabi/9.2.1/../../../../arm-none-eabi/lib/thumb/v7e-m+fp/hard/libm.a(lib_a-e_fmod.o)
 .debug_frame   0x00000000000038d0       0x44 /home/garnet/gcc-arm-none-eabi-9-2019-q4-major/bin/../lib/gcc/arm-none-eabi/9.2.1/../../../../arm-none-eabi/lib/thumb/v7e-m+fp/hard/libm.a(lib_a-ef_rem_pio2.o)
 .debug_frame   0x0000000000003914       0x20 /home/garnet/gcc-arm-none-eabi-9-2019-q4-major/bin/../lib/gcc/arm-none-eabi/9.2.1/../../../../arm-none-eabi/lib/thumb/v7e-m+fp/hard/libm.a(lib_a-kf_cos.o)
 .debug_frame   0x0000000000003934       0x5c /home/garnet/gcc-arm-none-eabi-9-2019-q4-major/bin/../lib/gcc/arm-none-eabi/9.2.1/../../../../arm-none-eabi/lib/thumb/v7e-m+fp/hard/libm.a(lib_a-kf_rem_pio2.o)
 .debug_frame   0x0000000000003990       0x20 /home/garnet/gcc-arm-none-eabi-9-2019-q4-major/bin/../lib/gcc/arm-none-eabi/9.2.1/../../../../arm-none-eabi/lib/thumb/v7e-m+fp/hard/libm.a(lib_a-kf_sin.o)
 .debug_frame   0x00000000000039b0       0x20 /home/garnet/gcc-arm-none-eabi-9-2019-q4-major/bin/../lib/gcc/arm-none-eabi/9.2.1/../../../../arm-none-eabi/lib/thumb/v7e-m+fp/hard/libm.a(lib_a-s_matherr.o)
 .debug_frame   0x00000000000039d0       0x20 /home/garnet/gcc-arm-none-eabi-9-2019-q4-major/bin/../lib/gcc/arm-none-eabi/9.2.1/../../../../arm-none-eabi/lib/thumb/v7e-m+fp/hard/libm.a(lib_a-sf_floor.o)
 .debug_frame   0x00000000000039f0       0x3c /home/garnet/gcc-arm-none-eabi-9-2019-q4-major/bin/../lib/gcc/arm-none-eabi/9.2.1/../../../../arm-none-eabi/lib/thumb/v7e-m+fp/hard/libm.a(lib_a-sf_scalbn.o)
 .debug_frame   0x0000000000003a2c       0x20 /home/garnet/gcc-arm-none-eabi-9-2019-q4-major/bin/../lib/gcc/arm-none-eabi/9.2.1/../../../../arm-none-eabi/lib/thumb/v7e-m+fp/hard/libnosys.a(sbrk.o)
 .debug_frame   0x0000000000003a4c       0xac /home/garnet/gcc-arm-none-eabi-9-2019-q4-major/bin/../lib/gcc/arm-none-eabi/9.2.1/thumb/v7e-m+fp/hard/libgcc.a(_arm_addsubdf3.o)
 .debug_frame   0x0000000000003af8       0x50 /home/garnet/gcc-arm-none-eabi-9-2019-q4-major/bin/../lib/gcc/arm-none-eabi/9.2.1/thumb/v7e-m+fp/hard/libgcc.a(_arm_muldivdf3.o)
 .debug_frame   0x0000000000003b48       0xc4 /home/garnet/gcc-arm-none-eabi-9-2019-q4-major/bin/../lib/gcc/arm-none-eabi/9.2.1/thumb/v7e-m+fp/hard/libgcc.a(_arm_cmpdf2.o)
 .debug_frame   0x0000000000003c0c       0x20 /home/garnet/gcc-arm-none-eabi-9-2019-q4-major/bin/../lib/gcc/arm-none-eabi/9.2.1/thumb/v7e-m+fp/hard/libgcc.a(_arm_unorddf2.o)
 .debug_frame   0x0000000000003c2c       0x24 /home/garnet/gcc-arm-none-eabi-9-2019-q4-major/bin/../lib/gcc/arm-none-eabi/9.2.1/thumb/v7e-m+fp/hard/libgcc.a(_arm_fixdfsi.o)
 .debug_frame   0x0000000000003c50       0x24 /home/garnet/gcc-arm-none-eabi-9-2019-q4-major/bin/../lib/gcc/arm-none-eabi/9.2.1/thumb/v7e-m+fp/hard/libgcc.a(_arm_truncdfsf2.o)
 .debug_frame   0x0000000000003c74       0x2c /home/garnet/gcc-arm-none-eabi-9-2019-q4-major/bin/../lib/gcc/arm-none-eabi/9.2.1/thumb/v7e-m+fp/hard/libgcc.a(_aeabi_uldivmod.o)
 .debug_frame   0x0000000000003ca0       0x34 /home/garnet/gcc-arm-none-eabi-9-2019-q4-major/bin/../lib/gcc/arm-none-eabi/9.2.1/thumb/v7e-m+fp/hard/libgcc.a(_udivmoddi4.o)
 .debug_frame   0x0000000000003cd4       0x20 /home/garnet/gcc-arm-none-eabi-9-2019-q4-major/bin/../lib/gcc/arm-none-eabi/9.2.1/../../../../arm-none-eabi/lib/thumb/v7e-m+fp/hard/libc_nano.a(lib_a-errno.o)

Cross Reference Table

Symbol                                            File
ADC1_IRQHandler                                   build/startup_stm32l432xx.o
ADC_BUF                                           build/stm32l4xx_hal_msp.o
                                                  build/stm32l4xx_it.o
                                                  build/main.o
ADC_ConversionStop                                build/stm32l4xx_hal_adc.o
                                                  build/stm32l4xx_hal_adc_ex.o
ADC_DMAConvCplt                                   build/stm32l4xx_hal_adc.o
ADC_DMAError                                      build/stm32l4xx_hal_adc.o
ADC_DMAHalfConvCplt                               build/stm32l4xx_hal_adc.o
ADC_Disable                                       build/stm32l4xx_hal_adc.o
                                                  build/stm32l4xx_hal_adc_ex.o
ADC_Enable                                        build/stm32l4xx_hal_adc.o
                                                  build/stm32l4xx_hal_adc_ex.o
AHBPrescTable                                     build/system_stm32l4xx.o
                                                  build/stm32l4xx_hal_rcc.o
APBPrescTable                                     build/system_stm32l4xx.o
                                                  build/stm32l4xx_hal_rcc.o
BusFault_Handler                                  build/stm32l4xx_it.o
CAN1_RX0_IRQHandler                               build/startup_stm32l432xx.o
CAN1_RX1_IRQHandler                               build/startup_stm32l432xx.o
CAN1_SCE_IRQHandler                               build/startup_stm32l432xx.o
CAN1_TX_IRQHandler                                build/startup_stm32l432xx.o
COMP_IRQHandler                                   build/startup_stm32l432xx.o
CRS_IRQHandler                                    build/startup_stm32l432xx.o
DAC_DMAConvCpltCh1                                build/stm32l4xx_hal_dac.o
DAC_DMAConvCpltCh2                                build/stm32l4xx_hal_dac_ex.o
                                                  build/stm32l4xx_hal_dac.o