Archive member included to satisfy reference by file (symbol)

/home/garnet/gcc-arm-none-eabi-9-2019-q4-major/bin/../lib/gcc/arm-none-eabi/9.2.1/../../../../arm-none-eabi/lib/thumb/v7e-m+fp/hard/libc_nano.a(lib_a-exit.o)
                              /home/garnet/gcc-arm-none-eabi-9-2019-q4-major/bin/../lib/gcc/arm-none-eabi/9.2.1/../../../../arm-none-eabi/lib/thumb/v7e-m+fp/hard/crt0.o (exit)
/home/garnet/gcc-arm-none-eabi-9-2019-q4-major/bin/../lib/gcc/arm-none-eabi/9.2.1/../../../../arm-none-eabi/lib/thumb/v7e-m+fp/hard/libc_nano.a(lib_a-impure.o)
                              /home/garnet/gcc-arm-none-eabi-9-2019-q4-major/bin/../lib/gcc/arm-none-eabi/9.2.1/../../../../arm-none-eabi/lib/thumb/v7e-m+fp/hard/libc_nano.a(lib_a-exit.o) (_global_impure_ptr)
/home/garnet/gcc-arm-none-eabi-9-2019-q4-major/bin/../lib/gcc/arm-none-eabi/9.2.1/../../../../arm-none-eabi/lib/thumb/v7e-m+fp/hard/libc_nano.a(lib_a-init.o)
                              /home/garnet/gcc-arm-none-eabi-9-2019-q4-major/bin/../lib/gcc/arm-none-eabi/9.2.1/../../../../arm-none-eabi/lib/thumb/v7e-m+fp/hard/crt0.o (__libc_init_array)
/home/garnet/gcc-arm-none-eabi-9-2019-q4-major/bin/../lib/gcc/arm-none-eabi/9.2.1/../../../../arm-none-eabi/lib/thumb/v7e-m+fp/hard/libc_nano.a(lib_a-memset.o)
                              /home/garnet/gcc-arm-none-eabi-9-2019-q4-major/bin/../lib/gcc/arm-none-eabi/9.2.1/../../../../arm-none-eabi/lib/thumb/v7e-m+fp/hard/crt0.o (memset)
/home/garnet/gcc-arm-none-eabi-9-2019-q4-major/bin/../lib/gcc/arm-none-eabi/9.2.1/../../../../arm-none-eabi/lib/thumb/v7e-m+fp/hard/libc_nano.a(lib_a-strlen.o)
                              build/main.o (strlen)
/home/garnet/gcc-arm-none-eabi-9-2019-q4-major/bin/../lib/gcc/arm-none-eabi/9.2.1/../../../../arm-none-eabi/lib/thumb/v7e-m+fp/hard/libnosys.a(_exit.o)
                              /home/garnet/gcc-arm-none-eabi-9-2019-q4-major/bin/../lib/gcc/arm-none-eabi/9.2.1/../../../../arm-none-eabi/lib/thumb/v7e-m+fp/hard/libc_nano.a(lib_a-exit.o) (_exit)
/home/garnet/gcc-arm-none-eabi-9-2019-q4-major/bin/../lib/gcc/arm-none-eabi/9.2.1/thumb/v7e-m+fp/hard/libgcc.a(_aeabi_uldivmod.o)
                              build/stm32l4xx_hal_uart.o (__aeabi_uldivmod)
/home/garnet/gcc-arm-none-eabi-9-2019-q4-major/bin/../lib/gcc/arm-none-eabi/9.2.1/thumb/v7e-m+fp/hard/libgcc.a(_udivmoddi4.o)
                              /home/garnet/gcc-arm-none-eabi-9-2019-q4-major/bin/../lib/gcc/arm-none-eabi/9.2.1/thumb/v7e-m+fp/hard/libgcc.a(_aeabi_uldivmod.o) (__udivmoddi4)
/home/garnet/gcc-arm-none-eabi-9-2019-q4-major/bin/../lib/gcc/arm-none-eabi/9.2.1/thumb/v7e-m+fp/hard/libgcc.a(_dvmd_tls.o)
                              /home/garnet/gcc-arm-none-eabi-9-2019-q4-major/bin/../lib/gcc/arm-none-eabi/9.2.1/thumb/v7e-m+fp/hard/libgcc.a(_aeabi_uldivmod.o) (__aeabi_ldiv0)

Allocating common symbols
Common symbol       size              file

hdac1               0x14              build/main.o
trig                0x4               build/main.o
uwTick              0x4               build/stm32l4xx_hal.o
adc_value           0x2               build/main.o
hadc1               0x64              build/main.o
value_adc           0x4               build/main.o
huart2              0x80              build/main.o
value_dac           0x4               build/main.o

Discarded input sections

 .text          0x0000000000000000        0x0 /home/garnet/gcc-arm-none-eabi-9-2019-q4-major/bin/../lib/gcc/arm-none-eabi/9.2.1/thumb/v7e-m+fp/hard/crti.o
 .data          0x0000000000000000        0x0 /home/garnet/gcc-arm-none-eabi-9-2019-q4-major/bin/../lib/gcc/arm-none-eabi/9.2.1/thumb/v7e-m+fp/hard/crti.o
 .bss           0x0000000000000000        0x0 /home/garnet/gcc-arm-none-eabi-9-2019-q4-major/bin/../lib/gcc/arm-none-eabi/9.2.1/thumb/v7e-m+fp/hard/crti.o
 .data          0x0000000000000000        0x4 /home/garnet/gcc-arm-none-eabi-9-2019-q4-major/bin/../lib/gcc/arm-none-eabi/9.2.1/thumb/v7e-m+fp/hard/crtbegin.o
 .text          0x0000000000000000       0x74 /home/garnet/gcc-arm-none-eabi-9-2019-q4-major/bin/../lib/gcc/arm-none-eabi/9.2.1/../../../../arm-none-eabi/lib/thumb/v7e-m+fp/hard/crt0.o
 .data          0x0000000000000000        0x0 /home/garnet/gcc-arm-none-eabi-9-2019-q4-major/bin/../lib/gcc/arm-none-eabi/9.2.1/../../../../arm-none-eabi/lib/thumb/v7e-m+fp/hard/crt0.o
 .bss           0x0000000000000000        0x0 /home/garnet/gcc-arm-none-eabi-9-2019-q4-major/bin/../lib/gcc/arm-none-eabi/9.2.1/../../../../arm-none-eabi/lib/thumb/v7e-m+fp/hard/crt0.o
 .ARM.extab     0x0000000000000000        0x0 /home/garnet/gcc-arm-none-eabi-9-2019-q4-major/bin/../lib/gcc/arm-none-eabi/9.2.1/../../../../arm-none-eabi/lib/thumb/v7e-m+fp/hard/crt0.o
 .ARM.exidx     0x0000000000000000        0x8 /home/garnet/gcc-arm-none-eabi-9-2019-q4-major/bin/../lib/gcc/arm-none-eabi/9.2.1/../../../../arm-none-eabi/lib/thumb/v7e-m+fp/hard/crt0.o
 .ARM.attributes
[...]
Memory Configuration

Name             Origin             Length             Attributes
RAM              0x0000000020000000 0x0000000000010000 xrw
FLASH            0x0000000008000000 0x0000000000040000 xr
*default*        0x0000000000000000 0xffffffffffffffff

Linker script and memory map

LOAD /home/garnet/gcc-arm-none-eabi-9-2019-q4-major/bin/../lib/gcc/arm-none-eabi/9.2.1/thumb/v7e-m+fp/hard/crti.o
LOAD /home/garnet/gcc-arm-none-eabi-9-2019-q4-major/bin/../lib/gcc/arm-none-eabi/9.2.1/thumb/v7e-m+fp/hard/crtbegin.o
LOAD /home/garnet/gcc-arm-none-eabi-9-2019-q4-major/bin/../lib/gcc/arm-none-eabi/9.2.1/../../../../arm-none-eabi/lib/thumb/v7e-m+fp/hard/crt0.o
LOAD build/main.o
LOAD build/stm32l4xx_it.o
LOAD build/stm32l4xx_hal_msp.o
LOAD build/stm32l4xx_hal.o
LOAD build/stm32l4xx_hal_i2c.o
LOAD build/stm32l4xx_hal_i2c_ex.o
LOAD build/stm32l4xx_hal_rcc.o
LOAD build/stm32l4xx_hal_rcc_ex.o
LOAD build/stm32l4xx_hal_flash.o
LOAD build/stm32l4xx_hal_flash_ex.o
LOAD build/stm32l4xx_hal_flash_ramfunc.o
LOAD build/stm32l4xx_hal_gpio.o
LOAD build/stm32l4xx_hal_dma.o
LOAD build/stm32l4xx_hal_dma_ex.o
LOAD build/stm32l4xx_hal_pwr.o
LOAD build/stm32l4xx_hal_pwr_ex.o
LOAD build/stm32l4xx_hal_cortex.o
LOAD build/stm32l4xx_hal_exti.o
LOAD build/stm32l4xx_hal_tim.o
LOAD build/stm32l4xx_hal_tim_ex.o
LOAD build/system_stm32l4xx.o
LOAD build/stm32l4xx_hal_uart.o
LOAD build/stm32l4xx_hal_uart_ex.o
LOAD build/stm32l4xx_hal_dac.o
LOAD build/stm32l4xx_hal_dac_ex.o
LOAD build/stm32l4xx_hal_adc.o
LOAD build/stm32l4xx_hal_adc_ex.o
LOAD build/startup_stm32l432xx.o
LOAD /home/garnet/gcc-arm-none-eabi-9-2019-q4-major/bin/../lib/gcc/arm-none-eabi/9.2.1/../../../../arm-none-eabi/lib/thumb/v7e-m+fp/hard/libc_nano.a
LOAD /home/garnet/gcc-arm-none-eabi-9-2019-q4-major/bin/../lib/gcc/arm-none-eabi/9.2.1/../../../../arm-none-eabi/lib/thumb/v7e-m+fp/hard/libm.a
LOAD /home/garnet/gcc-arm-none-eabi-9-2019-q4-major/bin/../lib/gcc/arm-none-eabi/9.2.1/../../../../arm-none-eabi/lib/thumb/v7e-m+fp/hard/libnosys.a
START GROUP
LOAD /home/garnet/gcc-arm-none-eabi-9-2019-q4-major/bin/../lib/gcc/arm-none-eabi/9.2.1/thumb/v7e-m+fp/hard/libgcc.a
LOAD /home/garnet/gcc-arm-none-eabi-9-2019-q4-major/bin/../lib/gcc/arm-none-eabi/9.2.1/../../../../arm-none-eabi/lib/thumb/v7e-m+fp/hard/libc_nano.a
END GROUP
START GROUP
LOAD /home/garnet/gcc-arm-none-eabi-9-2019-q4-major/bin/../lib/gcc/arm-none-eabi/9.2.1/thumb/v7e-m+fp/hard/libgcc.a
LOAD /home/garnet/gcc-arm-none-eabi-9-2019-q4-major/bin/../lib/gcc/arm-none-eabi/9.2.1/../../../../arm-none-eabi/lib/thumb/v7e-m+fp/hard/libc_nano.a
END GROUP
LOAD /home/garnet/gcc-arm-none-eabi-9-2019-q4-major/bin/../lib/gcc/arm-none-eabi/9.2.1/thumb/v7e-m+fp/hard/crtend.o
LOAD /home/garnet/gcc-arm-none-eabi-9-2019-q4-major/bin/../lib/gcc/arm-none-eabi/9.2.1/thumb/v7e-m+fp/hard/crtn.o
                0x0000000020010000                _estack = 0x20010000
                0x0000000000000200                _Min_Heap_Size = 0x200
                0x0000000000000400                _Min_Stack_Size = 0x400

.isr_vector     0x0000000008000000      0x190
                0x0000000008000000                . = ALIGN (0x8)
 *(.isr_vector)
 .isr_vector    0x0000000008000000      0x18c build/startup_stm32l432xx.o
                0x0000000008000000                g_pfnVectors
                0x0000000008000190                . = ALIGN (0x8)
 *fill*         0x000000000800018c        0x4 

.text           0x0000000008000190     0x2bd8
                0x0000000008000190                . = ALIGN (0x8)
 *(.text)
 .text          0x0000000008000190       0x40 /home/garnet/gcc-arm-none-eabi-9-2019-q4-major/bin/../lib/gcc/arm-none-eabi/9.2.1/thumb/v7e-m+fp/hard/crtbegin.o
 .text          0x00000000080001d0       0x10 /home/garnet/gcc-arm-none-eabi-9-2019-q4-major/bin/../lib/gcc/arm-none-eabi/9.2.1/../../../../arm-none-eabi/lib/thumb/v7e-m+fp/hard/libc_nano.a(lib_a-strlen.o)
                0x00000000080001d0                strlen
 .text          0x00000000080001e0       0x30 /home/garnet/gcc-arm-none-eabi-9-2019-q4-major/bin/../lib/gcc/arm-none-eabi/9.2.1/thumb/v7e-m+fp/hard/libgcc.a(_aeabi_uldivmod.o)
                0x00000000080001e0                __aeabi_uldivmod
 .text          0x0000000008000210      0x2c4 /home/garnet/gcc-arm-none-eabi-9-2019-q4-major/bin/../lib/gcc/arm-none-eabi/9.2.1/thumb/v7e-m+fp/hard/libgcc.a(_udivmoddi4.o)
                0x0000000008000210                __udivmoddi4
 .text          0x00000000080004d4        0x4 /home/garnet/gcc-arm-none-eabi-9-2019-q4-major/bin/../lib/gcc/arm-none-eabi/9.2.1/thumb/v7e-m+fp/hard/libgcc.a(_dvmd_tls.o)
                0x00000000080004d4                __aeabi_ldiv0
                0x00000000080004d4                __aeabi_idiv0
 *(.text*)
 .text.MX_GPIO_Init
                0x00000000080004d8       0x20 build/main.o
 .text.MX_USART2_UART_Init
                0x00000000080004f8       0x30 build/main.o
 .text.MX_DAC1_Init
                0x0000000008000528       0x3c build/main.o
 .text.MX_ADC1_Init
                0x0000000008000564       0x74 build/main.o
 .text.debugPrintln
                0x00000000080005d8       0x32 build/main.o
                0x00000000080005d8                debugPrintln
 .text.SystemClock_Config
                0x000000000800060a       0x80 build/main.o
                0x000000000800060a                SystemClock_Config
 *fill*         0x000000000800068a        0x2 
 .text.main     0x000000000800068c       0x5c build/main.o
                0x000000000800068c                main
 .text.NMI_Handler
                0x00000000080006e8        0x2 build/stm32l4xx_it.o
                0x00000000080006e8                NMI_Handler
 .text.HardFault_Handler
                0x00000000080006ea        0x2 build/stm32l4xx_it.o
                0x00000000080006ea                HardFault_Handler
 .text.MemManage_Handler
                0x00000000080006ec        0x2 build/stm32l4xx_it.o
                0x00000000080006ec                MemManage_Handler
 .text.BusFault_Handler
                0x00000000080006ee        0x2 build/stm32l4xx_it.o
                0x00000000080006ee                BusFault_Handler
 .text.UsageFault_Handler
                0x00000000080006f0        0x2 build/stm32l4xx_it.o
                0x00000000080006f0                UsageFault_Handler
 .text.SVC_Handler
                0x00000000080006f2        0x2 build/stm32l4xx_it.o
                0x00000000080006f2                SVC_Handler
 .text.DebugMon_Handler
                0x00000000080006f4        0x2 build/stm32l4xx_it.o
                0x00000000080006f4                DebugMon_Handler
 .text.PendSV_Handler
                0x00000000080006f6        0x2 build/stm32l4xx_it.o
                0x00000000080006f6                PendSV_Handler
 .text.SysTick_Handler
                0x00000000080006f8        0x8 build/stm32l4xx_it.o
                0x00000000080006f8                SysTick_Handler
 .text.ADC1_IRQHandler
                0x0000000008000700       0x10 build/stm32l4xx_it.o
                0x0000000008000700                ADC1_IRQHandler
 .text.HAL_ADC_ConvCpltCallback
                0x0000000008000710       0x28 build/stm32l4xx_it.o
                0x0000000008000710                HAL_ADC_ConvCpltCallback
 .text.HAL_MspInit
                0x0000000008000738       0x30 build/stm32l4xx_hal_msp.o
                0x0000000008000738                HAL_MspInit
 .text.HAL_ADC_MspInit
                0x0000000008000768       0x74 build/stm32l4xx_hal_msp.o
                0x0000000008000768                HAL_ADC_MspInit
 .text.HAL_DAC_MspInit
                0x00000000080007dc       0x64 build/stm32l4xx_hal_msp.o
                0x00000000080007dc                HAL_DAC_MspInit
 .text.HAL_UART_MspInit
                0x0000000008000840       0x80 build/stm32l4xx_hal_msp.o
                0x0000000008000840                HAL_UART_MspInit
 .text.HAL_InitTick
                0x00000000080008c0       0x50 build/stm32l4xx_hal.o
                0x00000000080008c0                HAL_InitTick
 .text.HAL_Init
                0x0000000008000910       0x1e build/stm32l4xx_hal.o
                0x0000000008000910                HAL_Init
 *fill*         0x000000000800092e        0x2 
 .text.HAL_IncTick
                0x0000000008000930       0x18 build/stm32l4xx_hal.o
                0x0000000008000930                HAL_IncTick
 .text.HAL_GetTick
                0x0000000008000948        0xc build/stm32l4xx_hal.o
                0x0000000008000948                HAL_GetTick
 .text.HAL_Delay
                0x0000000008000954       0x28 build/stm32l4xx_hal.o
                0x0000000008000954                HAL_Delay
 .text.RCC_SetFlashLatencyFromMSIRange
                0x000000000800097c       0x90 build/stm32l4xx_hal_rcc.o
 .text.HAL_RCC_GetSysClockFreq
                0x0000000008000a0c       0xb4 build/stm32l4xx_hal_rcc.o
                0x0000000008000a0c                HAL_RCC_GetSysClockFreq
 .text.HAL_RCC_OscConfig
                0x0000000008000ac0      0x680 build/stm32l4xx_hal_rcc.o
                0x0000000008000ac0                HAL_RCC_OscConfig
 .text.HAL_RCC_ClockConfig
                0x0000000008001140      0x15c build/stm32l4xx_hal_rcc.o
                0x0000000008001140                HAL_RCC_ClockConfig
 .text.HAL_RCC_GetHCLKFreq
                0x000000000800129c        0xc build/stm32l4xx_hal_rcc.o
                0x000000000800129c                HAL_RCC_GetHCLKFreq
 .text.HAL_RCC_GetPCLK1Freq
                0x00000000080012a8       0x24 build/stm32l4xx_hal_rcc.o
                0x00000000080012a8                HAL_RCC_GetPCLK1Freq
 .text.HAL_RCC_GetPCLK2Freq
                0x00000000080012cc       0x24 build/stm32l4xx_hal_rcc.o
                0x00000000080012cc                HAL_RCC_GetPCLK2Freq
 .text.RCCEx_PLLSAI1_Config
                0x00000000080012f0      0x16c build/stm32l4xx_hal_rcc_ex.o
 .text.HAL_RCCEx_PeriphCLKConfig
                0x000000000800145c      0x2e8 build/stm32l4xx_hal_rcc_ex.o
                0x000000000800145c                HAL_RCCEx_PeriphCLKConfig
 .text.HAL_GPIO_Init
                0x0000000008001744      0x180 build/stm32l4xx_hal_gpio.o
                0x0000000008001744                HAL_GPIO_Init
 .text.HAL_PWREx_GetVoltageRange
                0x00000000080018c4       0x10 build/stm32l4xx_hal_pwr_ex.o
                0x00000000080018c4                HAL_PWREx_GetVoltageRange
 .text.HAL_PWREx_ControlVoltageScaling
                0x00000000080018d4       0x90 build/stm32l4xx_hal_pwr_ex.o
                0x00000000080018d4                HAL_PWREx_ControlVoltageScaling
 .text.HAL_NVIC_SetPriorityGrouping
                0x0000000008001964       0x24 build/stm32l4xx_hal_cortex.o
                0x0000000008001964                HAL_NVIC_SetPriorityGrouping
 .text.HAL_NVIC_SetPriority
                0x0000000008001988       0x68 build/stm32l4xx_hal_cortex.o
                0x0000000008001988                HAL_NVIC_SetPriority
 .text.HAL_NVIC_EnableIRQ
                0x00000000080019f0       0x1c build/stm32l4xx_hal_cortex.o
                0x00000000080019f0                HAL_NVIC_EnableIRQ
 .text.HAL_SYSTICK_Config
                0x0000000008001a0c       0x2c build/stm32l4xx_hal_cortex.o
                0x0000000008001a0c                HAL_SYSTICK_Config
 .text.SystemInit
                0x0000000008001a38       0x48 build/system_stm32l4xx.o
                0x0000000008001a38                SystemInit
 .text.UART_SetConfig
                0x0000000008001a80      0x34c build/stm32l4xx_hal_uart.o
                0x0000000008001a80                UART_SetConfig
 .text.UART_AdvFeatureConfig
                0x0000000008001dcc       0xca build/stm32l4xx_hal_uart.o
                0x0000000008001dcc                UART_AdvFeatureConfig
 .text.UART_WaitOnFlagUntilTimeout
                0x0000000008001e96       0xa2 build/stm32l4xx_hal_uart.o
                0x0000000008001e96                UART_WaitOnFlagUntilTimeout
 .text.HAL_UART_Transmit
                0x0000000008001f38       0xd6 build/stm32l4xx_hal_uart.o
                0x0000000008001f38                HAL_UART_Transmit
 .text.UART_CheckIdleState
                0x000000000800200e       0x6c build/stm32l4xx_hal_uart.o
                0x000000000800200e                UART_CheckIdleState
 .text.HAL_UART_Init
                0x000000000800207a       0x62 build/stm32l4xx_hal_uart.o
                0x000000000800207a                HAL_UART_Init
 .text.HAL_DAC_Init
                0x00000000080020dc       0x24 build/stm32l4xx_hal_dac.o
                0x00000000080020dc                HAL_DAC_Init
 .text.HAL_DAC_Start
                0x0000000008002100       0x60 build/stm32l4xx_hal_dac.o
                0x0000000008002100                HAL_DAC_Start
 .text.HAL_DAC_SetValue
                0x0000000008002160       0x2e build/stm32l4xx_hal_dac.o
                0x0000000008002160                HAL_DAC_SetValue
 .text.HAL_DAC_ConfigChannel
                0x000000000800218e      0x136 build/stm32l4xx_hal_dac.o
                0x000000000800218e                HAL_DAC_ConfigChannel
 .text.HAL_ADC_Init
                0x00000000080022c4      0x1d8 build/stm32l4xx_hal_adc.o
                0x00000000080022c4                HAL_ADC_Init
 .text.HAL_ADC_GetValue
                0x000000000800249c        0x6 build/stm32l4xx_hal_adc.o
                0x000000000800249c                HAL_ADC_GetValue
 .text.HAL_ADC_LevelOutOfWindowCallback
                0x00000000080024a2        0x2 build/stm32l4xx_hal_adc.o
                0x00000000080024a2                HAL_ADC_LevelOutOfWindowCallback
 .text.HAL_ADC_ErrorCallback
                0x00000000080024a4        0x2 build/stm32l4xx_hal_adc.o
                0x00000000080024a4                HAL_ADC_ErrorCallback
 .text.HAL_ADC_IRQHandler
                0x00000000080024a6      0x234 build/stm32l4xx_hal_adc.o
                0x00000000080024a6                HAL_ADC_IRQHandler
 *fill*         0x00000000080026da        0x2 
 .text.HAL_ADC_ConfigChannel
                0x00000000080026dc      0x438 build/stm32l4xx_hal_adc.o
                0x00000000080026dc                HAL_ADC_ConfigChannel
 .text.ADC_Enable
                0x0000000008002b14       0x90 build/stm32l4xx_hal_adc.o
                0x0000000008002b14                ADC_Enable
 .text.HAL_ADC_Start_IT
                0x0000000008002ba4       0xf0 build/stm32l4xx_hal_adc.o
                0x0000000008002ba4                HAL_ADC_Start_IT
 .text.HAL_ADCEx_InjectedConvCpltCallback
                0x0000000008002c94        0x2 build/stm32l4xx_hal_adc_ex.o
                0x0000000008002c94                HAL_ADCEx_InjectedConvCpltCallback
 .text.HAL_ADCEx_InjectedQueueOverflowCallback
                0x0000000008002c96        0x2 build/stm32l4xx_hal_adc_ex.o
                0x0000000008002c96                HAL_ADCEx_InjectedQueueOverflowCallback
 .text.HAL_ADCEx_LevelOutOfWindow2Callback
                0x0000000008002c98        0x2 build/stm32l4xx_hal_adc_ex.o
                0x0000000008002c98                HAL_ADCEx_LevelOutOfWindow2Callback
 .text.HAL_ADCEx_LevelOutOfWindow3Callback
                0x0000000008002c9a        0x2 build/stm32l4xx_hal_adc_ex.o
                0x0000000008002c9a                HAL_ADCEx_LevelOutOfWindow3Callback
 .text.HAL_ADCEx_EndOfSamplingCallback
                0x0000000008002c9c        0x2 build/stm32l4xx_hal_adc_ex.o
                0x0000000008002c9c                HAL_ADCEx_EndOfSamplingCallback
 *fill*         0x0000000008002c9e        0x2 
 .text.Reset_Handler
                0x0000000008002ca0       0x50 build/startup_stm32l432xx.o
                0x0000000008002ca0                Reset_Handler
 .text.Default_Handler
                0x0000000008002cf0        0x2 build/startup_stm32l432xx.o
                0x0000000008002cf0                RTC_Alarm_IRQHandler
                0x0000000008002cf0                EXTI2_IRQHandler
                0x0000000008002cf0                TIM1_CC_IRQHandler
                0x0000000008002cf0                TSC_IRQHandler
                0x0000000008002cf0                TAMP_STAMP_IRQHandler
                0x0000000008002cf0                EXTI3_IRQHandler
                0x0000000008002cf0                LPTIM2_IRQHandler
                0x0000000008002cf0                I2C3_ER_IRQHandler
                0x0000000008002cf0                EXTI0_IRQHandler
                0x0000000008002cf0                CAN1_RX0_IRQHandler
                0x0000000008002cf0                FPU_IRQHandler
                0x0000000008002cf0                TIM1_UP_TIM16_IRQHandler
                0x0000000008002cf0                SPI1_IRQHandler
                0x0000000008002cf0                TIM6_DAC_IRQHandler
                0x0000000008002cf0                DMA2_Channel2_IRQHandler
                0x0000000008002cf0                DMA1_Channel4_IRQHandler
                0x0000000008002cf0                DMA1_Channel7_IRQHandler
                0x0000000008002cf0                CAN1_RX1_IRQHandler
                0x0000000008002cf0                DMA2_Channel1_IRQHandler
                0x0000000008002cf0                QUADSPI_IRQHandler
                0x0000000008002cf0                I2C1_EV_IRQHandler
                0x0000000008002cf0                DMA1_Channel6_IRQHandler
                0x0000000008002cf0                DMA2_Channel4_IRQHandler
                0x0000000008002cf0                RCC_IRQHandler
                0x0000000008002cf0                TIM1_TRG_COM_IRQHandler
                0x0000000008002cf0                DMA1_Channel1_IRQHandler
                0x0000000008002cf0                Default_Handler
                0x0000000008002cf0                DMA2_Channel7_IRQHandler
                0x0000000008002cf0                EXTI15_10_IRQHandler
                0x0000000008002cf0                TIM7_IRQHandler
                0x0000000008002cf0                I2C3_EV_IRQHandler
                0x0000000008002cf0                USB_IRQHandler
                0x0000000008002cf0                EXTI9_5_IRQHandler
                0x0000000008002cf0                RTC_WKUP_IRQHandler
                0x0000000008002cf0                PVD_PVM_IRQHandler
                0x0000000008002cf0                CAN1_TX_IRQHandler
                0x0000000008002cf0                DMA2_Channel5_IRQHandler
                0x0000000008002cf0                CRS_IRQHandler
                0x0000000008002cf0                DMA1_Channel5_IRQHandler
                0x0000000008002cf0                EXTI4_IRQHandler
                0x0000000008002cf0                RNG_IRQHandler
                0x0000000008002cf0                DMA1_Channel3_IRQHandler
                0x0000000008002cf0                COMP_IRQHandler
                0x0000000008002cf0                WWDG_IRQHandler
                0x0000000008002cf0                LPUART1_IRQHandler
                0x0000000008002cf0                DMA2_Channel6_IRQHandler
                0x0000000008002cf0                TIM2_IRQHandler
                0x0000000008002cf0                EXTI1_IRQHandler
                0x0000000008002cf0                USART2_IRQHandler
                0x0000000008002cf0                DMA1_Channel2_IRQHandler
                0x0000000008002cf0                CAN1_SCE_IRQHandler
                0x0000000008002cf0                FLASH_IRQHandler
                0x0000000008002cf0                USART1_IRQHandler
                0x0000000008002cf0                SPI3_IRQHandler
                0x0000000008002cf0                I2C1_ER_IRQHandler
                0x0000000008002cf0                SWPMI1_IRQHandler
                0x0000000008002cf0                LPTIM1_IRQHandler
                0x0000000008002cf0                SAI1_IRQHandler
                0x0000000008002cf0                DMA2_Channel3_IRQHandler
                0x0000000008002cf0                TIM1_BRK_TIM15_IRQHandler
 *fill*         0x0000000008002cf2        0x2 
 .text.__libc_init_array
                0x0000000008002cf4       0x48 /home/garnet/gcc-arm-none-eabi-9-2019-q4-major/bin/../lib/gcc/arm-none-eabi/9.2.1/../../../../arm-none-eabi/lib/thumb/v7e-m+fp/hard/libc_nano.a(lib_a-init.o)
                0x0000000008002cf4                __libc_init_array
 .text.memset   0x0000000008002d3c       0x10 /home/garnet/gcc-arm-none-eabi-9-2019-q4-major/bin/../lib/gcc/arm-none-eabi/9.2.1/../../../../arm-none-eabi/lib/thumb/v7e-m+fp/hard/libc_nano.a(lib_a-memset.o)
                0x0000000008002d3c                memset
 *(.glue_7)
 .glue_7        0x0000000008002d4c        0x0 linker stubs
 *(.glue_7t)
 .glue_7t       0x0000000008002d4c        0x0 linker stubs
 *(.eh_frame)
 .eh_frame      0x0000000008002d4c        0x0 /home/garnet/gcc-arm-none-eabi-9-2019-q4-major/bin/../lib/gcc/arm-none-eabi/9.2.1/thumb/v7e-m+fp/hard/crtbegin.o
 *(.init)
 .init          0x0000000008002d4c        0x4 /home/garnet/gcc-arm-none-eabi-9-2019-q4-major/bin/../lib/gcc/arm-none-eabi/9.2.1/thumb/v7e-m+fp/hard/crti.o
                0x0000000008002d4c                _init
 .init          0x0000000008002d50        0x8 /home/garnet/gcc-arm-none-eabi-9-2019-q4-major/bin/../lib/gcc/arm-none-eabi/9.2.1/thumb/v7e-m+fp/hard/crtn.o
 *(.fini)
 .fini          0x0000000008002d58        0x4 /home/garnet/gcc-arm-none-eabi-9-2019-q4-major/bin/../lib/gcc/arm-none-eabi/9.2.1/thumb/v7e-m+fp/hard/crti.o
                0x0000000008002d58                _fini
 .fini          0x0000000008002d5c        0x8 /home/garnet/gcc-arm-none-eabi-9-2019-q4-major/bin/../lib/gcc/arm-none-eabi/9.2.1/thumb/v7e-m+fp/hard/crtn.o
                0x0000000008002d68                . = ALIGN (0x8)
 *fill*         0x0000000008002d64        0x4 
                0x0000000008002d68                _etext = .

.vfp11_veneer   0x0000000008002d68        0x0
 .vfp11_veneer  0x0000000008002d68        0x0 linker stubs

.v4_bx          0x0000000008002d68        0x0
 .v4_bx         0x0000000008002d68        0x0 linker stubs

.iplt           0x0000000008002d68        0x0
 .iplt          0x0000000008002d68        0x0 /home/garnet/gcc-arm-none-eabi-9-2019-q4-major/bin/../lib/gcc/arm-none-eabi/9.2.1/thumb/v7e-m+fp/hard/crtbegin.o

.rodata         0x0000000008002d68       0x68
                0x0000000008002d68                . = ALIGN (0x8)
 *(.rodata)
 *(.rodata*)
 .rodata.main.str1.4
                0x0000000008002d68       0x1c build/main.o
 .rodata.AHBPrescTable
                0x0000000008002d84       0x10 build/system_stm32l4xx.o
                0x0000000008002d84                AHBPrescTable
 .rodata.APBPrescTable
                0x0000000008002d94        0x8 build/system_stm32l4xx.o
                0x0000000008002d94                APBPrescTable
 .rodata.MSIRangeTable
                0x0000000008002d9c       0x30 build/system_stm32l4xx.o
                0x0000000008002d9c                MSIRangeTable
                0x0000000008002dd0                . = ALIGN (0x8)
 *fill*         0x0000000008002dcc        0x4 

.ARM.extab      0x0000000008002dd0        0x0
                0x0000000008002dd0                . = ALIGN (0x8)
 *(.ARM.extab* .gnu.linkonce.armextab.*)
                0x0000000008002dd0                . = ALIGN (0x8)

.ARM            0x0000000008002dd0        0x8
                0x0000000008002dd0                . = ALIGN (0x8)
                0x0000000008002dd0                __exidx_start = .
 *(.ARM.exidx*)
 .ARM.exidx     0x0000000008002dd0        0x8 /home/garnet/gcc-arm-none-eabi-9-2019-q4-major/bin/../lib/gcc/arm-none-eabi/9.2.1/thumb/v7e-m+fp/hard/libgcc.a(_udivmoddi4.o)
                0x0000000008002dd8                __exidx_end = .
                0x0000000008002dd8                . = ALIGN (0x8)

.rel.dyn        0x0000000008002dd8        0x0
 .rel.iplt      0x0000000008002dd8        0x0 /home/garnet/gcc-arm-none-eabi-9-2019-q4-major/bin/../lib/gcc/arm-none-eabi/9.2.1/thumb/v7e-m+fp/hard/crtbegin.o

.preinit_array  0x0000000008002dd8        0x0
                0x0000000008002dd8                . = ALIGN (0x8)
                0x0000000008002dd8                PROVIDE (__preinit_array_start = .)
 *(.preinit_array*)
                0x0000000008002dd8                PROVIDE (__preinit_array_end = .)
                0x0000000008002dd8                . = ALIGN (0x8)

.init_array     0x0000000008002dd8        0x8
                0x0000000008002dd8                . = ALIGN (0x8)
                0x0000000008002dd8                PROVIDE (__init_array_start = .)
 *(SORT_BY_NAME(.init_array.*))
 *(.init_array*)
 .init_array    0x0000000008002dd8        0x4 /home/garnet/gcc-arm-none-eabi-9-2019-q4-major/bin/../lib/gcc/arm-none-eabi/9.2.1/thumb/v7e-m+fp/hard/crtbegin.o
                0x0000000008002ddc                PROVIDE (__init_array_end = .)
                0x0000000008002de0                . = ALIGN (0x8)
 *fill*         0x0000000008002ddc        0x4 

.fini_array     0x0000000008002de0        0x8
                0x0000000008002de0                . = ALIGN (0x8)
                [!provide]                        PROVIDE (__fini_array_start = .)
 *(SORT_BY_NAME(.fini_array.*))
 *(.fini_array*)
 .fini_array    0x0000000008002de0        0x4 /home/garnet/gcc-arm-none-eabi-9-2019-q4-major/bin/../lib/gcc/arm-none-eabi/9.2.1/thumb/v7e-m+fp/hard/crtbegin.o
                [!provide]                        PROVIDE (__fini_array_end = .)
                0x0000000008002de8                . = ALIGN (0x8)
 *fill*         0x0000000008002de4        0x4 
                0x0000000008002de8                _sidata = LOADADDR (.data)

.data           0x0000000020000000       0x10 load address 0x0000000008002de8
                0x0000000020000000                . = ALIGN (0x8)
                0x0000000020000000                _sdata = .
 *(.data)
 *(.data*)
 .data.uwTickFreq
                0x0000000020000000        0x4 build/stm32l4xx_hal.o
                0x0000000020000000                uwTickFreq
 .data.uwTickPrio
                0x0000000020000004        0x4 build/stm32l4xx_hal.o
                0x0000000020000004                uwTickPrio
 .data.SystemCoreClock
                0x0000000020000008        0x4 build/system_stm32l4xx.o
                0x0000000020000008                SystemCoreClock
                0x0000000020000010                . = ALIGN (0x8)
 *fill*         0x000000002000000c        0x4 
                0x0000000020000010                _edata = .

.igot.plt       0x0000000020000010        0x0 load address 0x0000000008002df8
 .igot.plt      0x0000000020000010        0x0 /home/garnet/gcc-arm-none-eabi-9-2019-q4-major/bin/../lib/gcc/arm-none-eabi/9.2.1/thumb/v7e-m+fp/hard/crtbegin.o
                0x0000000020000010                . = ALIGN (0x4)

.bss            0x0000000020000010      0x128 load address 0x0000000008002df8
                0x0000000020000010                _sbss = .
                0x0000000020000010                __bss_start__ = _sbss
 *(.bss)
 .bss           0x0000000020000010       0x1c /home/garnet/gcc-arm-none-eabi-9-2019-q4-major/bin/../lib/gcc/arm-none-eabi/9.2.1/thumb/v7e-m+fp/hard/crtbegin.o
 *(.bss*)
 *(COMMON)
 COMMON         0x000000002000002c      0x108 build/main.o
                0x000000002000002c                hdac1
                0x0000000020000040                trig
                0x0000000020000044                adc_value
                0x0000000020000048                hadc1
                0x00000000200000ac                value_adc
                0x00000000200000b0                huart2
                0x0000000020000130                value_dac
 COMMON         0x0000000020000134        0x4 build/stm32l4xx_hal.o
                0x0000000020000134                uwTick
                0x0000000020000138                . = ALIGN (0x4)
                0x0000000020000138                _ebss = .
                0x0000000020000138                __bss_end__ = _ebss

._user_heap_stack
                0x0000000020000138      0x600 load address 0x0000000008002df8
                0x0000000020000138                . = ALIGN (0x8)
                [!provide]                        PROVIDE (end = .)
                [!provide]                        PROVIDE (_end = .)
                0x0000000020000338                . = (. + _Min_Heap_Size)
 *fill*         0x0000000020000138      0x200 
                0x0000000020000738                . = (. + _Min_Stack_Size)
 *fill*         0x0000000020000338      0x400 
                0x0000000020000738                . = ALIGN (0x8)

/DISCARD/
 libc.a(*)
 libm.a(*)
 libgcc.a(*)

.ARM.attributes
                0x0000000000000000       0x30
 *(.ARM.attributes)
 .ARM.attributes
                0x0000000000000000       0x1e /home/garnet/gcc-arm-none-eabi-9-2019-q4-major/bin/../lib/gcc/arm-none-eabi/9.2.1/thumb/v7e-m+fp/hard/crti.o
 .ARM.attributes
                0x000000000000001e       0x34 /home/garnet/gcc-arm-none-eabi-9-2019-q4-major/bin/../lib/gcc/arm-none-eabi/9.2.1/thumb/v7e-m+fp/hard/crtbegin.o
 .ARM.attributes
                0x0000000000000052       0x34 build/main.o
 .ARM.attributes
                0x0000000000000086       0x34 build/stm32l4xx_it.o
 .ARM.attributes
                0x00000000000000ba       0x34 build/stm32l4xx_hal_msp.o
 .ARM.attributes
                0x00000000000000ee       0x34 build/stm32l4xx_hal.o
 .ARM.attributes
                0x0000000000000122       0x34 build/stm32l4xx_hal_rcc.o
 .ARM.attributes
                0x0000000000000156       0x34 build/stm32l4xx_hal_rcc_ex.o
 .ARM.attributes
                0x000000000000018a       0x34 build/stm32l4xx_hal_gpio.o
 .ARM.attributes
                0x00000000000001be       0x34 build/stm32l4xx_hal_pwr_ex.o
 .ARM.attributes
                0x00000000000001f2       0x34 build/stm32l4xx_hal_cortex.o
 .ARM.attributes
                0x0000000000000226       0x34 build/system_stm32l4xx.o
 .ARM.attributes
                0x000000000000025a       0x34 build/stm32l4xx_hal_uart.o
 .ARM.attributes
                0x000000000000028e       0x34 build/stm32l4xx_hal_dac.o
 .ARM.attributes
                0x00000000000002c2       0x34 build/stm32l4xx_hal_adc.o
 .ARM.attributes
                0x00000000000002f6       0x34 build/stm32l4xx_hal_adc_ex.o
 .ARM.attributes
                0x000000000000032a       0x21 build/startup_stm32l432xx.o
 .ARM.attributes
                0x000000000000034b       0x34 /home/garnet/gcc-arm-none-eabi-9-2019-q4-major/bin/../lib/gcc/arm-none-eabi/9.2.1/../../../../arm-none-eabi/lib/thumb/v7e-m+fp/hard/libc_nano.a(lib_a-init.o)
 .ARM.attributes
                0x000000000000037f       0x34 /home/garnet/gcc-arm-none-eabi-9-2019-q4-major/bin/../lib/gcc/arm-none-eabi/9.2.1/../../../../arm-none-eabi/lib/thumb/v7e-m+fp/hard/libc_nano.a(lib_a-memset.o)
 .ARM.attributes
                0x00000000000003b3       0x17 /home/garnet/gcc-arm-none-eabi-9-2019-q4-major/bin/../lib/gcc/arm-none-eabi/9.2.1/../../../../arm-none-eabi/lib/thumb/v7e-m+fp/hard/libc_nano.a(lib_a-strlen.o)
 .ARM.attributes
                0x00000000000003ca       0x1e /home/garnet/gcc-arm-none-eabi-9-2019-q4-major/bin/../lib/gcc/arm-none-eabi/9.2.1/thumb/v7e-m+fp/hard/libgcc.a(_aeabi_uldivmod.o)
 .ARM.attributes
                0x00000000000003e8       0x34 /home/garnet/gcc-arm-none-eabi-9-2019-q4-major/bin/../lib/gcc/arm-none-eabi/9.2.1/thumb/v7e-m+fp/hard/libgcc.a(_udivmoddi4.o)
 .ARM.attributes
                0x000000000000041c       0x1e /home/garnet/gcc-arm-none-eabi-9-2019-q4-major/bin/../lib/gcc/arm-none-eabi/9.2.1/thumb/v7e-m+fp/hard/libgcc.a(_dvmd_tls.o)
 .ARM.attributes
                0x000000000000043a       0x1e /home/garnet/gcc-arm-none-eabi-9-2019-q4-major/bin/../lib/gcc/arm-none-eabi/9.2.1/thumb/v7e-m+fp/hard/crtn.o
OUTPUT(build/l4hal.elf elf32-littlearm)

.debug_info     0x0000000000000000    0x1385b
 .debug_info    0x0000000000000000     0x1bc7 build/main.o
 .debug_info    0x0000000000001bc7     0x116c build/stm32l4xx_it.o
 .debug_info    0x0000000000002d33     0x18c1 build/stm32l4xx_hal_msp.o
 .debug_info    0x00000000000045f4      0xd04 build/stm32l4xx_hal.o
 .debug_info    0x00000000000052f8     0x11a0 build/stm32l4xx_hal_rcc.o
 .debug_info    0x0000000000006498     0x15a1 build/stm32l4xx_hal_rcc_ex.o
 .debug_info    0x0000000000007a39      0xb2e build/stm32l4xx_hal_gpio.o
 .debug_info    0x0000000000008567      0xd28 build/stm32l4xx_hal_pwr_ex.o
 .debug_info    0x000000000000928f     0x12f8 build/stm32l4xx_hal_cortex.o
 .debug_info    0x000000000000a587      0x837 build/system_stm32l4xx.o
 .debug_info    0x000000000000adbe     0x239c build/stm32l4xx_hal_uart.o
 .debug_info    0x000000000000d15a      0xf1e build/stm32l4xx_hal_dac.o
 .debug_info    0x000000000000e078     0x3252 build/stm32l4xx_hal_adc.o
 .debug_info    0x00000000000112ca     0x256f build/stm32l4xx_hal_adc_ex.o
 .debug_info    0x0000000000013839       0x22 build/startup_stm32l432xx.o

.debug_abbrev   0x0000000000000000     0x2321
 .debug_abbrev  0x0000000000000000      0x283 build/main.o
 .debug_abbrev  0x0000000000000283      0x1df build/stm32l4xx_it.o
 .debug_abbrev  0x0000000000000462      0x218 build/stm32l4xx_hal_msp.o
 .debug_abbrev  0x000000000000067a      0x23c build/stm32l4xx_hal.o
 .debug_abbrev  0x00000000000008b6      0x28e build/stm32l4xx_hal_rcc.o
 .debug_abbrev  0x0000000000000b44      0x2c3 build/stm32l4xx_hal_rcc_ex.o
 .debug_abbrev  0x0000000000000e07      0x24f build/stm32l4xx_hal_gpio.o
 .debug_abbrev  0x0000000000001056      0x247 build/stm32l4xx_hal_pwr_ex.o
 .debug_abbrev  0x000000000000129d      0x3a8 build/stm32l4xx_hal_cortex.o
 .debug_abbrev  0x0000000000001645      0x173 build/system_stm32l4xx.o
 .debug_abbrev  0x00000000000017b8      0x2ac build/stm32l4xx_hal_uart.o
 .debug_abbrev  0x0000000000001a64      0x243 build/stm32l4xx_hal_dac.o
 .debug_abbrev  0x0000000000001ca7      0x2eb build/stm32l4xx_hal_adc.o
 .debug_abbrev  0x0000000000001f92      0x37d build/stm32l4xx_hal_adc_ex.o
 .debug_abbrev  0x000000000000230f       0x12 build/startup_stm32l432xx.o

.debug_loc      0x0000000000000000     0xaea6
 .debug_loc     0x0000000000000000      0x191 build/main.o
 .debug_loc     0x0000000000000191       0x85 build/stm32l4xx_it.o
 .debug_loc     0x0000000000000216      0x2e4 build/stm32l4xx_hal_msp.o
 .debug_loc     0x00000000000004fa      0x254 build/stm32l4xx_hal.o
 .debug_loc     0x000000000000074e      0x9d1 build/stm32l4xx_hal_rcc.o
 .debug_loc     0x000000000000111f     0x18da build/stm32l4xx_hal_rcc_ex.o
 .debug_loc     0x00000000000029f9      0x3d1 build/stm32l4xx_hal_gpio.o
 .debug_loc     0x0000000000002dca      0x76f build/stm32l4xx_hal_pwr_ex.o
 .debug_loc     0x0000000000003539      0x7d4 build/stm32l4xx_hal_cortex.o
 .debug_loc     0x0000000000003d0d      0x1fc build/system_stm32l4xx.o
 .debug_loc     0x0000000000003f09     0x23af build/stm32l4xx_hal_uart.o
 .debug_loc     0x00000000000062b8      0xa89 build/stm32l4xx_hal_dac.o
 .debug_loc     0x0000000000006d41     0x260c build/stm32l4xx_hal_adc.o
 .debug_loc     0x000000000000934d     0x1b59 build/stm32l4xx_hal_adc_ex.o

.debug_aranges  0x0000000000000000      0xaa0
 .debug_aranges
                0x0000000000000000       0x58 build/main.o
 .debug_aranges
                0x0000000000000058       0x70 build/stm32l4xx_it.o
 .debug_aranges
                0x00000000000000c8       0x50 build/stm32l4xx_hal_msp.o
 .debug_aranges
                0x0000000000000118      0x108 build/stm32l4xx_hal.o
 .debug_aranges
                0x0000000000000220       0x88 build/stm32l4xx_hal_rcc.o
 .debug_aranges
                0x00000000000002a8       0xf0 build/stm32l4xx_hal_rcc_ex.o
 .debug_aranges
                0x0000000000000398       0x58 build/stm32l4xx_hal_gpio.o
 .debug_aranges
                0x00000000000003f0      0x128 build/stm32l4xx_hal_pwr_ex.o
 .debug_aranges
                0x0000000000000518       0xa8 build/stm32l4xx_hal_cortex.o
 .debug_aranges
                0x00000000000005c0       0x28 build/system_stm32l4xx.o
 .debug_aranges
                0x00000000000005e8      0x210 build/stm32l4xx_hal_uart.o
 .debug_aranges
                0x00000000000007f8       0xc0 build/stm32l4xx_hal_dac.o
 .debug_aranges
                0x00000000000008b8       0xf8 build/stm32l4xx_hal_adc.o
 .debug_aranges
                0x00000000000009b0       0xc8 build/stm32l4xx_hal_adc_ex.o
 .debug_aranges
                0x0000000000000a78       0x28 build/startup_stm32l432xx.o

.debug_ranges   0x0000000000000000      0xb80
 .debug_ranges  0x0000000000000000       0x48 build/main.o
 .debug_ranges  0x0000000000000048       0x60 build/stm32l4xx_it.o
 .debug_ranges  0x00000000000000a8       0x40 build/stm32l4xx_hal_msp.o
 .debug_ranges  0x00000000000000e8       0xf8 build/stm32l4xx_hal.o
 .debug_ranges  0x00000000000001e0       0x90 build/stm32l4xx_hal_rcc.o
 .debug_ranges  0x0000000000000270       0xf8 build/stm32l4xx_hal_rcc_ex.o
 .debug_ranges  0x0000000000000368       0x48 build/stm32l4xx_hal_gpio.o
 .debug_ranges  0x00000000000003b0      0x118 build/stm32l4xx_hal_pwr_ex.o
 .debug_ranges  0x00000000000004c8       0xf8 build/stm32l4xx_hal_cortex.o
 .debug_ranges  0x00000000000005c0       0x18 build/system_stm32l4xx.o
 .debug_ranges  0x00000000000005d8      0x200 build/stm32l4xx_hal_uart.o
 .debug_ranges  0x00000000000007d8       0xb0 build/stm32l4xx_hal_dac.o
 .debug_ranges  0x0000000000000888      0x1d8 build/stm32l4xx_hal_adc.o
 .debug_ranges  0x0000000000000a60      0x100 build/stm32l4xx_hal_adc_ex.o
 .debug_ranges  0x0000000000000b60       0x20 build/startup_stm32l432xx.o

.debug_line     0x0000000000000000     0xb1b2
 .debug_line    0x0000000000000000      0x5a5 build/main.o
 .debug_line    0x00000000000005a5      0x377 build/stm32l4xx_it.o
 .debug_line    0x000000000000091c      0x47b build/stm32l4xx_hal_msp.o
 .debug_line    0x0000000000000d97      0x5f0 build/stm32l4xx_hal.o
 .debug_line    0x0000000000001387      0xf3d build/stm32l4xx_hal_rcc.o
 .debug_line    0x00000000000022c4     0x12fc build/stm32l4xx_hal_rcc_ex.o
 .debug_line    0x00000000000035c0      0x6b6 build/stm32l4xx_hal_gpio.o
 .debug_line    0x0000000000003c76      0x8eb build/stm32l4xx_hal_pwr_ex.o
 .debug_line    0x0000000000004561      0x7b9 build/stm32l4xx_hal_cortex.o
 .debug_line    0x0000000000004d1a      0x32f build/system_stm32l4xx.o
 .debug_line    0x0000000000005049     0x22cc build/stm32l4xx_hal_uart.o
 .debug_line    0x0000000000007315      0x95a build/stm32l4xx_hal_dac.o
 .debug_line    0x0000000000007c6f     0x1f61 build/stm32l4xx_hal_adc.o
 .debug_line    0x0000000000009bd0     0x156f build/stm32l4xx_hal_adc_ex.o
 .debug_line    0x000000000000b13f       0x73 build/startup_stm32l432xx.o

.debug_str      0x0000000000000000     0x424f
 .debug_str     0x0000000000000000     0x1117 build/main.o
                                       0x125d (size before relaxing)
 .debug_str     0x0000000000001117      0x112 build/stm32l4xx_it.o
                                        0xc5d (size before relaxing)
 .debug_str     0x0000000000001229      0x514 build/stm32l4xx_hal_msp.o
                                       0x117c (size before relaxing)
 .debug_str     0x000000000000173d      0x34d build/stm32l4xx_hal.o
                                        0xc97 (size before relaxing)
 .debug_str     0x0000000000001a8a      0x28f build/stm32l4xx_hal_rcc.o
                                        0xa15 (size before relaxing)
 .debug_str     0x0000000000001d19      0x4c5 build/stm32l4xx_hal_rcc_ex.o
                                        0xd81 (size before relaxing)
 .debug_str     0x00000000000021de      0x103 build/stm32l4xx_hal_gpio.o
                                        0x76e (size before relaxing)
 .debug_str     0x00000000000022e1      0x48b build/stm32l4xx_hal_pwr_ex.o
                                        0x9ad (size before relaxing)
 .debug_str     0x000000000000276c      0x423 build/stm32l4xx_hal_cortex.o
                                        0xd15 (size before relaxing)
 .debug_str     0x0000000000002b8f       0x38 build/system_stm32l4xx.o
                                        0x5c1 (size before relaxing)
 .debug_str     0x0000000000002bc7      0x76d build/stm32l4xx_hal_uart.o
                                       0x111f (size before relaxing)
 .debug_str     0x0000000000003334      0x199 build/stm32l4xx_hal_dac.o
                                        0xa22 (size before relaxing)
 .debug_str     0x00000000000034cd      0x8a9 build/stm32l4xx_hal_adc.o
                                       0x129b (size before relaxing)
 .debug_str     0x0000000000003d76      0x4b5 build/stm32l4xx_hal_adc_ex.o
                                       0x110c (size before relaxing)
 .debug_str     0x000000000000422b       0x24 build/startup_stm32l432xx.o
                                         0x5b (size before relaxing)

.comment        0x0000000000000000       0x79
 .comment       0x0000000000000000       0x79 build/main.o
                                         0x7a (size before relaxing)
 .comment       0x0000000000000079       0x7a build/stm32l4xx_it.o
 .comment       0x0000000000000079       0x7a build/stm32l4xx_hal_msp.o
 .comment       0x0000000000000079       0x7a build/stm32l4xx_hal.o
 .comment       0x0000000000000079       0x7a build/stm32l4xx_hal_rcc.o
 .comment       0x0000000000000079       0x7a build/stm32l4xx_hal_rcc_ex.o
 .comment       0x0000000000000079       0x7a build/stm32l4xx_hal_gpio.o
 .comment       0x0000000000000079       0x7a build/stm32l4xx_hal_pwr_ex.o
 .comment       0x0000000000000079       0x7a build/stm32l4xx_hal_cortex.o
 .comment       0x0000000000000079       0x7a build/system_stm32l4xx.o
 .comment       0x0000000000000079       0x7a build/stm32l4xx_hal_uart.o
 .comment       0x0000000000000079       0x7a build/stm32l4xx_hal_dac.o
 .comment       0x0000000000000079       0x7a build/stm32l4xx_hal_adc.o
 .comment       0x0000000000000079       0x7a build/stm32l4xx_hal_adc_ex.o

.debug_frame    0x0000000000000000     0x1d20
 .debug_frame   0x0000000000000000      0x100 build/main.o
 .debug_frame   0x0000000000000100       0xe4 build/stm32l4xx_it.o
 .debug_frame   0x00000000000001e4       0xec build/stm32l4xx_hal_msp.o
 .debug_frame   0x00000000000002d0      0x230 build/stm32l4xx_hal.o
 .debug_frame   0x0000000000000500      0x1c0 build/stm32l4xx_hal_rcc.o
 .debug_frame   0x00000000000006c0      0x278 build/stm32l4xx_hal_rcc_ex.o
 .debug_frame   0x0000000000000938       0xe4 build/stm32l4xx_hal_gpio.o
 .debug_frame   0x0000000000000a1c      0x254 build/stm32l4xx_hal_pwr_ex.o
 .debug_frame   0x0000000000000c70      0x16c build/stm32l4xx_hal_cortex.o
 .debug_frame   0x0000000000000ddc       0x30 build/system_stm32l4xx.o
 .debug_frame   0x0000000000000e0c      0x67c build/stm32l4xx_hal_uart.o
 .debug_frame   0x0000000000001488      0x228 build/stm32l4xx_hal_dac.o
 .debug_frame   0x00000000000016b0      0x35c build/stm32l4xx_hal_adc.o
 .debug_frame   0x0000000000001a0c      0x268 build/stm32l4xx_hal_adc_ex.o
 .debug_frame   0x0000000000001c74       0x2c /home/garnet/gcc-arm-none-eabi-9-2019-q4-major/bin/../lib/gcc/arm-none-eabi/9.2.1/../../../../arm-none-eabi/lib/thumb/v7e-m+fp/hard/libc_nano.a(lib_a-init.o)
 .debug_frame   0x0000000000001ca0       0x20 /home/garnet/gcc-arm-none-eabi-9-2019-q4-major/bin/../lib/gcc/arm-none-eabi/9.2.1/../../../../arm-none-eabi/lib/thumb/v7e-m+fp/hard/libc_nano.a(lib_a-memset.o)
 .debug_frame   0x0000000000001cc0       0x2c /home/garnet/gcc-arm-none-eabi-9-2019-q4-major/bin/../lib/gcc/arm-none-eabi/9.2.1/thumb/v7e-m+fp/hard/libgcc.a(_aeabi_uldivmod.o)
 .debug_frame   0x0000000000001cec       0x34 /home/garnet/gcc-arm-none-eabi-9-2019-q4-major/bin/../lib/gcc/arm-none-eabi/9.2.1/thumb/v7e-m+fp/hard/libgcc.a(_udivmoddi4.o)

Cross Reference Table

Symbol                                            File
ADC1_IRQHandler                                   build/stm32l4xx_it.o
ADC_ConversionStop                                build/stm32l4xx_hal_adc.o
                                                  build/stm32l4xx_hal_adc_ex.o
ADC_DMAConvCplt                                   build/stm32l4xx_hal_adc.o
ADC_DMAError                                      build/stm32l4xx_hal_adc.o
ADC_DMAHalfConvCplt                               build/stm32l4xx_hal_adc.o
ADC_Disable                                       build/stm32l4xx_hal_adc.o
                                                  build/stm32l4xx_hal_adc_ex.o
ADC_Enable                                        build/stm32l4xx_hal_adc.o
                                                  build/stm32l4xx_hal_adc_ex.o
AHBPrescTable                                     build/system_stm32l4xx.o
                                                  build/stm32l4xx_hal_rcc.o
APBPrescTable                                     build/system_stm32l4xx.o
                                                  build/stm32l4xx_hal_rcc.o
BusFault_Handler                                  build/stm32l4xx_it.o
CAN1_RX0_IRQHandler                               build/startup_stm32l432xx.o
CAN1_RX1_IRQHandler                               build/startup_stm32l432xx.o
CAN1_SCE_IRQHandler                               build/startup_stm32l432xx.o
CAN1_TX_IRQHandler                                build/startup_stm32l432xx.o
COMP_IRQHandler                                   build/startup_stm32l432xx.o
CRS_IRQHandler                                    build/startup_stm32l432xx.o
DAC_DMAConvCpltCh1                                build/stm32l4xx_hal_dac.o
DAC_DMAConvCpltCh2                                build/stm32l4xx_hal_dac_ex.o
                                                  build/stm32l4xx_hal_dac.o
DAC_DMAErrorCh1                                   build/stm32l4xx_hal_dac.o
DAC_DMAErrorCh2                                   build/stm32l4xx_hal_dac_ex.o
                                                  build/stm32l4xx_hal_dac.o
DAC_DMAHalfConvCpltCh1                            build/stm32l4xx_hal_dac.o
DAC_DMAHalfConvCpltCh2                            build/stm32l4xx_hal_dac_ex.o
                                                  build/stm32l4xx_hal_dac.o
DMA1_Channel1_IRQHandler                          build/startup_stm32l432xx.o
DMA1_Channel2_IRQHandler                          build/startup_stm32l432xx.o
DMA1_Channel3_IRQHandler                          build/startup_stm32l432xx.o
DMA1_Channel4_IRQHandler                          build/startup_stm32l432xx.o
DMA1_Channel5_IRQHandler                          build/startup_stm32l432xx.o
DMA1_Channel6_IRQHandler                          build/startup_stm32l432xx.o
DMA1_Channel7_IRQHandler                          build/startup_stm32l432xx.o
DMA2_Channel1_IRQHandler                          build/startup_stm32l432xx.o
DMA2_Channel2_IRQHandler                          build/startup_stm32l432xx.o
DMA2_Channel3_IRQHandler                          build/startup_stm32l432xx.o
DMA2_Channel4_IRQHandler                          build/startup_stm32l432xx.o
DMA2_Channel5_IRQHandler                          build/startup_stm32l432xx.o
DMA2_Channel6_IRQHandler                          build/startup_stm32l432xx.o
DMA2_Channel7_IRQHandler                          build/startup_stm32l432xx.o
DebugMon_Handler                                  build/stm32l4xx_it.o
Default_Handler                                   build/startup_stm32l432xx.o
EXTI0_IRQHandler                                  build/startup_stm32l432xx.o
EXTI15_10_IRQHandler                              build/startup_stm32l432xx.o
EXTI1_IRQHandler                                  build/startup_stm32l432xx.o
EXTI2_IRQHandler                                  build/startup_stm32l432xx.o
EXTI3_IRQHandler                                  build/startup_stm32l432xx.o
EXTI4_IRQHandler                                  build/startup_stm32l432xx.o
EXTI9_5_IRQHandler                                build/startup_stm32l432xx.o
Error_Handler                                     build/main.o
FLASH_FlushCaches                                 build/stm32l4xx_hal_flash_ex.o
                                                  build/stm32l4xx_hal_flash.o
FLASH_IRQHandler                                  build/startup_stm32l432xx.o
FLASH_PageErase                                   build/stm32l4xx_hal_flash_ex.o
                                                  build/stm32l4xx_hal_flash.o
FLASH_WaitForLastOperation                        build/stm32l4xx_hal_flash.o
                                                  build/stm32l4xx_hal_flash_ex.o
FPU_IRQHandler                                    build/startup_stm32l432xx.o
HAL_ADCEx_Calibration_GetValue                    build/stm32l4xx_hal_adc_ex.o
HAL_ADCEx_Calibration_SetValue                    build/stm32l4xx_hal_adc_ex.o
HAL_ADCEx_Calibration_Start                       build/stm32l4xx_hal_adc_ex.o
HAL_ADCEx_DisableInjectedQueue                    build/stm32l4xx_hal_adc_ex.o
HAL_ADCEx_DisableVoltageRegulator                 build/stm32l4xx_hal_adc_ex.o
HAL_ADCEx_EnableInjectedQueue                     build/stm32l4xx_hal_adc_ex.o
HAL_ADCEx_EndOfSamplingCallback                   build/stm32l4xx_hal_adc_ex.o
                                                  build/stm32l4xx_hal_adc.o
HAL_ADCEx_EnterADCDeepPowerDownMode               build/stm32l4xx_hal_adc_ex.o
HAL_ADCEx_InjectedConfigChannel                   build/stm32l4xx_hal_adc_ex.o
HAL_ADCEx_InjectedConvCpltCallback                build/stm32l4xx_hal_adc_ex.o
                                                  build/stm32l4xx_hal_adc.o
HAL_ADCEx_InjectedGetValue                        build/stm32l4xx_hal_adc_ex.o
HAL_ADCEx_InjectedPollForConversion               build/stm32l4xx_hal_adc_ex.o
HAL_ADCEx_InjectedQueueOverflowCallback           build/stm32l4xx_hal_adc_ex.o
                                                  build/stm32l4xx_hal_adc.o
HAL_ADCEx_InjectedStart                           build/stm32l4xx_hal_adc_ex.o
HAL_ADCEx_InjectedStart_IT                        build/stm32l4xx_hal_adc_ex.o
HAL_ADCEx_InjectedStop                            build/stm32l4xx_hal_adc_ex.o
HAL_ADCEx_InjectedStop_IT                         build/stm32l4xx_hal_adc_ex.o
HAL_ADCEx_LevelOutOfWindow2Callback               build/stm32l4xx_hal_adc_ex.o
                                                  build/stm32l4xx_hal_adc.o
HAL_ADCEx_LevelOutOfWindow3Callback               build/stm32l4xx_hal_adc_ex.o
                                                  build/stm32l4xx_hal_adc.o
HAL_ADCEx_RegularStop                             build/stm32l4xx_hal_adc_ex.o
HAL_ADCEx_RegularStop_DMA                         build/stm32l4xx_hal_adc_ex.o
HAL_ADCEx_RegularStop_IT                          build/stm32l4xx_hal_adc_ex.o
HAL_ADC_AnalogWDGConfig                           build/stm32l4xx_hal_adc.o
HAL_ADC_ConfigChannel                             build/stm32l4xx_hal_adc.o
                                                  build/main.o
HAL_ADC_ConvCpltCallback                          build/stm32l4xx_it.o
HAL_ADC_ConvHalfCpltCallback                      build/stm32l4xx_hal_adc.o
HAL_ADC_DeInit                                    build/stm32l4xx_hal_adc.o
HAL_ADC_ErrorCallback                             build/stm32l4xx_hal_adc.o
HAL_ADC_GetError                                  build/stm32l4xx_hal_adc.o
HAL_ADC_GetState                                  build/stm32l4xx_hal_adc.o
HAL_ADC_GetValue                                  build/stm32l4xx_hal_adc.o
                                                  build/stm32l4xx_it.o
HAL_ADC_IRQHandler                                build/stm32l4xx_hal_adc.o
                                                  build/stm32l4xx_it.o
HAL_ADC_Init                                      build/stm32l4xx_hal_adc.o
                                                  build/main.o
HAL_ADC_LevelOutOfWindowCallback                  build/stm32l4xx_hal_adc.o
HAL_ADC_MspDeInit                                 build/stm32l4xx_hal_msp.o
HAL_ADC_MspInit                                   build/stm32l4xx_hal_msp.o
HAL_ADC_PollForConversion                         build/stm32l4xx_hal_adc.o
HAL_ADC_PollForEvent                              build/stm32l4xx_hal_adc.o
HAL_ADC_Start                                     build/stm32l4xx_hal_adc.o
HAL_ADC_Start_DMA                                 build/stm32l4xx_hal_adc.o
HAL_ADC_Start_IT                                  build/stm32l4xx_hal_adc.o
                                                  build/main.o
HAL_ADC_Stop                                      build/stm32l4xx_hal_adc.o
HAL_ADC_Stop_DMA                                  build/stm32l4xx_hal_adc.o
HAL_ADC_Stop_IT                                   build/stm32l4xx_hal_adc.o
HAL_DACEx_ConvCpltCallbackCh2                     build/stm32l4xx_hal_dac_ex.o
HAL_DACEx_ConvHalfCpltCallbackCh2                 build/stm32l4xx_hal_dac_ex.o
HAL_DACEx_DMAUnderrunCallbackCh2                  build/stm32l4xx_hal_dac_ex.o
                                                  build/stm32l4xx_hal_dac.o
HAL_DACEx_DualGetValue                            build/stm32l4xx_hal_dac_ex.o
HAL_DACEx_DualSetValue                            build/stm32l4xx_hal_dac_ex.o
HAL_DACEx_ErrorCallbackCh2                        build/stm32l4xx_hal_dac_ex.o
HAL_DACEx_GetTrimOffset                           build/stm32l4xx_hal_dac_ex.o
HAL_DACEx_NoiseWaveGenerate                       build/stm32l4xx_hal_dac_ex.o
HAL_DACEx_SelfCalibrate                           build/stm32l4xx_hal_dac_ex.o
HAL_DACEx_SetUserTrimming                         build/stm32l4xx_hal_dac_ex.o
HAL_DACEx_TriangleWaveGenerate                    build/stm32l4xx_hal_dac_ex.o
HAL_DAC_ConfigChannel                             build/stm32l4xx_hal_dac.o
                                                  build/main.o
HAL_DAC_ConvCpltCallbackCh1                       build/stm32l4xx_hal_dac.o
HAL_DAC_ConvHalfCpltCallbackCh1                   build/stm32l4xx_hal_dac.o
HAL_DAC_DMAUnderrunCallbackCh1                    build/stm32l4xx_hal_dac.o
HAL_DAC_DeInit                                    build/stm32l4xx_hal_dac.o
HAL_DAC_ErrorCallbackCh1                          build/stm32l4xx_hal_dac.o
HAL_DAC_GetError                                  build/stm32l4xx_hal_dac.o
HAL_DAC_GetState                                  build/stm32l4xx_hal_dac.o
HAL_DAC_GetValue                                  build/stm32l4xx_hal_dac.o
HAL_DAC_IRQHandler                                build/stm32l4xx_hal_dac.o
HAL_DAC_Init                                      build/stm32l4xx_hal_dac.o
                                                  build/main.o
HAL_DAC_MspDeInit                                 build/stm32l4xx_hal_msp.o
HAL_DAC_MspInit                                   build/stm32l4xx_hal_msp.o
HAL_DAC_SetValue                                  build/stm32l4xx_hal_dac.o
                                                  build/stm32l4xx_it.o
HAL_DAC_Start                                     build/stm32l4xx_hal_dac.o
                                                  build/main.o
HAL_DAC_Start_DMA                                 build/stm32l4xx_hal_dac.o
HAL_DAC_Stop                                      build/stm32l4xx_hal_dac.o
HAL_DAC_Stop_DMA                                  build/stm32l4xx_hal_dac.o
HAL_DBGMCU_DisableDBGSleepMode                    build/stm32l4xx_hal.o
HAL_DBGMCU_DisableDBGStandbyMode                  build/stm32l4xx_hal.o
HAL_DBGMCU_DisableDBGStopMode                     build/stm32l4xx_hal.o
HAL_DBGMCU_EnableDBGSleepMode                     build/stm32l4xx_hal.o
HAL_DBGMCU_EnableDBGStandbyMode                   build/stm32l4xx_hal.o
HAL_DBGMCU_EnableDBGStopMode                      build/stm32l4xx_hal.o
HAL_DMA_Abort                                     build/stm32l4xx_hal_dma.o
                                                  build/stm32l4xx_hal_adc_ex.o
                                                  build/stm32l4xx_hal_adc.o
                                                  build/stm32l4xx_hal_dac.o
                                                  build/stm32l4xx_hal_uart.o
HAL_DMA_Abort_IT                                  build/stm32l4xx_hal_dma.o
                                                  build/stm32l4xx_hal_uart.o
                                                  build/stm32l4xx_hal_i2c.o
HAL_DMA_DeInit                                    build/stm32l4xx_hal_dma.o
HAL_DMA_GetError                                  build/stm32l4xx_hal_dma.o
                                                  build/stm32l4xx_hal_uart.o
HAL_DMA_GetState                                  build/stm32l4xx_hal_dma.o
                                                  build/stm32l4xx_hal_i2c.o
HAL_DMA_IRQHandler                                build/stm32l4xx_hal_dma.o
HAL_DMA_Init                                      build/stm32l4xx_hal_dma.o
HAL_DMA_PollForTransfer                           build/stm32l4xx_hal_dma.o
HAL_DMA_RegisterCallback                          build/stm32l4xx_hal_dma.o
HAL_DMA_Start                                     build/stm32l4xx_hal_dma.o
HAL_DMA_Start_IT                                  build/stm32l4xx_hal_dma.o
                                                  build/stm32l4xx_hal_adc.o
                                                  build/stm32l4xx_hal_dac.o
                                                  build/stm32l4xx_hal_uart.o
                                                  build/stm32l4xx_hal_i2c.o
HAL_DMA_UnRegisterCallback                        build/stm32l4xx_hal_dma.o
HAL_DeInit                                        build/stm32l4xx_hal.o
HAL_Delay                                         build/stm32l4xx_hal.o
                                                  build/stm32l4xx_hal_dac_ex.o
                                                  build/stm32l4xx_hal_dac.o
HAL_EXTI_ClearConfigLine                          build/stm32l4xx_hal_exti.o
HAL_EXTI_ClearPending                             build/stm32l4xx_hal_exti.o
HAL_EXTI_GenerateSWI                              build/stm32l4xx_hal_exti.o
HAL_EXTI_GetConfigLine                            build/stm32l4xx_hal_exti.o
HAL_EXTI_GetHandle                                build/stm32l4xx_hal_exti.o
HAL_EXTI_GetPending                               build/stm32l4xx_hal_exti.o
HAL_EXTI_IRQHandler                               build/stm32l4xx_hal_exti.o
HAL_EXTI_RegisterCallback                         build/stm32l4xx_hal_exti.o
HAL_EXTI_SetConfigLine                            build/stm32l4xx_hal_exti.o
HAL_FLASHEx_DisableRunPowerDown                   build/stm32l4xx_hal_flash_ramfunc.o
HAL_FLASHEx_EnableRunPowerDown                    build/stm32l4xx_hal_flash_ramfunc.o
HAL_FLASHEx_Erase                                 build/stm32l4xx_hal_flash_ex.o
HAL_FLASHEx_Erase_IT                              build/stm32l4xx_hal_flash_ex.o
HAL_FLASHEx_OBGetConfig                           build/stm32l4xx_hal_flash_ex.o
HAL_FLASHEx_OBProgram                             build/stm32l4xx_hal_flash_ex.o
HAL_FLASH_EndOfOperationCallback                  build/stm32l4xx_hal_flash.o
HAL_FLASH_GetError                                build/stm32l4xx_hal_flash.o
HAL_FLASH_IRQHandler                              build/stm32l4xx_hal_flash.o
HAL_FLASH_Lock                                    build/stm32l4xx_hal_flash.o
HAL_FLASH_OB_Launch                               build/stm32l4xx_hal_flash.o
HAL_FLASH_OB_Lock                                 build/stm32l4xx_hal_flash.o
HAL_FLASH_OB_Unlock                               build/stm32l4xx_hal_flash.o
HAL_FLASH_OperationErrorCallback                  build/stm32l4xx_hal_flash.o
HAL_FLASH_Program                                 build/stm32l4xx_hal_flash.o
HAL_FLASH_Program_IT                              build/stm32l4xx_hal_flash.o
HAL_FLASH_Unlock                                  build/stm32l4xx_hal_flash.o
HAL_GPIO_DeInit                                   build/stm32l4xx_hal_gpio.o
                                                  build/stm32l4xx_hal_msp.o
HAL_GPIO_EXTI_Callback                            build/stm32l4xx_hal_gpio.o
HAL_GPIO_EXTI_IRQHandler                          build/stm32l4xx_hal_gpio.o
HAL_GPIO_Init                                     build/stm32l4xx_hal_gpio.o
                                                  build/stm32l4xx_hal_rcc_ex.o
                                                  build/stm32l4xx_hal_rcc.o
                                                  build/stm32l4xx_hal_msp.o
HAL_GPIO_LockPin                                  build/stm32l4xx_hal_gpio.o
HAL_GPIO_ReadPin                                  build/stm32l4xx_hal_gpio.o
HAL_GPIO_TogglePin                                build/stm32l4xx_hal_gpio.o
HAL_GPIO_WritePin                                 build/stm32l4xx_hal_gpio.o
HAL_GetDEVID                                      build/stm32l4xx_hal.o
HAL_GetHalVersion                                 build/stm32l4xx_hal.o
HAL_GetREVID                                      build/stm32l4xx_hal.o
HAL_GetTick                                       build/stm32l4xx_hal.o
                                                  build/stm32l4xx_hal_adc_ex.o
                                                  build/stm32l4xx_hal_adc.o
                                                  build/stm32l4xx_hal_dac.o
                                                  build/stm32l4xx_hal_uart_ex.o
                                                  build/stm32l4xx_hal_uart.o
                                                  build/stm32l4xx_hal_dma.o
                                                  build/stm32l4xx_hal_flash.o
                                                  build/stm32l4xx_hal_rcc_ex.o
                                                  build/stm32l4xx_hal_rcc.o
                                                  build/stm32l4xx_hal_i2c.o
HAL_GetTickFreq                                   build/stm32l4xx_hal.o
HAL_GetTickPrio                                   build/stm32l4xx_hal.o
HAL_GetUIDw0                                      build/stm32l4xx_hal.o
HAL_GetUIDw1                                      build/stm32l4xx_hal.o
HAL_GetUIDw2                                      build/stm32l4xx_hal.o
HAL_HalfDuplex_EnableReceiver                     build/stm32l4xx_hal_uart.o
HAL_HalfDuplex_EnableTransmitter                  build/stm32l4xx_hal_uart.o
HAL_HalfDuplex_Init                               build/stm32l4xx_hal_uart.o
HAL_I2CEx_ConfigAnalogFilter                      build/stm32l4xx_hal_i2c_ex.o
HAL_I2CEx_ConfigDigitalFilter                     build/stm32l4xx_hal_i2c_ex.o
HAL_I2CEx_DisableFastModePlus                     build/stm32l4xx_hal_i2c_ex.o
HAL_I2CEx_DisableWakeUp                           build/stm32l4xx_hal_i2c_ex.o
HAL_I2CEx_EnableFastModePlus                      build/stm32l4xx_hal_i2c_ex.o
HAL_I2CEx_EnableWakeUp                            build/stm32l4xx_hal_i2c_ex.o
HAL_I2C_AbortCpltCallback                         build/stm32l4xx_hal_i2c.o
HAL_I2C_AddrCallback                              build/stm32l4xx_hal_i2c.o
HAL_I2C_DeInit                                    build/stm32l4xx_hal_i2c.o
HAL_I2C_DisableListen_IT                          build/stm32l4xx_hal_i2c.o
HAL_I2C_ER_IRQHandler                             build/stm32l4xx_hal_i2c.o
HAL_I2C_EV_IRQHandler                             build/stm32l4xx_hal_i2c.o
HAL_I2C_EnableListen_IT                           build/stm32l4xx_hal_i2c.o
HAL_I2C_ErrorCallback                             build/stm32l4xx_hal_i2c.o
HAL_I2C_GetError                                  build/stm32l4xx_hal_i2c.o
HAL_I2C_GetMode                                   build/stm32l4xx_hal_i2c.o
HAL_I2C_GetState                                  build/stm32l4xx_hal_i2c.o
HAL_I2C_Init                                      build/stm32l4xx_hal_i2c.o
HAL_I2C_IsDeviceReady                             build/stm32l4xx_hal_i2c.o
HAL_I2C_ListenCpltCallback                        build/stm32l4xx_hal_i2c.o
HAL_I2C_MasterRxCpltCallback                      build/stm32l4xx_hal_i2c.o
HAL_I2C_MasterTxCpltCallback                      build/stm32l4xx_hal_i2c.o
HAL_I2C_Master_Abort_IT                           build/stm32l4xx_hal_i2c.o
HAL_I2C_Master_Receive                            build/stm32l4xx_hal_i2c.o
HAL_I2C_Master_Receive_DMA                        build/stm32l4xx_hal_i2c.o
HAL_I2C_Master_Receive_IT                         build/stm32l4xx_hal_i2c.o
HAL_I2C_Master_Seq_Receive_DMA                    build/stm32l4xx_hal_i2c.o
HAL_I2C_Master_Seq_Receive_IT                     build/stm32l4xx_hal_i2c.o
HAL_I2C_Master_Seq_Transmit_DMA                   build/stm32l4xx_hal_i2c.o
HAL_I2C_Master_Seq_Transmit_IT                    build/stm32l4xx_hal_i2c.o
HAL_I2C_Master_Transmit                           build/stm32l4xx_hal_i2c.o
HAL_I2C_Master_Transmit_DMA                       build/stm32l4xx_hal_i2c.o
HAL_I2C_Master_Transmit_IT                        build/stm32l4xx_hal_i2c.o
HAL_I2C_MemRxCpltCallback                         build/stm32l4xx_hal_i2c.o
HAL_I2C_MemTxCpltCallback                         build/stm32l4xx_hal_i2c.o
HAL_I2C_Mem_Read                                  build/stm32l4xx_hal_i2c.o
HAL_I2C_Mem_Read_DMA                              build/stm32l4xx_hal_i2c.o
HAL_I2C_Mem_Read_IT                               build/stm32l4xx_hal_i2c.o
HAL_I2C_Mem_Write                                 build/stm32l4xx_hal_i2c.o
HAL_I2C_Mem_Write_DMA                             build/stm32l4xx_hal_i2c.o
HAL_I2C_Mem_Write_IT                              build/stm32l4xx_hal_i2c.o
HAL_I2C_MspDeInit                                 build/stm32l4xx_hal_i2c.o
HAL_I2C_MspInit                                   build/stm32l4xx_hal_i2c.o
HAL_I2C_SlaveRxCpltCallback                       build/stm32l4xx_hal_i2c.o
HAL_I2C_SlaveTxCpltCallback                       build/stm32l4xx_hal_i2c.o
HAL_I2C_Slave_Receive                             build/stm32l4xx_hal_i2c.o
HAL_I2C_Slave_Receive_DMA                         build/stm32l4xx_hal_i2c.o
HAL_I2C_Slave_Receive_IT                          build/stm32l4xx_hal_i2c.o
HAL_I2C_Slave_Seq_Receive_DMA                     build/stm32l4xx_hal_i2c.o
HAL_I2C_Slave_Seq_Receive_IT                      build/stm32l4xx_hal_i2c.o
HAL_I2C_Slave_Seq_Transmit_DMA                    build/stm32l4xx_hal_i2c.o
HAL_I2C_Slave_Seq_Transmit_IT                     build/stm32l4xx_hal_i2c.o
HAL_I2C_Slave_Transmit                            build/stm32l4xx_hal_i2c.o
HAL_I2C_Slave_Transmit_DMA                        build/stm32l4xx_hal_i2c.o
HAL_I2C_Slave_Transmit_IT                         build/stm32l4xx_hal_i2c.o
HAL_IncTick                                       build/stm32l4xx_hal.o
                                                  build/stm32l4xx_it.o
HAL_Init                                          build/stm32l4xx_hal.o
                                                  build/main.o
HAL_InitTick                                      build/stm32l4xx_hal.o
                                                  build/stm32l4xx_hal_rcc.o
HAL_LIN_Init                                      build/stm32l4xx_hal_uart.o
HAL_LIN_SendBreak                                 build/stm32l4xx_hal_uart.o
HAL_MPU_ConfigRegion                              build/stm32l4xx_hal_cortex.o
HAL_MPU_Disable                                   build/stm32l4xx_hal_cortex.o
HAL_MPU_Enable                                    build/stm32l4xx_hal_cortex.o
HAL_MspDeInit                                     build/stm32l4xx_hal.o
HAL_MspInit                                       build/stm32l4xx_hal_msp.o
HAL_MultiProcessorEx_AddressLength_Set            build/stm32l4xx_hal_uart_ex.o
HAL_MultiProcessor_DisableMuteMode                build/stm32l4xx_hal_uart.o
HAL_MultiProcessor_EnableMuteMode                 build/stm32l4xx_hal_uart.o
HAL_MultiProcessor_EnterMuteMode                  build/stm32l4xx_hal_uart.o
HAL_MultiProcessor_Init                           build/stm32l4xx_hal_uart.o
HAL_NVIC_ClearPendingIRQ                          build/stm32l4xx_hal_cortex.o
HAL_NVIC_DisableIRQ                               build/stm32l4xx_hal_cortex.o
                                                  build/stm32l4xx_hal_msp.o
HAL_NVIC_EnableIRQ                                build/stm32l4xx_hal_cortex.o
                                                  build/stm32l4xx_hal_msp.o
HAL_NVIC_GetActive                                build/stm32l4xx_hal_cortex.o
HAL_NVIC_GetPendingIRQ                            build/stm32l4xx_hal_cortex.o
HAL_NVIC_GetPriority                              build/stm32l4xx_hal_cortex.o
HAL_NVIC_GetPriorityGrouping                      build/stm32l4xx_hal_cortex.o
HAL_NVIC_SetPendingIRQ                            build/stm32l4xx_hal_cortex.o
HAL_NVIC_SetPriority                              build/stm32l4xx_hal_cortex.o
                                                  build/stm32l4xx_hal.o
                                                  build/stm32l4xx_hal_msp.o
HAL_NVIC_SetPriorityGrouping                      build/stm32l4xx_hal_cortex.o
                                                  build/stm32l4xx_hal.o
HAL_NVIC_SystemReset                              build/stm32l4xx_hal_cortex.o
HAL_PWREx_ConfigPVM                               build/stm32l4xx_hal_pwr_ex.o
HAL_PWREx_ControlVoltageScaling                   build/stm32l4xx_hal_pwr_ex.o
                                                  build/main.o
HAL_PWREx_DisableBatteryCharging                  build/stm32l4xx_hal_pwr_ex.o
HAL_PWREx_DisableGPIOPullDown                     build/stm32l4xx_hal_pwr_ex.o
HAL_PWREx_DisableGPIOPullUp                       build/stm32l4xx_hal_pwr_ex.o
HAL_PWREx_DisableInternalWakeUpLine               build/stm32l4xx_hal_pwr_ex.o
HAL_PWREx_DisableLowPowerRunMode                  build/stm32l4xx_hal_pwr_ex.o
                                                  build/stm32l4xx_hal_pwr.o
HAL_PWREx_DisablePVM1                             build/stm32l4xx_hal_pwr_ex.o
HAL_PWREx_DisablePVM3                             build/stm32l4xx_hal_pwr_ex.o
HAL_PWREx_DisablePVM4                             build/stm32l4xx_hal_pwr_ex.o
HAL_PWREx_DisablePullUpPullDownConfig             build/stm32l4xx_hal_pwr_ex.o
HAL_PWREx_DisableSRAM2ContentRetention            build/stm32l4xx_hal_pwr_ex.o
HAL_PWREx_DisableVddUSB                           build/stm32l4xx_hal_pwr_ex.o
HAL_PWREx_EnableBatteryCharging                   build/stm32l4xx_hal_pwr_ex.o
HAL_PWREx_EnableGPIOPullDown                      build/stm32l4xx_hal_pwr_ex.o
HAL_PWREx_EnableGPIOPullUp                        build/stm32l4xx_hal_pwr_ex.o
HAL_PWREx_EnableInternalWakeUpLine                build/stm32l4xx_hal_pwr_ex.o
HAL_PWREx_EnableLowPowerRunMode                   build/stm32l4xx_hal_pwr_ex.o
                                                  build/stm32l4xx_hal_pwr.o
HAL_PWREx_EnablePVM1                              build/stm32l4xx_hal_pwr_ex.o
HAL_PWREx_EnablePVM3                              build/stm32l4xx_hal_pwr_ex.o
HAL_PWREx_EnablePVM4                              build/stm32l4xx_hal_pwr_ex.o
HAL_PWREx_EnablePullUpPullDownConfig              build/stm32l4xx_hal_pwr_ex.o
HAL_PWREx_EnableSRAM2ContentRetention             build/stm32l4xx_hal_pwr_ex.o
HAL_PWREx_EnableVddUSB                            build/stm32l4xx_hal_pwr_ex.o
HAL_PWREx_EnterSHUTDOWNMode                       build/stm32l4xx_hal_pwr_ex.o
HAL_PWREx_EnterSTOP0Mode                          build/stm32l4xx_hal_pwr_ex.o
                                                  build/stm32l4xx_hal_pwr.o
HAL_PWREx_EnterSTOP1Mode                          build/stm32l4xx_hal_pwr_ex.o
                                                  build/stm32l4xx_hal_pwr.o
HAL_PWREx_EnterSTOP2Mode                          build/stm32l4xx_hal_pwr_ex.o
HAL_PWREx_GetVoltageRange                         build/stm32l4xx_hal_pwr_ex.o
                                                  build/stm32l4xx_hal_rcc.o
HAL_PWREx_PVD_PVM_IRQHandler                      build/stm32l4xx_hal_pwr_ex.o
HAL_PWREx_PVM1Callback                            build/stm32l4xx_hal_pwr_ex.o
HAL_PWREx_PVM3Callback                            build/stm32l4xx_hal_pwr_ex.o
HAL_PWREx_PVM4Callback                            build/stm32l4xx_hal_pwr_ex.o
HAL_PWREx_SetSRAM2ContentRetention                build/stm32l4xx_hal_pwr_ex.o
HAL_PWR_ConfigPVD                                 build/stm32l4xx_hal_pwr.o
HAL_PWR_DeInit                                    build/stm32l4xx_hal_pwr.o
HAL_PWR_DisableBkUpAccess                         build/stm32l4xx_hal_pwr.o
                                                  build/stm32l4xx_hal_rcc_ex.o
HAL_PWR_DisablePVD                                build/stm32l4xx_hal_pwr.o
HAL_PWR_DisableSEVOnPend                          build/stm32l4xx_hal_pwr.o
HAL_PWR_DisableSleepOnExit                        build/stm32l4xx_hal_pwr.o
HAL_PWR_DisableWakeUpPin                          build/stm32l4xx_hal_pwr.o
HAL_PWR_EnableBkUpAccess                          build/stm32l4xx_hal_pwr.o
                                                  build/stm32l4xx_hal_rcc_ex.o
HAL_PWR_EnablePVD                                 build/stm32l4xx_hal_pwr.o
HAL_PWR_EnableSEVOnPend                           build/stm32l4xx_hal_pwr.o
HAL_PWR_EnableSleepOnExit                         build/stm32l4xx_hal_pwr.o
HAL_PWR_EnableWakeUpPin                           build/stm32l4xx_hal_pwr.o
HAL_PWR_EnterSLEEPMode                            build/stm32l4xx_hal_pwr.o
HAL_PWR_EnterSTANDBYMode                          build/stm32l4xx_hal_pwr.o
HAL_PWR_EnterSTOPMode                             build/stm32l4xx_hal_pwr.o
HAL_PWR_PVDCallback                               build/stm32l4xx_hal_pwr.o
                                                  build/stm32l4xx_hal_pwr_ex.o
HAL_RCCEx_CRSConfig                               build/stm32l4xx_hal_rcc_ex.o
HAL_RCCEx_CRSGetSynchronizationInfo               build/stm32l4xx_hal_rcc_ex.o
HAL_RCCEx_CRSSoftwareSynchronizationGenerate      build/stm32l4xx_hal_rcc_ex.o
HAL_RCCEx_CRSWaitSynchronization                  build/stm32l4xx_hal_rcc_ex.o
HAL_RCCEx_CRS_ErrorCallback                       build/stm32l4xx_hal_rcc_ex.o
HAL_RCCEx_CRS_ExpectedSyncCallback                build/stm32l4xx_hal_rcc_ex.o
HAL_RCCEx_CRS_IRQHandler                          build/stm32l4xx_hal_rcc_ex.o
HAL_RCCEx_CRS_SyncOkCallback                      build/stm32l4xx_hal_rcc_ex.o
HAL_RCCEx_CRS_SyncWarnCallback                    build/stm32l4xx_hal_rcc_ex.o
HAL_RCCEx_DisableLSCO                             build/stm32l4xx_hal_rcc_ex.o
HAL_RCCEx_DisableLSECSS                           build/stm32l4xx_hal_rcc_ex.o
HAL_RCCEx_DisableMSIPLLMode                       build/stm32l4xx_hal_rcc_ex.o
HAL_RCCEx_DisablePLLSAI1                          build/stm32l4xx_hal_rcc_ex.o
HAL_RCCEx_EnableLSCO                              build/stm32l4xx_hal_rcc_ex.o
HAL_RCCEx_EnableLSECSS                            build/stm32l4xx_hal_rcc_ex.o
HAL_RCCEx_EnableLSECSS_IT                         build/stm32l4xx_hal_rcc_ex.o
HAL_RCCEx_EnableMSIPLLMode                        build/stm32l4xx_hal_rcc_ex.o
HAL_RCCEx_EnablePLLSAI1                           build/stm32l4xx_hal_rcc_ex.o
HAL_RCCEx_GetPeriphCLKConfig                      build/stm32l4xx_hal_rcc_ex.o
HAL_RCCEx_GetPeriphCLKFreq                        build/stm32l4xx_hal_rcc_ex.o
HAL_RCCEx_LSECSS_Callback                         build/stm32l4xx_hal_rcc_ex.o
HAL_RCCEx_LSECSS_IRQHandler                       build/stm32l4xx_hal_rcc_ex.o
HAL_RCCEx_PeriphCLKConfig                         build/stm32l4xx_hal_rcc_ex.o
                                                  build/main.o
HAL_RCCEx_StandbyMSIRangeConfig                   build/stm32l4xx_hal_rcc_ex.o
HAL_RCCEx_WakeUpStopCLKConfig                     build/stm32l4xx_hal_rcc_ex.o
HAL_RCC_CSSCallback                               build/stm32l4xx_hal_rcc.o
HAL_RCC_ClockConfig                               build/stm32l4xx_hal_rcc.o
                                                  build/main.o
HAL_RCC_DeInit                                    build/stm32l4xx_hal_rcc.o
HAL_RCC_EnableCSS                                 build/stm32l4xx_hal_rcc.o
HAL_RCC_GetClockConfig                            build/stm32l4xx_hal_rcc.o
HAL_RCC_GetHCLKFreq                               build/stm32l4xx_hal_rcc.o
HAL_RCC_GetOscConfig                              build/stm32l4xx_hal_rcc.o
HAL_RCC_GetPCLK1Freq                              build/stm32l4xx_hal_rcc.o
                                                  build/stm32l4xx_hal_uart.o
                                                  build/stm32l4xx_hal_rcc_ex.o
HAL_RCC_GetPCLK2Freq                              build/stm32l4xx_hal_rcc.o
                                                  build/stm32l4xx_hal_uart.o
                                                  build/stm32l4xx_hal_rcc_ex.o
HAL_RCC_GetSysClockFreq                           build/stm32l4xx_hal_rcc.o
                                                  build/stm32l4xx_hal_uart.o
                                                  build/stm32l4xx_hal_rcc_ex.o
HAL_RCC_MCOConfig                                 build/stm32l4xx_hal_rcc.o
HAL_RCC_NMI_IRQHandler                            build/stm32l4xx_hal_rcc.o
HAL_RCC_OscConfig                                 build/stm32l4xx_hal_rcc.o
                                                  build/main.o
HAL_RS485Ex_Init                                  build/stm32l4xx_hal_uart_ex.o
HAL_ResumeTick                                    build/stm32l4xx_hal.o
HAL_SYSCFG_DisableIOAnalogSwitchBooster           build/stm32l4xx_hal.o
HAL_SYSCFG_DisableMemorySwappingBank              build/stm32l4xx_hal.o
HAL_SYSCFG_EnableIOAnalogSwitchBooster            build/stm32l4xx_hal.o
HAL_SYSCFG_EnableMemorySwappingBank               build/stm32l4xx_hal.o
HAL_SYSCFG_SRAM2Erase                             build/stm32l4xx_hal.o
HAL_SYSTICK_CLKSourceConfig                       build/stm32l4xx_hal_cortex.o
HAL_SYSTICK_Callback                              build/stm32l4xx_hal_cortex.o
HAL_SYSTICK_Config                                build/stm32l4xx_hal_cortex.o
                                                  build/stm32l4xx_hal.o
HAL_SYSTICK_IRQHandler                            build/stm32l4xx_hal_cortex.o
HAL_SetTickFreq                                   build/stm32l4xx_hal.o
HAL_SuspendTick                                   build/stm32l4xx_hal.o
HAL_UARTEx_DisableClockStopMode                   build/stm32l4xx_hal_uart_ex.o
HAL_UARTEx_DisableStopMode                        build/stm32l4xx_hal_uart_ex.o
HAL_UARTEx_EnableClockStopMode                    build/stm32l4xx_hal_uart_ex.o
HAL_UARTEx_EnableStopMode                         build/stm32l4xx_hal_uart_ex.o
HAL_UARTEx_StopModeWakeUpSourceConfig             build/stm32l4xx_hal_uart_ex.o
HAL_UARTEx_WakeupCallback                         build/stm32l4xx_hal_uart_ex.o
                                                  build/stm32l4xx_hal_uart.o
HAL_UART_Abort                                    build/stm32l4xx_hal_uart.o
HAL_UART_AbortCpltCallback                        build/stm32l4xx_hal_uart.o
HAL_UART_AbortReceive                             build/stm32l4xx_hal_uart.o
HAL_UART_AbortReceiveCpltCallback                 build/stm32l4xx_hal_uart.o
HAL_UART_AbortReceive_IT                          build/stm32l4xx_hal_uart.o
HAL_UART_AbortTransmit                            build/stm32l4xx_hal_uart.o
HAL_UART_AbortTransmitCpltCallback                build/stm32l4xx_hal_uart.o
HAL_UART_AbortTransmit_IT                         build/stm32l4xx_hal_uart.o
HAL_UART_Abort_IT                                 build/stm32l4xx_hal_uart.o
HAL_UART_DMAPause                                 build/stm32l4xx_hal_uart.o
HAL_UART_DMAResume                                build/stm32l4xx_hal_uart.o
HAL_UART_DMAStop                                  build/stm32l4xx_hal_uart.o
HAL_UART_DeInit                                   build/stm32l4xx_hal_uart.o
HAL_UART_DisableReceiverTimeout                   build/stm32l4xx_hal_uart.o
HAL_UART_EnableReceiverTimeout                    build/stm32l4xx_hal_uart.o
HAL_UART_ErrorCallback                            build/stm32l4xx_hal_uart.o
HAL_UART_GetError                                 build/stm32l4xx_hal_uart.o
HAL_UART_GetState                                 build/stm32l4xx_hal_uart.o
HAL_UART_IRQHandler                               build/stm32l4xx_hal_uart.o
HAL_UART_Init                                     build/stm32l4xx_hal_uart.o
                                                  build/main.o
HAL_UART_MspDeInit                                build/stm32l4xx_hal_msp.o
HAL_UART_MspInit                                  build/stm32l4xx_hal_msp.o
                                                  build/stm32l4xx_hal_uart_ex.o
HAL_UART_Receive                                  build/stm32l4xx_hal_uart.o
HAL_UART_Receive_DMA                              build/stm32l4xx_hal_uart.o
HAL_UART_Receive_IT                               build/stm32l4xx_hal_uart.o
HAL_UART_ReceiverTimeout_Config                   build/stm32l4xx_hal_uart.o
HAL_UART_RxCpltCallback                           build/stm32l4xx_hal_uart.o
HAL_UART_RxHalfCpltCallback                       build/stm32l4xx_hal_uart.o
HAL_UART_Transmit                                 build/stm32l4xx_hal_uart.o
                                                  build/main.o
HAL_UART_Transmit_DMA                             build/stm32l4xx_hal_uart.o
HAL_UART_Transmit_IT                              build/stm32l4xx_hal_uart.o
HAL_UART_TxCpltCallback                           build/stm32l4xx_hal_uart.o
HAL_UART_TxHalfCpltCallback                       build/stm32l4xx_hal_uart.o
HardFault_Handler                                 build/stm32l4xx_it.o
I2C1_ER_IRQHandler                                build/startup_stm32l432xx.o
I2C1_EV_IRQHandler                                build/startup_stm32l432xx.o
I2C3_ER_IRQHandler                                build/startup_stm32l432xx.o
I2C3_EV_IRQHandler                                build/startup_stm32l432xx.o
LPTIM1_IRQHandler                                 build/startup_stm32l432xx.o
LPTIM2_IRQHandler                                 build/startup_stm32l432xx.o
LPUART1_IRQHandler                                build/startup_stm32l432xx.o
MSIRangeTable                                     build/system_stm32l4xx.o
                                                  build/stm32l4xx_hal_rcc_ex.o
                                                  build/stm32l4xx_hal_rcc.o
MemManage_Handler                                 build/stm32l4xx_it.o
NMI_Handler                                       build/stm32l4xx_it.o
PVD_PVM_IRQHandler                                build/startup_stm32l432xx.o
PendSV_Handler                                    build/stm32l4xx_it.o
QUADSPI_IRQHandler                                build/startup_stm32l432xx.o
RCC_IRQHandler                                    build/startup_stm32l432xx.o
RNG_IRQHandler                                    build/startup_stm32l432xx.o
RTC_Alarm_IRQHandler                              build/startup_stm32l432xx.o
RTC_WKUP_IRQHandler                               build/startup_stm32l432xx.o
Reset_Handler                                     build/startup_stm32l432xx.o
SAI1_IRQHandler                                   build/startup_stm32l432xx.o
SPI1_IRQHandler                                   build/startup_stm32l432xx.o
SPI3_IRQHandler                                   build/startup_stm32l432xx.o
SVC_Handler                                       build/stm32l4xx_it.o
SWPMI1_IRQHandler                                 build/startup_stm32l432xx.o
SysTick_Handler                                   build/stm32l4xx_it.o
SystemClock_Config                                build/main.o
SystemCoreClock                                   build/system_stm32l4xx.o
                                                  build/stm32l4xx_hal_adc_ex.o
                                                  build/stm32l4xx_hal_adc.o
                                                  build/stm32l4xx_hal_pwr_ex.o
                                                  build/stm32l4xx_hal_rcc.o
                                                  build/stm32l4xx_hal.o
SystemCoreClockUpdate                             build/system_stm32l4xx.o
SystemInit                                        build/system_stm32l4xx.o
                                                  build/startup_stm32l432xx.o
TAMP_STAMP_IRQHandler                             build/startup_stm32l432xx.o
TIM1_BRK_TIM15_IRQHandler                         build/startup_stm32l432xx.o
TIM1_CC_IRQHandler                                build/startup_stm32l432xx.o
TIM1_TRG_COM_IRQHandler                           build/startup_stm32l432xx.o
TIM1_UP_TIM16_IRQHandler                          build/startup_stm32l432xx.o
TIM2_IRQHandler                                   build/startup_stm32l432xx.o
TIM6_DAC_IRQHandler                               build/startup_stm32l432xx.o
TIM7_IRQHandler                                   build/startup_stm32l432xx.o
TSC_IRQHandler                                    build/startup_stm32l432xx.o
UART_AdvFeatureConfig                             build/stm32l4xx_hal_uart.o
                                                  build/stm32l4xx_hal_uart_ex.o
UART_CheckIdleState                               build/stm32l4xx_hal_uart.o
                                                  build/stm32l4xx_hal_uart_ex.o
UART_SetConfig                                    build/stm32l4xx_hal_uart.o
                                                  build/stm32l4xx_hal_uart_ex.o
UART_WaitOnFlagUntilTimeout                       build/stm32l4xx_hal_uart.o
                                                  build/stm32l4xx_hal_uart_ex.o
USART1_IRQHandler                                 build/startup_stm32l432xx.o
USART2_IRQHandler                                 build/startup_stm32l432xx.o
USB_IRQHandler                                    build/startup_stm32l432xx.o
UsageFault_Handler                                build/stm32l4xx_it.o
WWDG_IRQHandler                                   build/startup_stm32l432xx.o
__aeabi_idiv0                                     /home/garnet/gcc-arm-none-eabi-9-2019-q4-major/bin/../lib/gcc/arm-none-eabi/9.2.1/thumb/v7e-m+fp/hard/libgcc.a(_dvmd_tls.o)
__aeabi_ldiv0                                     /home/garnet/gcc-arm-none-eabi-9-2019-q4-major/bin/../lib/gcc/arm-none-eabi/9.2.1/thumb/v7e-m+fp/hard/libgcc.a(_dvmd_tls.o)
                                                  /home/garnet/gcc-arm-none-eabi-9-2019-q4-major/bin/../lib/gcc/arm-none-eabi/9.2.1/thumb/v7e-m+fp/hard/libgcc.a(_aeabi_uldivmod.o)
__aeabi_uldivmod                                  /home/garnet/gcc-arm-none-eabi-9-2019-q4-major/bin/../lib/gcc/arm-none-eabi/9.2.1/thumb/v7e-m+fp/hard/libgcc.a(_aeabi_uldivmod.o)
                                                  build/stm32l4xx_hal_uart.o
__bss_end__                                       /home/garnet/gcc-arm-none-eabi-9-2019-q4-major/bin/../lib/gcc/arm-none-eabi/9.2.1/../../../../arm-none-eabi/lib/thumb/v7e-m+fp/hard/crt0.o
__bss_start__                                     /home/garnet/gcc-arm-none-eabi-9-2019-q4-major/bin/../lib/gcc/arm-none-eabi/9.2.1/../../../../arm-none-eabi/lib/thumb/v7e-m+fp/hard/crt0.o
__call_exitprocs                                  /home/garnet/gcc-arm-none-eabi-9-2019-q4-major/bin/../lib/gcc/arm-none-eabi/9.2.1/../../../../arm-none-eabi/lib/thumb/v7e-m+fp/hard/libc_nano.a(lib_a-exit.o)
__deregister_frame_info                           /home/garnet/gcc-arm-none-eabi-9-2019-q4-major/bin/../lib/gcc/arm-none-eabi/9.2.1/thumb/v7e-m+fp/hard/crtbegin.o
__dso_handle                                      /home/garnet/gcc-arm-none-eabi-9-2019-q4-major/bin/../lib/gcc/arm-none-eabi/9.2.1/thumb/v7e-m+fp/hard/crtbegin.o
__init_array_end                                  /home/garnet/gcc-arm-none-eabi-9-2019-q4-major/bin/../lib/gcc/arm-none-eabi/9.2.1/../../../../arm-none-eabi/lib/thumb/v7e-m+fp/hard/libc_nano.a(lib_a-init.o)
__init_array_start                                /home/garnet/gcc-arm-none-eabi-9-2019-q4-major/bin/../lib/gcc/arm-none-eabi/9.2.1/../../../../arm-none-eabi/lib/thumb/v7e-m+fp/hard/libc_nano.a(lib_a-init.o)
__libc_fini_array                                 /home/garnet/gcc-arm-none-eabi-9-2019-q4-major/bin/../lib/gcc/arm-none-eabi/9.2.1/../../../../arm-none-eabi/lib/thumb/v7e-m+fp/hard/crt0.o
__libc_init_array                                 /home/garnet/gcc-arm-none-eabi-9-2019-q4-major/bin/../lib/gcc/arm-none-eabi/9.2.1/../../../../arm-none-eabi/lib/thumb/v7e-m+fp/hard/libc_nano.a(lib_a-init.o)
                                                  build/startup_stm32l432xx.o
                                                  /home/garnet/gcc-arm-none-eabi-9-2019-q4-major/bin/../lib/gcc/arm-none-eabi/9.2.1/../../../../arm-none-eabi/lib/thumb/v7e-m+fp/hard/crt0.o
__preinit_array_end                               /home/garnet/gcc-arm-none-eabi-9-2019-q4-major/bin/../lib/gcc/arm-none-eabi/9.2.1/../../../../arm-none-eabi/lib/thumb/v7e-m+fp/hard/libc_nano.a(lib_a-init.o)
__preinit_array_start                             /home/garnet/gcc-arm-none-eabi-9-2019-q4-major/bin/../lib/gcc/arm-none-eabi/9.2.1/../../../../arm-none-eabi/lib/thumb/v7e-m+fp/hard/libc_nano.a(lib_a-init.o)
__register_frame_info                             /home/garnet/gcc-arm-none-eabi-9-2019-q4-major/bin/../lib/gcc/arm-none-eabi/9.2.1/thumb/v7e-m+fp/hard/crtbegin.o
__sf_fake_stderr                                  /home/garnet/gcc-arm-none-eabi-9-2019-q4-major/bin/../lib/gcc/arm-none-eabi/9.2.1/../../../../arm-none-eabi/lib/thumb/v7e-m+fp/hard/libc_nano.a(lib_a-impure.o)
__sf_fake_stdin                                   /home/garnet/gcc-arm-none-eabi-9-2019-q4-major/bin/../lib/gcc/arm-none-eabi/9.2.1/../../../../arm-none-eabi/lib/thumb/v7e-m+fp/hard/libc_nano.a(lib_a-impure.o)
__sf_fake_stdout                                  /home/garnet/gcc-arm-none-eabi-9-2019-q4-major/bin/../lib/gcc/arm-none-eabi/9.2.1/../../../../arm-none-eabi/lib/thumb/v7e-m+fp/hard/libc_nano.a(lib_a-impure.o)
__stack                                           /home/garnet/gcc-arm-none-eabi-9-2019-q4-major/bin/../lib/gcc/arm-none-eabi/9.2.1/../../../../arm-none-eabi/lib/thumb/v7e-m+fp/hard/crt0.o
__udivmoddi4                                      /home/garnet/gcc-arm-none-eabi-9-2019-q4-major/bin/../lib/gcc/arm-none-eabi/9.2.1/thumb/v7e-m+fp/hard/libgcc.a(_udivmoddi4.o)
                                                  /home/garnet/gcc-arm-none-eabi-9-2019-q4-major/bin/../lib/gcc/arm-none-eabi/9.2.1/thumb/v7e-m+fp/hard/libgcc.a(_aeabi_uldivmod.o)
_ebss                                             build/startup_stm32l432xx.o
_edata                                            build/startup_stm32l432xx.o
_estack                                           build/startup_stm32l432xx.o
_exit                                             /home/garnet/gcc-arm-none-eabi-9-2019-q4-major/bin/../lib/gcc/arm-none-eabi/9.2.1/../../../../arm-none-eabi/lib/thumb/v7e-m+fp/hard/libnosys.a(_exit.o)
                                                  /home/garnet/gcc-arm-none-eabi-9-2019-q4-major/bin/../lib/gcc/arm-none-eabi/9.2.1/../../../../arm-none-eabi/lib/thumb/v7e-m+fp/hard/libc_nano.a(lib_a-exit.o)
_fini                                             /home/garnet/gcc-arm-none-eabi-9-2019-q4-major/bin/../lib/gcc/arm-none-eabi/9.2.1/thumb/v7e-m+fp/hard/crti.o
_global_impure_ptr                                /home/garnet/gcc-arm-none-eabi-9-2019-q4-major/bin/../lib/gcc/arm-none-eabi/9.2.1/../../../../arm-none-eabi/lib/thumb/v7e-m+fp/hard/libc_nano.a(lib_a-impure.o)
                                                  /home/garnet/gcc-arm-none-eabi-9-2019-q4-major/bin/../lib/gcc/arm-none-eabi/9.2.1/../../../../arm-none-eabi/lib/thumb/v7e-m+fp/hard/libc_nano.a(lib_a-exit.o)
_impure_ptr                                       /home/garnet/gcc-arm-none-eabi-9-2019-q4-major/bin/../lib/gcc/arm-none-eabi/9.2.1/../../../../arm-none-eabi/lib/thumb/v7e-m+fp/hard/libc_nano.a(lib_a-impure.o)
_init                                             /home/garnet/gcc-arm-none-eabi-9-2019-q4-major/bin/../lib/gcc/arm-none-eabi/9.2.1/thumb/v7e-m+fp/hard/crti.o
                                                  /home/garnet/gcc-arm-none-eabi-9-2019-q4-major/bin/../lib/gcc/arm-none-eabi/9.2.1/../../../../arm-none-eabi/lib/thumb/v7e-m+fp/hard/libc_nano.a(lib_a-init.o)
_mainCRTStartup                                   /home/garnet/gcc-arm-none-eabi-9-2019-q4-major/bin/../lib/gcc/arm-none-eabi/9.2.1/../../../../arm-none-eabi/lib/thumb/v7e-m+fp/hard/crt0.o
_sbss                                             build/startup_stm32l432xx.o
_sdata                                            build/startup_stm32l432xx.o
_sidata                                           build/startup_stm32l432xx.o
_start                                            /home/garnet/gcc-arm-none-eabi-9-2019-q4-major/bin/../lib/gcc/arm-none-eabi/9.2.1/../../../../arm-none-eabi/lib/thumb/v7e-m+fp/hard/crt0.o
adc_value                                         build/stm32l4xx_hal_msp.o
                                                  build/stm32l4xx_it.o
                                                  build/main.o
atexit                                            /home/garnet/gcc-arm-none-eabi-9-2019-q4-major/bin/../lib/gcc/arm-none-eabi/9.2.1/../../../../arm-none-eabi/lib/thumb/v7e-m+fp/hard/crt0.o
debugPrintln                                      build/main.o
exit                                              /home/garnet/gcc-arm-none-eabi-9-2019-q4-major/bin/../lib/gcc/arm-none-eabi/9.2.1/../../../../arm-none-eabi/lib/thumb/v7e-m+fp/hard/libc_nano.a(lib_a-exit.o)
                                                  /home/garnet/gcc-arm-none-eabi-9-2019-q4-major/bin/../lib/gcc/arm-none-eabi/9.2.1/../../../../arm-none-eabi/lib/thumb/v7e-m+fp/hard/crt0.o
g_pfnVectors                                      build/startup_stm32l432xx.o
hadc1                                             build/stm32l4xx_hal_msp.o
                                                  build/stm32l4xx_it.o
                                                  build/main.o
hardware_init_hook                                /home/garnet/gcc-arm-none-eabi-9-2019-q4-major/bin/../lib/gcc/arm-none-eabi/9.2.1/../../../../arm-none-eabi/lib/thumb/v7e-m+fp/hard/crt0.o
hdac1                                             build/stm32l4xx_hal_msp.o
                                                  build/stm32l4xx_it.o
                                                  build/main.o